Archive member included to satisfy reference by file (symbol)

app/libapp.a(stdlib.c.obj)    (--whole-archive)
app/libapp.a(activity.c.obj)  (--whole-archive)
app/libapp.a(kscan.c.obj)     (--whole-archive)
app/libapp.a(matrix_transform.c.obj)
                              (--whole-archive)
app/libapp.a(sensors.c.obj)   (--whole-archive)
app/libapp.a(event_manager.c.obj)
                              (--whole-archive)
app/libapp.a(ext_power_generic.c.obj)
                              (--whole-archive)
app/libapp.a(activity_state_changed.c.obj)
                              (--whole-archive)
app/libapp.a(position_state_changed.c.obj)
                              (--whole-archive)
app/libapp.a(sensor_event.c.obj)
                              (--whole-archive)
app/libapp.a(usb_conn_state_changed.c.obj)
                              (--whole-archive)
app/libapp.a(behavior_reset.c.obj)
                              (--whole-archive)
app/libapp.a(behavior_ext_power.c.obj)
                              (--whole-archive)
app/libapp.a(hid.c.obj)       (--whole-archive)
app/libapp.a(behavior_key_press.c.obj)
                              (--whole-archive)
app/libapp.a(behavior_hold_tap.c.obj)
                              (--whole-archive)
app/libapp.a(behavior_sticky_key.c.obj)
                              (--whole-archive)
app/libapp.a(behavior_caps_word.c.obj)
                              (--whole-archive)
app/libapp.a(behavior_key_repeat.c.obj)
                              (--whole-archive)
app/libapp.a(behavior_macro.c.obj)
                              (--whole-archive)
app/libapp.a(behavior_momentary_layer.c.obj)
                              (--whole-archive)
app/libapp.a(behavior_mod_morph.c.obj)
                              (--whole-archive)
app/libapp.a(behavior_outputs.c.obj)
                              (--whole-archive)
app/libapp.a(behavior_tap_dance.c.obj)
                              (--whole-archive)
app/libapp.a(behavior_toggle_layer.c.obj)
                              (--whole-archive)
app/libapp.a(behavior_to_layer.c.obj)
                              (--whole-archive)
app/libapp.a(behavior_transparent.c.obj)
                              (--whole-archive)
app/libapp.a(behavior_none.c.obj)
                              (--whole-archive)
app/libapp.a(behavior_sensor_rotate_key_press.c.obj)
                              (--whole-archive)
app/libapp.a(combo.c.obj)     (--whole-archive)
app/libapp.a(behavior_queue.c.obj)
                              (--whole-archive)
app/libapp.a(conditional_layer.c.obj)
                              (--whole-archive)
app/libapp.a(endpoints.c.obj)
                              (--whole-archive)
app/libapp.a(endpoint_selection_changed.c.obj)
                              (--whole-archive)
app/libapp.a(hid_listener.c.obj)
                              (--whole-archive)
app/libapp.a(keymap.c.obj)    (--whole-archive)
app/libapp.a(layer_state_changed.c.obj)
                              (--whole-archive)
app/libapp.a(modifiers_state_changed.c.obj)
                              (--whole-archive)
app/libapp.a(keycode_state_changed.c.obj)
                              (--whole-archive)
app/libapp.a(ble_active_profile_changed.c.obj)
                              (--whole-archive)
app/libapp.a(behavior_bt.c.obj)
                              (--whole-archive)
app/libapp.a(ble.c.obj)       (--whole-archive)
app/libapp.a(hog.c.obj)       (--whole-archive)
app/libapp.a(battery_state_changed.c.obj)
                              (--whole-archive)
app/libapp.a(battery.c.obj)   (--whole-archive)
app/libapp.a(split_peripheral_status_changed.c.obj)
                              (--whole-archive)
app/libapp.a(central.c.obj)   (--whole-archive)
app/libapp.a(usb.c.obj)       (--whole-archive)
app/libapp.a(usb_hid.c.obj)   (--whole-archive)
app/libapp.a(main.c.obj)      (--whole-archive)
zephyr/libzephyr.a(cbprintf.c.obj)
                              (--whole-archive)
zephyr/libzephyr.a(cbprintf_packaged.c.obj)
                              (--whole-archive)
zephyr/libzephyr.a(crc32c_sw.c.obj)
                              (--whole-archive)
zephyr/libzephyr.a(crc32_sw.c.obj)
                              (--whole-archive)
zephyr/libzephyr.a(crc16_sw.c.obj)
                              (--whole-archive)
zephyr/libzephyr.a(crc8_sw.c.obj)
                              (--whole-archive)
zephyr/libzephyr.a(crc7_sw.c.obj)
                              (--whole-archive)
zephyr/libzephyr.a(dec.c.obj)
                              (--whole-archive)
zephyr/libzephyr.a(fdtable.c.obj)
                              (--whole-archive)
zephyr/libzephyr.a(hex.c.obj)
                              (--whole-archive)
zephyr/libzephyr.a(notify.c.obj)
                              (--whole-archive)
zephyr/libzephyr.a(printk.c.obj)
                              (--whole-archive)
zephyr/libzephyr.a(onoff.c.obj)
                              (--whole-archive)
[...]
Memory Configuration

Name             Origin             Length             Attributes
FLASH            0x0000000000026000 0x00000000000c6000 xr
SRAM             0x0000000020000000 0x0000000000040000 xw
IDT_LIST         0x00000000fffff7ff 0x0000000000000800 xw
*default*        0x0000000000000000 0xffffffffffffffff

Linker script and memory map

LOAD zephyr/CMakeFiles/zephyr_pre1.dir/misc/empty_file.c.obj
LOAD zephyr/CMakeFiles/zephyr_pre1.dir/dev_handles.c.obj
LOAD zephyr/CMakeFiles/offsets.dir/./arch/arm/core/offsets/offsets.c.obj
                0x0000000000000020                _region_min_align = 0x20

.rel.plt        0x0000000000026000        0x0
 *(SORT_BY_ALIGNMENT(.rel.plt))
                [!provide]                        PROVIDE (__rel_iplt_start = .)
 *(SORT_BY_ALIGNMENT(.rel.iplt))
 .rel.iplt      0x0000000000026000        0x0 app/libapp.a(stdlib.c.obj)
                [!provide]                        PROVIDE (__rel_iplt_end = .)

.rela.plt       0x0000000000000000        0x0
 *(SORT_BY_ALIGNMENT(.rela.plt))
                [!provide]                        PROVIDE (__rela_iplt_start = .)
 *(SORT_BY_ALIGNMENT(.rela.iplt))
                [!provide]                        PROVIDE (__rela_iplt_end = .)

.rel.dyn
 *(SORT_BY_ALIGNMENT(.rel.*))

.rela.dyn
 *(SORT_BY_ALIGNMENT(.rela.*))

/DISCARD/
 *(SORT_BY_ALIGNMENT(.plt))

/DISCARD/
 *(SORT_BY_ALIGNMENT(.iplt))
                0x0000000000026000                __rom_region_start = 0x26000

rom_start       0x0000000000026000      0x100
                0x0000000000000000                . = 0x0
                0x0000000000000000                . = ALIGN (0x4)
                0x0000000000000000                . = ALIGN (0x80)
                0x0000000000000000                . = ALIGN (0x100)
                0x0000000000026000                _vector_start = .
 *(SORT_BY_ALIGNMENT(.exc_vector_table))
 *(SORT_BY_ALIGNMENT(.exc_vector_table.*))
 .exc_vector_table._vector_table_section
                0x0000000000026000       0x40 zephyr/arch/arch/arm/core/aarch32/cortex_m/libarch__arm__core__aarch32__cortex_m.a(vector_table.S.obj)
                0x0000000000026000                _vector_table
 *(SORT_BY_ALIGNMENT(.gnu.linkonce.irq_vector_table*))
 .gnu.linkonce.irq_vector_table
                0x0000000000026040       0xc0 zephyr/arch/common/libisr_tables.a(isr_tables.c.obj)
                0x0000000000026040                _irq_vector_table
 *(SORT_BY_ALIGNMENT(.vectors))
                0x0000000000026100                _vector_end = .

text            0x0000000000026100    0x2ade8
                0x0000000000026100                __text_region_start = .
 *(SORT_BY_ALIGNMENT(.text))
 .text          0x0000000000026100       0x30 /Applications/ArmGNUToolchain/11.3.rel1/arm-none-eabi/bin/../lib/gcc/arm-none-eabi/11.3.1/thumb/v7e-m/nofp/libgcc.a(_aeabi_uldivmod.o)
                0x0000000000026100                __aeabi_uldivmod
 .text          0x0000000000026130        0x4 /Applications/ArmGNUToolchain/11.3.rel1/arm-none-eabi/bin/../lib/gcc/arm-none-eabi/11.3.1/thumb/v7e-m/nofp/libgcc.a(_dvmd_tls.o)
                0x0000000000026130                __aeabi_ldiv0
                0x0000000000026130                __aeabi_idiv0
 *(SORT_BY_ALIGNMENT(.text.*))
 *fill*         0x0000000000026134        0x4 
 .text.bt_init  0x0000000000026138      0x428 zephyr/subsys/bluetooth/host/libsubsys__bluetooth__host.a(hci_core.c.obj)
 .text.ull_drift_ticks_get
                0x0000000000026560       0x94 zephyr/subsys/bluetooth/controller/libsubsys__bluetooth__controller.a(ull.c.obj)
                0x0000000000026560                ull_drift_ticks_get
 *fill*         0x00000000000265f4        0x4 
 .text.ll_adv_enable
                0x00000000000265f8      0x4a8 zephyr/subsys/bluetooth/controller/libsubsys__bluetooth__controller.a(ull_adv.c.obj)
                0x00000000000265f8                ll_adv_enable
 .text.ull_adv_time_update
                0x0000000000026aa0       0xb0 zephyr/subsys/bluetooth/controller/libsubsys__bluetooth__controller.a(ull_adv.c.obj)
                0x0000000000026aa0                ull_adv_time_update
 .text.ll_scan_params_set
                0x0000000000026b50       0x70 zephyr/subsys/bluetooth/controller/libsubsys__bluetooth__controller.a(ull_scan.c.obj)
                0x0000000000026b50                ll_scan_params_set
 .text.ull_scan_params_set
                0x0000000000026bc0       0x54 zephyr/subsys/bluetooth/controller/libsubsys__bluetooth__controller.a(ull_scan.c.obj)
                0x0000000000026bc0                ull_scan_params_set
 *fill*         0x0000000000026c14        0x4 
 .text.ull_scan_enable
                0x0000000000026c18      0x178 zephyr/subsys/bluetooth/controller/libsubsys__bluetooth__controller.a(ull_scan.c.obj)
                0x0000000000026c18                ull_scan_enable
 .text.event_conn_upd_prep
                0x0000000000026d90      0x744 zephyr/subsys/bluetooth/controller/libsubsys__bluetooth__controller.a(ull_conn.c.obj)
 *fill*         0x00000000000274d4        0x4 
 .text.ull_periph_setup
                0x00000000000274d8      0x4d4 zephyr/subsys/bluetooth/controller/libsubsys__bluetooth__controller.a(ull_peripheral.c.obj)
                0x00000000000274d8                ull_periph_setup
 *fill*         0x00000000000279ac        0x4 
 .text.ll_create_connection
                0x00000000000279b0      0x4d0 zephyr/subsys/bluetooth/controller/libsubsys__bluetooth__controller.a(ull_central.c.obj)
                0x00000000000279b0                ll_create_connection
 .text.ull_central_setup
                0x0000000000027e80      0x280 zephyr/subsys/bluetooth/controller/libsubsys__bluetooth__controller.a(ull_central.c.obj)
                0x0000000000027e80                ull_central_setup
 .text.ull_sched_after_mstr_slot_get
                0x0000000000028100      0x134 zephyr/subsys/bluetooth/controller/libsubsys__bluetooth__controller.a(ull_sched.c.obj)
                0x0000000000028100                ull_sched_after_mstr_slot_get
 *fill*         0x0000000000028234        0x4 
 .text.after_mstr_offset_get
                0x0000000000028238       0x94 zephyr/subsys/bluetooth/controller/libsubsys__bluetooth__controller.a(ull_sched.c.obj)
 *fill*         0x00000000000282cc        0x4 
 .text.ull_sched_mfy_win_offset_select
                0x00000000000282d0      0x114 zephyr/subsys/bluetooth/controller/libsubsys__bluetooth__controller.a(ull_sched.c.obj)
                0x00000000000282d0                ull_sched_mfy_win_offset_select
 *fill*         0x00000000000283e4        0x4 
 .text.isr_window
                0x00000000000283e8       0x9c zephyr/subsys/bluetooth/controller/libsubsys__bluetooth__controller.a(lll_scan.c.obj)
 *fill*         0x0000000000028484        0x4 
 .text.isr_rx   0x0000000000028488      0x558 zephyr/subsys/bluetooth/controller/libsubsys__bluetooth__controller.a(lll_scan.c.obj)
 .text.nrf_flash_sync_exe
                0x00000000000289e0       0xf8 zephyr/drivers/flash/libdrivers__flash.a(soc_flash_nrf_ticker.c.obj)
                0x00000000000289e0                nrf_flash_sync_exe
 .text.nrf_flash_sync_check_time_limit
                0x0000000000028ad8       0x48 zephyr/drivers/flash/libdrivers__flash.a(soc_flash_nrf_ticker.c.obj)
                0x0000000000028ad8                nrf_flash_sync_check_time_limit
 .text.activity_expiry_function
                0x0000000000028b20        0xc app/libapp.a(activity.c.obj)
                0x0000000000028b20                activity_expiry_function
 .text.activity_init
                0x0000000000028b2c       0x3c app/libapp.a(activity.c.obj)
                0x0000000000028b2c                activity_init
 .text.raise_event
                0x0000000000028b68       0x18 app/libapp.a(activity.c.obj)
                0x0000000000028b68                raise_event
 .text.set_state
                0x0000000000028b80       0x18 app/libapp.a(activity.c.obj)
                0x0000000000028b80                set_state
 .text.activity_event_listener
                0x0000000000028b98       0x2c app/libapp.a(activity.c.obj)
                0x0000000000028b98                activity_event_listener
 .text.activity_work_handler
                0x0000000000028bc4       0x38 app/libapp.a(activity.c.obj)
                0x0000000000028bc4                activity_work_handler
 .text.zmk_kscan_process_msgq
                0x0000000000028bfc       0x68 app/libapp.a(kscan.c.obj)
                0x0000000000028bfc                zmk_kscan_process_msgq
 .text.zmk_kscan_callback
                0x0000000000028c64       0x2c app/libapp.a(kscan.c.obj)
 .text.zmk_kscan_init
                0x0000000000028c90       0x40 app/libapp.a(kscan.c.obj)
                0x0000000000028c90                zmk_kscan_init
 .text.zmk_matrix_transform_row_column_to_position
                0x0000000000028cd0       0x14 app/libapp.a(matrix_transform.c.obj)
                0x0000000000028cd0                zmk_matrix_transform_row_column_to_position
 .text.zmk_event_manager_handle_from
                0x0000000000028ce4       0x5c app/libapp.a(event_manager.c.obj)
                0x0000000000028ce4                zmk_event_manager_handle_from
 .text.ext_power_generic_init
                0x0000000000028d40       0xbc app/libapp.a(ext_power_generic.c.obj)
 .text.ext_power_save_state_work
                0x0000000000028dfc       0x30 app/libapp.a(ext_power_generic.c.obj)
 .text.ext_power_save_state
                0x0000000000028e2c       0x18 app/libapp.a(ext_power_generic.c.obj)
                0x0000000000028e2c                ext_power_save_state
 .text.ext_power_settings_set
                0x0000000000028e44       0x64 app/libapp.a(ext_power_generic.c.obj)
 .text.new_zmk_activity_state_changed
                0x0000000000028ea8       0x18 app/libapp.a(activity_state_changed.c.obj)
                0x0000000000028ea8                new_zmk_activity_state_changed
 .text.new_zmk_position_state_changed
                0x0000000000028ec0       0x38 app/libapp.a(position_state_changed.c.obj)
                0x0000000000028ec0                new_zmk_position_state_changed
 .text.as_zmk_position_state_changed
                0x0000000000028ef8       0x14 app/libapp.a(position_state_changed.c.obj)
                0x0000000000028ef8                as_zmk_position_state_changed
 .text.new_zmk_usb_conn_state_changed
                0x0000000000028f0c       0x18 app/libapp.a(usb_conn_state_changed.c.obj)
                0x0000000000028f0c                new_zmk_usb_conn_state_changed
 .text.on_keymap_binding_pressed
                0x0000000000028f24       0x58 app/libapp.a(behavior_ext_power.c.obj)
 .text.on_keymap_binding_convert_central_state_dependent_params
                0x0000000000028f7c       0x3c app/libapp.a(behavior_ext_power.c.obj)
 .text.zmk_hid_register_mod
                0x0000000000028fb8       0x34 app/libapp.a(hid.c.obj)
                0x0000000000028fb8                zmk_hid_register_mod
 .text.zmk_hid_unregister_mod
                0x0000000000028fec       0x44 app/libapp.a(hid.c.obj)
                0x0000000000028fec                zmk_hid_unregister_mod
 .text.zmk_hid_implicit_modifiers_press
                0x0000000000029030       0x1c app/libapp.a(hid.c.obj)
                0x0000000000029030                zmk_hid_implicit_modifiers_press
 .text.zmk_hid_implicit_modifiers_release
                0x000000000002904c       0x1c app/libapp.a(hid.c.obj)
                0x000000000002904c                zmk_hid_implicit_modifiers_release
 .text.zmk_hid_keyboard_press
                0x0000000000029068       0x30 app/libapp.a(hid.c.obj)
                0x0000000000029068                zmk_hid_keyboard_press
 .text.zmk_hid_keyboard_release
                0x0000000000029098       0x34 app/libapp.a(hid.c.obj)
                0x0000000000029098                zmk_hid_keyboard_release
 .text.zmk_hid_keyboard_clear
                0x00000000000290cc       0x10 app/libapp.a(hid.c.obj)
                0x00000000000290cc                zmk_hid_keyboard_clear
 .text.zmk_hid_consumer_press
                0x00000000000290dc       0x28 app/libapp.a(hid.c.obj)
                0x00000000000290dc                zmk_hid_consumer_press
 .text.zmk_hid_consumer_release
                0x0000000000029104       0x28 app/libapp.a(hid.c.obj)
                0x0000000000029104                zmk_hid_consumer_release
 .text.zmk_hid_consumer_clear
                0x000000000002912c       0x10 app/libapp.a(hid.c.obj)
                0x000000000002912c                zmk_hid_consumer_clear
 .text.zmk_hid_get_keyboard_report
                0x000000000002913c        0x8 app/libapp.a(hid.c.obj)
                0x000000000002913c                zmk_hid_get_keyboard_report
 .text.zmk_hid_get_consumer_report
                0x0000000000029144        0x8 app/libapp.a(hid.c.obj)
                0x0000000000029144                zmk_hid_get_consumer_report
 .text.send_keyboard_report
                0x000000000002914c       0x30 app/libapp.a(endpoints.c.obj)
 .text.send_consumer_report
                0x000000000002917c       0x30 app/libapp.a(endpoints.c.obj)
 .text.endpoints_save_preferred_work
                0x00000000000291ac       0x14 app/libapp.a(endpoints.c.obj)
 .text.zmk_endpoints_init
                0x00000000000291c0       0x34 app/libapp.a(endpoints.c.obj)
 .text.update_current_endpoint
                0x00000000000291f4       0x58 app/libapp.a(endpoints.c.obj)
 .text.endpoints_handle_set
                0x000000000002924c       0x38 app/libapp.a(endpoints.c.obj)
 .text.new_zmk_endpoint_selection_changed
                0x0000000000029284       0x18 app/libapp.a(endpoint_selection_changed.c.obj)
                0x0000000000029284                new_zmk_endpoint_selection_changed
 .text.set_layer_state
                0x000000000002929c       0x68 app/libapp.a(keymap.c.obj)
 .text.zmk_keymap_apply_position_state
                0x0000000000029304      0x100 app/libapp.a(keymap.c.obj)
                0x0000000000029304                zmk_keymap_apply_position_state
 .text.zmk_keymap_position_state_changed
                0x0000000000029404       0x54 app/libapp.a(keymap.c.obj)
                0x0000000000029404                zmk_keymap_position_state_changed
 .text.new_zmk_layer_state_changed
                0x0000000000029458       0x2c app/libapp.a(layer_state_changed.c.obj)
                0x0000000000029458                new_zmk_layer_state_changed
 .text.new_zmk_keycode_state_changed
                0x0000000000029484       0x38 app/libapp.a(keycode_state_changed.c.obj)
                0x0000000000029484                new_zmk_keycode_state_changed
 .text.as_zmk_keycode_state_changed
                0x00000000000294bc       0x14 app/libapp.a(keycode_state_changed.c.obj)
                0x00000000000294bc                as_zmk_keycode_state_changed
 .text.new_zmk_ble_active_profile_changed
                0x00000000000294d0       0x2c app/libapp.a(ble_active_profile_changed.c.obj)
                0x00000000000294d0                new_zmk_ble_active_profile_changed
 .text.raise_profile_changed_event
                0x00000000000294fc       0x30 app/libapp.a(ble.c.obj)
 .text.ble_save_profile_work
                0x000000000002952c       0x14 app/libapp.a(ble.c.obj)
 .text.bt_addr_le_to_str.constprop.0.isra.0
                0x0000000000029540       0x78 app/libapp.a(ble.c.obj)
 .text.ble_profiles_handle_set
                0x00000000000295b8       0xbc app/libapp.a(ble.c.obj)
 .text.disconnected
                0x0000000000029674       0x5c app/libapp.a(ble.c.obj)
 .text.zmk_ble_active_profile_is_open
                0x00000000000296d0       0x34 app/libapp.a(ble.c.obj)
                0x00000000000296d0                zmk_ble_active_profile_is_open
 .text.set_profile_address
                0x0000000000029704       0x58 app/libapp.a(ble.c.obj)
                0x0000000000029704                set_profile_address
 .text.zmk_ble_active_profile_is_connected
                0x000000000002975c       0x44 app/libapp.a(ble.c.obj)
                0x000000000002975c                zmk_ble_active_profile_is_connected
 .text.update_advertising
                0x00000000000297a0       0xac app/libapp.a(ble.c.obj)
                0x00000000000297a0                update_advertising
 .text.auth_pairing_complete
                0x000000000002984c       0x44 app/libapp.a(ble.c.obj)
 .text.connected
                0x0000000000029890       0x74 app/libapp.a(ble.c.obj)
 .text.zmk_ble_init
                0x0000000000029904       0x60 app/libapp.a(ble.c.obj)
 .text.zmk_ble_clear_bonds
                0x0000000000029964       0x58 app/libapp.a(ble.c.obj)
                0x0000000000029964                zmk_ble_clear_bonds
 .text.zmk_ble_prof_select
                0x00000000000299bc       0x38 app/libapp.a(ble.c.obj)
                0x00000000000299bc                zmk_ble_prof_select
 .text.zmk_ble_prof_next
                0x00000000000299f4       0x1c app/libapp.a(ble.c.obj)
                0x00000000000299f4                zmk_ble_prof_next
 .text.zmk_ble_prof_prev
                0x0000000000029a10       0x1c app/libapp.a(ble.c.obj)
                0x0000000000029a10                zmk_ble_prof_prev
 .text.zmk_ble_active_profile_addr
                0x0000000000029a2c       0x18 app/libapp.a(ble.c.obj)
                0x0000000000029a2c                zmk_ble_active_profile_addr
 .text.zmk_ble_set_peripheral_addr
                0x0000000000029a44       0x24 app/libapp.a(ble.c.obj)
                0x0000000000029a44                zmk_ble_set_peripheral_addr
 .text.read_hids_report_map
                0x0000000000029a68       0x1c app/libapp.a(hog.c.obj)
 .text.zmk_hog_init
                0x0000000000029a84       0x28 app/libapp.a(hog.c.obj)
                0x0000000000029a84                zmk_hog_init
 .text.send_keyboard_report_callback
                0x0000000000029aac       0x58 app/libapp.a(hog.c.obj)
                0x0000000000029aac                send_keyboard_report_callback
 .text.send_consumer_report_callback
                0x0000000000029b04       0x5c app/libapp.a(hog.c.obj)
                0x0000000000029b04                send_consumer_report_callback
 .text.zmk_hog_send_keyboard_report
                0x0000000000029b60       0x4c app/libapp.a(hog.c.obj)
                0x0000000000029b60                zmk_hog_send_keyboard_report
 .text.zmk_hog_send_consumer_report
                0x0000000000029bac       0x50 app/libapp.a(hog.c.obj)
                0x0000000000029bac                zmk_hog_send_consumer_report
 .text.new_zmk_battery_state_changed
                0x0000000000029bfc       0x18 app/libapp.a(battery_state_changed.c.obj)
                0x0000000000029bfc                new_zmk_battery_state_changed
 .text.zmk_battery_timer
                0x0000000000029c14        0xc app/libapp.a(battery.c.obj)
 .text.zmk_battery_update.constprop.0
                0x0000000000029c20       0x48 app/libapp.a(battery.c.obj)
 .text.zmk_battery_init
                0x0000000000029c68       0x38 app/libapp.a(battery.c.obj)
 .text.start_scan
                0x0000000000029ca0       0x24 app/libapp.a(central.c.obj)
 .text.zmk_split_bt_central_init
                0x0000000000029cc4       0x30 app/libapp.a(central.c.obj)
                0x0000000000029cc4                zmk_split_bt_central_init
 .text.split_bt_invoke_behavior_payload
                0x0000000000029cf4       0x60 app/libapp.a(central.c.obj)
 .text.bt_addr_le_to_str.constprop.0.isra.0
                0x0000000000029d54       0x78 app/libapp.a(central.c.obj)
 .text.split_central_device_found
                0x0000000000029dcc       0x28 app/libapp.a(central.c.obj)
 .text.peripheral_event_work_callback
                0x0000000000029df4       0x38 app/libapp.a(central.c.obj)
                0x0000000000029df4                peripheral_event_work_callback
 .text.split_central_split_run_callback
                0x0000000000029e2c       0x4c app/libapp.a(central.c.obj)
                0x0000000000029e2c                split_central_split_run_callback
 .text.peripheral_slot_index_for_conn
                0x0000000000029e78       0x14 app/libapp.a(central.c.obj)
                0x0000000000029e78                peripheral_slot_index_for_conn
 .text.peripheral_slot_for_conn
                0x0000000000029e8c       0x1c app/libapp.a(central.c.obj)
                0x0000000000029e8c                peripheral_slot_for_conn
 .text.split_central_process_connection
                0x0000000000029ea8       0x54 app/libapp.a(central.c.obj)
 .text.split_central_service_discovery_func
                0x0000000000029efc       0x80 app/libapp.a(central.c.obj)
 .text.split_central_notify_func
                0x0000000000029f7c       0xc4 app/libapp.a(central.c.obj)
 .text.split_central_chrc_discovery_func
                0x000000000002a040       0xe8 app/libapp.a(central.c.obj)
 .text.release_peripheral_slot
                0x000000000002a128       0xbc app/libapp.a(central.c.obj)
                0x000000000002a128                release_peripheral_slot
 .text.reserve_peripheral_slot
                0x000000000002a1e4       0x20 app/libapp.a(central.c.obj)
                0x000000000002a1e4                reserve_peripheral_slot
 .text.split_central_eir_found
                0x000000000002a204      0x118 app/libapp.a(central.c.obj)
 .text.confirm_peripheral_slot_conn
                0x000000000002a31c       0x1c app/libapp.a(central.c.obj)
                0x000000000002a31c                confirm_peripheral_slot_conn
 .text.usb_status_cb
                0x000000000002a338       0x14 app/libapp.a(usb.c.obj)
                0x000000000002a338                usb_status_cb
 .text.zmk_usb_init
                0x000000000002a34c       0x18 app/libapp.a(usb.c.obj)
 .text.zmk_usb_get_status
                0x000000000002a364        0xc app/libapp.a(usb.c.obj)
                0x000000000002a364                zmk_usb_get_status
 .text.zmk_usb_get_conn_state
                0x000000000002a370       0x28 app/libapp.a(usb.c.obj)
                0x000000000002a370                zmk_usb_get_conn_state
 .text.zmk_usb_hid_init
                0x000000000002a398       0x38 app/libapp.a(usb_hid.c.obj)
 .text.in_ready_cb
                0x000000000002a3d0        0xc app/libapp.a(usb_hid.c.obj)
 .text.zmk_usb_hid_send_report
                0x000000000002a3dc       0x5c app/libapp.a(usb_hid.c.obj)
                0x000000000002a3dc                zmk_usb_hid_send_report
 .text.main     0x000000000002a438        0xc app/libapp.a(main.c.obj)
                0x000000000002a438                main
 .text.crc8_ccitt
                0x000000000002a444       0x2c zephyr/libzephyr.a(crc8_sw.c.obj)
                0x000000000002a444                crc8_ccitt
 .text.char_out
                0x000000000002a470       0x10 zephyr/libzephyr.a(printk.c.obj)
 .text.vprintk  0x000000000002a480       0x1c zephyr/libzephyr.a(printk.c.obj)
                0x000000000002a480                vprintk
 .text.vsnprintk
                0x000000000002a49c       0x28 zephyr/libzephyr.a(printk.c.obj)
                0x000000000002a49c                vsnprintk
 .text.process_event
                0x000000000002a4c4      0x1bc zephyr/libzephyr.a(onoff.c.obj)
 .text.cbvprintf
                0x000000000002a680      0x440 zephyr/libzephyr.a(cbprintf_nano.c.obj)
                0x000000000002a680                cbvprintf
 .text.sys_reboot
                0x000000000002aac0       0x28 zephyr/libzephyr.a(reboot.c.obj)
                0x000000000002aac0                sys_reboot
 .text.read_pnp_id
                0x000000000002aae8       0x1c zephyr/libzephyr.a(dis.c.obj)
 .text.read_blvl
                0x000000000002ab04       0x28 zephyr/libzephyr.a(bas.c.obj)
 .text.bt_bas_set_battery_level
                0x000000000002ab2c       0x50 zephyr/libzephyr.a(bas.c.obj)
                0x000000000002ab2c                bt_bas_set_battery_level
 .text.nvs_recover_last_ate
                0x000000000002ab7c       0x64 zephyr/libzephyr.a(nvs.c.obj)
 .text.nvs_init
                0x000000000002abe0      0x2b8 zephyr/libzephyr.a(nvs.c.obj)
                0x000000000002abe0                nvs_init
 .text.nvs_write
                0x000000000002ae98      0x18c zephyr/libzephyr.a(nvs.c.obj)
                0x000000000002ae98                nvs_write
 .text.class_handler
                0x000000000002b024       0x40 zephyr/libzephyr.a(usb_device.c.obj)
 .text.custom_handler
                0x000000000002b064       0x60 zephyr/libzephyr.a(usb_device.c.obj)
 .text.vendor_handler
                0x000000000002b0c4       0x3c zephyr/libzephyr.a(usb_device.c.obj)
 .text.set_endpoint
                0x000000000002b100       0x54 zephyr/libzephyr.a(usb_device.c.obj)
 .text.usb_reset_alt_setting
                0x000000000002b154       0x10 zephyr/libzephyr.a(usb_device.c.obj)
 .text.is_ep_valid.part.0
                0x000000000002b164       0x38 zephyr/libzephyr.a(usb_device.c.obj)
 .text.usb_handle_request.constprop.0
                0x000000000002b19c       0x2c zephyr/libzephyr.a(usb_device.c.obj)
 .text.forward_status_cb
                0x000000000002b1c8       0x9c zephyr/libzephyr.a(usb_device.c.obj)
 .text.usb_halt_endpoint_req.isra.0
                0x000000000002b264       0x58 zephyr/libzephyr.a(usb_device.c.obj)
 .text.usb_handle_standard_request
                0x000000000002b2bc      0x308 zephyr/libzephyr.a(usb_device.c.obj)
 .text.usb_data_to_host
                0x000000000002b5c4       0x54 zephyr/libzephyr.a(usb_device.c.obj)
 .text.usb_handle_control_transfer
                0x000000000002b618       0xdc zephyr/libzephyr.a(usb_device.c.obj)
 .text.usb_wakeup_request
                0x000000000002b6f4       0x18 zephyr/libzephyr.a(usb_device.c.obj)
                0x000000000002b6f4                usb_wakeup_request
 .text.usb_set_config
                0x000000000002b70c       0x2c zephyr/libzephyr.a(usb_device.c.obj)
                0x000000000002b70c                usb_set_config
 .text.usb_device_init
                0x000000000002b738       0x28 zephyr/libzephyr.a(usb_device.c.obj)
 .text.usb_enable
                0x000000000002b760       0xf4 zephyr/libzephyr.a(usb_device.c.obj)
                0x000000000002b760                usb_enable
 .text.usb_update_sn_string_descriptor
                0x000000000002b854       0x88 zephyr/libzephyr.a(usb_descriptor.c.obj)
                0x000000000002b854                usb_update_sn_string_descriptor
 .text.usb_get_device_descriptor
                0x000000000002b8dc      0x1b0 zephyr/libzephyr.a(usb_descriptor.c.obj)
                0x000000000002b8dc                usb_get_device_descriptor
 .text.usb_ep_get_transfer
                0x000000000002ba8c       0x2c zephyr/libzephyr.a(usb_transfer.c.obj)
 .text.usb_transfer_work
                0x000000000002bab8      0x110 zephyr/libzephyr.a(usb_transfer.c.obj)
 .text.usb_cancel_transfer
                0x000000000002bbc8       0x3c zephyr/libzephyr.a(usb_transfer.c.obj)
                0x000000000002bbc8                usb_cancel_transfer
 .text.usb_cancel_transfers
                0x000000000002bc04       0x50 zephyr/libzephyr.a(usb_transfer.c.obj)
                0x000000000002bc04                usb_cancel_transfers
 .text.usb_transfer_init
                0x000000000002bc54       0x34 zephyr/libzephyr.a(usb_transfer.c.obj)
                0x000000000002bc54                usb_transfer_init
 .text.flash_area_open
                0x000000000002bc88       0x3c zephyr/libzephyr.a(flash_map.c.obj)
                0x000000000002bc88                flash_area_open
 .text.flash_area_get_sectors
                0x000000000002bcc4       0x68 zephyr/libzephyr.a(flash_map_layout.c.obj)
                0x000000000002bcc4                flash_area_get_sectors
 .text.settings_save_one
                0x000000000002bd2c       0x4c zephyr/libzephyr.a(settings_store.c.obj)
                0x000000000002bd2c                settings_save_one
 .text.settings_src_register
                0x000000000002bd78       0x1c zephyr/libzephyr.a(settings_store.c.obj)
                0x000000000002bd78                settings_src_register
 .text.settings_dst_register
                0x000000000002bd94        0xc zephyr/libzephyr.a(settings_store.c.obj)
                0x000000000002bd94                settings_dst_register
 .text.settings_load_subtree
                0x000000000002bda0       0x4c zephyr/libzephyr.a(settings_store.c.obj)
                0x000000000002bda0                settings_load_subtree
 .text.settings_load_subtree_direct
                0x000000000002bdec       0x40 zephyr/libzephyr.a(settings_store.c.obj)
                0x000000000002bdec                settings_load_subtree_direct
 .text.settings_store_init
                0x000000000002be2c       0x10 zephyr/libzephyr.a(settings_store.c.obj)
                0x000000000002be2c                settings_store_init
 .text.settings_init
                0x000000000002be3c       0x10 zephyr/libzephyr.a(settings.c.obj)
                0x000000000002be3c                settings_init
 .text.settings_register
                0x000000000002be4c       0x80 zephyr/libzephyr.a(settings.c.obj)
                0x000000000002be4c                settings_register
 .text.settings_parse_and_lookup
                0x000000000002becc       0x94 zephyr/libzephyr.a(settings.c.obj)
                0x000000000002becc                settings_parse_and_lookup
 .text.settings_commit_subtree
                0x000000000002bf60       0x70 zephyr/libzephyr.a(settings.c.obj)
                0x000000000002bf60                settings_commit_subtree
 .text.settings_subsys_init
                0x000000000002bfd0       0x20 zephyr/libzephyr.a(settings_init.c.obj)
                0x000000000002bfd0                settings_subsys_init
 .text.settings_nvs_load
                0x000000000002bff0       0xbc zephyr/libzephyr.a(settings_nvs.c.obj)
 .text.settings_backend_init
                0x000000000002c0ac       0x98 zephyr/libzephyr.a(settings_nvs.c.obj)
                0x000000000002c0ac                settings_backend_init
 .text.pm_state_notify
                0x000000000002c144       0x5c zephyr/libzephyr.a(pm.c.obj)
 .text.atomic_clear_bit.constprop.0
                0x000000000002c1a0       0x30 zephyr/libzephyr.a(pm.c.obj)
 .text.pm_system_resume
                0x000000000002c1d0       0x84 zephyr/libzephyr.a(pm.c.obj)
                0x000000000002c1d0                pm_system_resume
 .text.pm_system_suspend
                0x000000000002c254       0xf8 zephyr/libzephyr.a(pm.c.obj)
                0x000000000002c254                pm_system_suspend
 .text.pm_constraint_get
                0x000000000002c34c       0x1c zephyr/libzephyr.a(constraint.c.obj)
                0x000000000002c34c                pm_constraint_get
 .text.pm_state_cpu_get_all
                0x000000000002c368       0x10 zephyr/libzephyr.a(state.c.obj)
                0x000000000002c368                pm_state_cpu_get_all
 .text.pm_policy_next_state
                0x000000000002c378       0x8c zephyr/libzephyr.a(residency.c.obj)
                0x000000000002c378                pm_policy_next_state
 .text.uECC_get_rng
                0x000000000002c404        0xc zephyr/libzephyr.a(ecc.c.obj)
                0x000000000002c404                uECC_get_rng
 .text.vli_mmod_fast_secp256r1
                0x000000000002c410      0x184 zephyr/libzephyr.a(ecc.c.obj)
                0x000000000002c410                vli_mmod_fast_secp256r1
 .text.sub_bytes
                0x000000000002c594       0x18 zephyr/libzephyr.a(aes_encrypt.c.obj)
 .text.tc_aes128_set_encrypt_key
                0x000000000002c5ac       0xa4 zephyr/libzephyr.a(aes_encrypt.c.obj)
                0x000000000002c5ac                tc_aes128_set_encrypt_key
 .text.z_arm_cpu_idle_init
                0x000000000002c650        0xc zephyr/arch/arch/arm/core/aarch32/libarch__arm__core__aarch32.a(cpu_idle.S.obj)
                0x000000000002c650                z_arm_cpu_idle_init
 .text.arch_cpu_idle
                0x000000000002c65c       0x1c zephyr/arch/arch/arm/core/aarch32/libarch__arm__core__aarch32.a(cpu_idle.S.obj)
                0x000000000002c65c                arch_cpu_idle
 .text.arch_cpu_atomic_idle
                0x000000000002c678       0x14 zephyr/arch/arch/arm/core/aarch32/libarch__arm__core__aarch32.a(cpu_idle.S.obj)
                0x000000000002c678                arch_cpu_atomic_idle
 .text.arch_irq_enable
                0x000000000002c68c       0x1c zephyr/arch/arch/arm/core/aarch32/libarch__arm__core__aarch32.a(irq_manage.c.obj)
                0x000000000002c68c                arch_irq_enable
 .text.arch_irq_disable
                0x000000000002c6a8       0x28 zephyr/arch/arch/arm/core/aarch32/libarch__arm__core__aarch32.a(irq_manage.c.obj)
                0x000000000002c6a8                arch_irq_disable
 .text.arch_irq_is_enabled
                0x000000000002c6d0       0x1c zephyr/arch/arch/arm/core/aarch32/libarch__arm__core__aarch32.a(irq_manage.c.obj)
                0x000000000002c6d0                arch_irq_is_enabled
 .text.z_arm_irq_priority_set
                0x000000000002c6ec       0x30 zephyr/arch/arch/arm/core/aarch32/libarch__arm__core__aarch32.a(irq_manage.c.obj)
                0x000000000002c6ec                z_arm_irq_priority_set
 .text._arch_isr_direct_pm
                0x000000000002c71c       0x1c zephyr/arch/arch/arm/core/aarch32/libarch__arm__core__aarch32.a(irq_manage.c.obj)
                0x000000000002c71c                _arch_isr_direct_pm
 .text.z_SysNmiOnReset
                0x000000000002c738        0x8 zephyr/arch/arch/arm/core/aarch32/libarch__arm__core__aarch32.a(nmi_on_reset.S.obj)
                0x000000000002c738                z_SysNmiOnReset
 .text.z_arm_prep_c
                0x000000000002c740       0x48 zephyr/arch/arch/arm/core/aarch32/libarch__arm__core__aarch32.a(prep_c.c.obj)
                0x000000000002c740                z_arm_prep_c
 .text.arch_swap
                0x000000000002c788       0x34 zephyr/arch/arch/arm/core/aarch32/libarch__arm__core__aarch32.a(swap.c.obj)
                0x000000000002c788                arch_swap
 .text.z_arm_pendsv
                0x000000000002c7bc       0x48 zephyr/arch/arch/arm/core/aarch32/libarch__arm__core__aarch32.a(swap_helper.S.obj)
                0x000000000002c7bc                z_arm_pendsv
 .text.z_arm_svc
                0x000000000002c804       0x20 zephyr/arch/arch/arm/core/aarch32/libarch__arm__core__aarch32.a(swap_helper.S.obj)
                0x000000000002c804                z_arm_svc
 .text.arch_new_thread
                0x000000000002c824       0x38 zephyr/arch/arch/arm/core/aarch32/libarch__arm__core__aarch32.a(thread.c.obj)
                0x000000000002c824                arch_new_thread
 .text.arch_switch_to_main_thread
                0x000000000002c85c       0x24 zephyr/arch/arch/arm/core/aarch32/libarch__arm__core__aarch32.a(thread.c.obj)
                0x000000000002c85c                arch_switch_to_main_thread
 .text._isr_wrapper
                0x000000000002c880       0x40 zephyr/arch/arch/arm/core/aarch32/libarch__arm__core__aarch32.a(isr_wrapper.S.obj)
                0x000000000002c880                _isr_wrapper
 .text._HandlerModeExit
                0x000000000002c8c0       0x1c zephyr/arch/arch/arm/core/aarch32/cortex_m/libarch__arm__core__aarch32__cortex_m.a(exc_exit.S.obj)
                0x000000000002c8c0                z_arm_exc_exit
                0x000000000002c8c0                z_arm_int_exit
 .text.bus_fault.constprop.0
                0x000000000002c8dc       0x3c zephyr/arch/arch/arm/core/aarch32/cortex_m/libarch__arm__core__aarch32__cortex_m.a(fault.c.obj)
 .text.mem_manage_fault.constprop.0
                0x000000000002c918       0x40 zephyr/arch/arch/arm/core/aarch32/cortex_m/libarch__arm__core__aarch32__cortex_m.a(fault.c.obj)
 .text.z_arm_fault
                0x000000000002c958      0x128 zephyr/arch/arch/arm/core/aarch32/cortex_m/libarch__arm__core__aarch32__cortex_m.a(fault.c.obj)
                0x000000000002c958                z_arm_fault
 .text.z_arm_fault_init
                0x000000000002ca80       0x10 zephyr/arch/arch/arm/core/aarch32/cortex_m/libarch__arm__core__aarch32__cortex_m.a(fault.c.obj)
                0x000000000002ca80                z_arm_fault_init
 .text.__fault  0x000000000002ca90       0x14 zephyr/arch/arch/arm/core/aarch32/cortex_m/libarch__arm__core__aarch32__cortex_m.a(fault_s.S.obj)
                0x000000000002ca90                z_arm_bus_fault
                0x000000000002ca90                z_arm_usage_fault
                0x000000000002ca90                z_arm_mpu_fault
                0x000000000002ca90                z_arm_exc_spurious
                0x000000000002ca90                z_arm_debug_monitor
                0x000000000002ca90                z_arm_hard_fault
 .text.z_arm_interrupt_init
                0x000000000002caa4       0x18 zephyr/arch/arch/arm/core/aarch32/cortex_m/libarch__arm__core__aarch32__cortex_m.a(irq_init.c.obj)
                0x000000000002caa4                z_arm_interrupt_init
 .text._reset_section
                0x000000000002cabc       0x30 zephyr/arch/arch/arm/core/aarch32/cortex_m/libarch__arm__core__aarch32__cortex_m.a(reset.S.obj)
                0x000000000002cabc                z_arm_reset
                0x000000000002cabc                __start
 .text.z_impl_k_thread_abort
                0x000000000002caec       0x24 zephyr/arch/arch/arm/core/aarch32/cortex_m/libarch__arm__core__aarch32__cortex_m.a(thread_abort.c.obj)
                0x000000000002caec                z_impl_k_thread_abort
 .text.z_arm_configure_static_mpu_regions
                0x000000000002cb10       0x18 zephyr/arch/arch/arm/core/aarch32/mpu/libarch__arm__core__aarch32__mpu.a(arm_core_mpu.c.obj)
                0x000000000002cb10                z_arm_configure_static_mpu_regions
 .text.mpu_configure_regions
                0x000000000002cb28       0x84 zephyr/arch/arch/arm/core/aarch32/mpu/libarch__arm__core__aarch32__mpu.a(arm_mpu.c.obj)
 .text.arm_core_mpu_enable
                0x000000000002cbac       0x18 zephyr/arch/arch/arm/core/aarch32/mpu/libarch__arm__core__aarch32__mpu.a(arm_mpu.c.obj)
                0x000000000002cbac                arm_core_mpu_enable
 .text.arm_core_mpu_disable
                0x000000000002cbc4       0x14 zephyr/arch/arch/arm/core/aarch32/mpu/libarch__arm__core__aarch32__mpu.a(arm_mpu.c.obj)
                0x000000000002cbc4                arm_core_mpu_disable
 .text.arm_core_mpu_configure_static_mpu_regions
                0x000000000002cbd8       0x14 zephyr/arch/arch/arm/core/aarch32/mpu/libarch__arm__core__aarch32__mpu.a(arm_mpu.c.obj)
                0x000000000002cbd8                arm_core_mpu_configure_static_mpu_regions
 .text.z_arm_mpu_init
                0x000000000002cbec       0x60 zephyr/arch/arch/arm/core/aarch32/mpu/libarch__arm__core__aarch32__mpu.a(arm_mpu.c.obj)
                0x000000000002cbec                z_arm_mpu_init
 .text.snprintf
                0x000000000002cc4c       0x30 zephyr/lib/libc/minimal/liblib__libc__minimal.a(sprintf.c.obj)
                0x000000000002cc4c                snprintf
 .text.sprintf  0x000000000002cc7c       0x30 zephyr/lib/libc/minimal/liblib__libc__minimal.a(sprintf.c.obj)
                0x000000000002cc7c                sprintf
 .text.nordicsemi_nrf52_init
                0x000000000002ccac       0x30 zephyr/soc/arm/nordic_nrf/nrf52/libsoc__arm__nordic_nrf__nrf52.a(soc.c.obj)
 .text.sys_arch_reboot
                0x000000000002ccdc       0x2c zephyr/soc/arm/nordic_nrf/nrf52/libsoc__arm__nordic_nrf__nrf52.a(soc.c.obj)
                0x000000000002ccdc                sys_arch_reboot
 .text.arch_busy_wait
                0x000000000002cd08       0x14 zephyr/soc/arm/nordic_nrf/nrf52/libsoc__arm__nordic_nrf__nrf52.a(soc.c.obj)
                0x000000000002cd08                arch_busy_wait
 .text.le_gen_dhkey
                0x000000000002cd1c       0x98 zephyr/subsys/bluetooth/host/libsubsys__bluetooth__host.a(hci_ecc.c.obj)
 .text.ecc_thread
                0x000000000002cdb4      0x19c zephyr/subsys/bluetooth/host/libsubsys__bluetooth__host.a(hci_ecc.c.obj)
 .text.bt_hci_ecc_send
                0x000000000002cf50       0xdc zephyr/subsys/bluetooth/host/libsubsys__bluetooth__host.a(hci_ecc.c.obj)
                0x000000000002cf50                bt_hci_ecc_send
 .text.bt_hci_ecc_init
                0x000000000002d02c       0x48 zephyr/subsys/bluetooth/host/libsubsys__bluetooth__host.a(hci_ecc.c.obj)
                0x000000000002d02c                bt_hci_ecc_init
 .text.save_id  0x000000000002d074       0x18 zephyr/subsys/bluetooth/host/libsubsys__bluetooth__host.a(settings.c.obj)
 .text.set      0x000000000002d08c       0x68 zephyr/subsys/bluetooth/host/libsubsys__bluetooth__host.a(settings.c.obj)
 .text.bt_settings_encode_key
                0x000000000002d0f4       0x60 zephyr/subsys/bluetooth/host/libsubsys__bluetooth__host.a(settings.c.obj)
                0x000000000002d0f4                bt_settings_encode_key
 .text.bt_settings_save_id
                0x000000000002d154        0xc zephyr/subsys/bluetooth/host/libsubsys__bluetooth__host.a(settings.c.obj)
                0x000000000002d154                bt_settings_save_id
 .text.commit   0x000000000002d160       0x60 zephyr/subsys/bluetooth/host/libsubsys__bluetooth__host.a(settings.c.obj)
 .text.uuid_to_uuid128
                0x000000000002d1c0       0x6c zephyr/subsys/bluetooth/host/libsubsys__bluetooth__host.a(uuid.c.obj)
 .text.bt_uuid_to_str
                0x000000000002d22c       0xbc zephyr/subsys/bluetooth/host/libsubsys__bluetooth__host.a(uuid.c.obj)
                0x000000000002d22c                bt_uuid_to_str
 .text.bt_buf_get_rx
                0x000000000002d2e8       0x20 zephyr/subsys/bluetooth/host/libsubsys__bluetooth__host.a(buf.c.obj)
                0x000000000002d2e8                bt_buf_get_rx
 .text.bt_buf_get_cmd_complete
                0x000000000002d308       0x34 zephyr/subsys/bluetooth/host/libsubsys__bluetooth__host.a(buf.c.obj)
                0x000000000002d308                bt_buf_get_cmd_complete
 .text.bt_buf_get_evt
                0x000000000002d33c       0x54 zephyr/subsys/bluetooth/host/libsubsys__bluetooth__host.a(buf.c.obj)
                0x000000000002d33c                bt_buf_get_evt
 .text.unpair   0x000000000002d390       0x70 zephyr/subsys/bluetooth/host/libsubsys__bluetooth__host.a(hci_core.c.obj)
 .text.hci_disconn_complete_prio
                0x000000000002d400       0x48 zephyr/subsys/bluetooth/host/libsubsys__bluetooth__host.a(hci_core.c.obj)
 .text.hci_le_meta_event
                0x000000000002d448       0x20 zephyr/subsys/bluetooth/host/libsubsys__bluetooth__host.a(hci_core.c.obj)
 .text.find_pending_connect.part.0
                0x000000000002d468       0x3c zephyr/subsys/bluetooth/host/libsubsys__bluetooth__host.a(hci_core.c.obj)
 .text.hci_cmd_done
                0x000000000002d4a4       0xbc zephyr/subsys/bluetooth/host/libsubsys__bluetooth__host.a(hci_core.c.obj)
 .text.hci_cmd_status
                0x000000000002d560       0x2c zephyr/subsys/bluetooth/host/libsubsys__bluetooth__host.a(hci_core.c.obj)
 .text.hci_cmd_complete
                0x000000000002d58c       0x30 zephyr/subsys/bluetooth/host/libsubsys__bluetooth__host.a(hci_core.c.obj)
 .text.hci_tx_thread
                0x000000000002d5bc      0x134 zephyr/subsys/bluetooth/host/libsubsys__bluetooth__host.a(hci_core.c.obj)
 .text.bt_hci_cmd_state_set_init
                0x000000000002d6f0       0x24 zephyr/subsys/bluetooth/host/libsubsys__bluetooth__host.a(hci_core.c.obj)
                0x000000000002d6f0                bt_hci_cmd_state_set_init
 .text.bt_hci_cmd_create
                0x000000000002d714       0x74 zephyr/subsys/bluetooth/host/libsubsys__bluetooth__host.a(hci_core.c.obj)
                0x000000000002d714                bt_hci_cmd_create
 .text.bt_hci_cmd_send
                0x000000000002d788       0x44 zephyr/subsys/bluetooth/host/libsubsys__bluetooth__host.a(hci_core.c.obj)
                0x000000000002d788                bt_hci_cmd_send
 .text.bt_hci_cmd_send_sync
                0x000000000002d7cc       0xc4 zephyr/subsys/bluetooth/host/libsubsys__bluetooth__host.a(hci_core.c.obj)
                0x000000000002d7cc                bt_hci_cmd_send_sync
 .text.bt_get_phy
                0x000000000002d890       0x14 zephyr/subsys/bluetooth/host/libsubsys__bluetooth__host.a(hci_core.c.obj)
                0x000000000002d890                bt_get_phy
 .text.bt_le_create_conn_legacy
                0x000000000002d8a4       0xc4 zephyr/subsys/bluetooth/host/libsubsys__bluetooth__host.a(hci_core.c.obj)
                0x000000000002d8a4                bt_le_create_conn_legacy
 .text.bt_le_create_conn_cancel
                0x000000000002d968       0x34 zephyr/subsys/bluetooth/host/libsubsys__bluetooth__host.a(hci_core.c.obj)
                0x000000000002d968                bt_le_create_conn_cancel
 .text.conn_auto_initiate
                0x000000000002d99c       0xc8 zephyr/subsys/bluetooth/host/libsubsys__bluetooth__host.a(hci_core.c.obj)
 .text.bt_hci_le_enh_conn_complete
                0x000000000002da64      0x22c zephyr/subsys/bluetooth/host/libsubsys__bluetooth__host.a(hci_core.c.obj)
                0x000000000002da64                bt_hci_le_enh_conn_complete
 .text.bt_unpair
                0x000000000002dc90       0x4c zephyr/subsys/bluetooth/host/libsubsys__bluetooth__host.a(hci_core.c.obj)
                0x000000000002dc90                bt_unpair
 .text.bt_security_err_get
                0x000000000002dcdc       0x10 zephyr/subsys/bluetooth/host/libsubsys__bluetooth__host.a(hci_core.c.obj)
                0x000000000002dcdc                bt_security_err_get
 .text.hci_event_prio
                0x000000000002dcec       0xa4 zephyr/subsys/bluetooth/host/libsubsys__bluetooth__host.a(hci_core.c.obj)
                0x000000000002dcec                hci_event_prio
 .text.bt_recv  0x000000000002dd90      0x108 zephyr/subsys/bluetooth/host/libsubsys__bluetooth__host.a(hci_core.c.obj)
                0x000000000002dd90                bt_recv
 .text.bt_recv_prio
                0x000000000002de98       0x3c zephyr/subsys/bluetooth/host/libsubsys__bluetooth__host.a(hci_core.c.obj)
                0x000000000002de98                bt_recv_prio
 .text.bt_hci_driver_register
                0x000000000002ded4       0x28 zephyr/subsys/bluetooth/host/libsubsys__bluetooth__host.a(hci_core.c.obj)
                0x000000000002ded4                bt_hci_driver_register
 .text.bt_finalize_init
                0x000000000002defc       0x18 zephyr/subsys/bluetooth/host/libsubsys__bluetooth__host.a(hci_core.c.obj)
                0x000000000002defc                bt_finalize_init
 .text.init_work
                0x000000000002df14       0x18 zephyr/subsys/bluetooth/host/libsubsys__bluetooth__host.a(hci_core.c.obj)
 .text.bt_enable
                0x000000000002df2c       0xa4 zephyr/subsys/bluetooth/host/libsubsys__bluetooth__host.a(hci_core.c.obj)
                0x000000000002df2c                bt_enable
 .text.bt_get_name
                0x000000000002dfd0        0x8 zephyr/subsys/bluetooth/host/libsubsys__bluetooth__host.a(hci_core.c.obj)
                0x000000000002dfd0                bt_get_name
 .text.id_find  0x000000000002dfd8       0x34 zephyr/subsys/bluetooth/host/libsubsys__bluetooth__host.a(id.c.obj)
 .text.set_random_address
                0x000000000002e00c       0x5c zephyr/subsys/bluetooth/host/libsubsys__bluetooth__host.a(id.c.obj)
 .text.id_create.constprop.0
                0x000000000002e068       0x80 zephyr/subsys/bluetooth/host/libsubsys__bluetooth__host.a(id.c.obj)
 .text.bt_id_adv_random_addr_check
                0x000000000002e0e8       0x1c zephyr/subsys/bluetooth/host/libsubsys__bluetooth__host.a(id.c.obj)
                0x000000000002e0e8                bt_id_adv_random_addr_check
 .text.bt_id_pending_keys_update
                0x000000000002e104       0x34 zephyr/subsys/bluetooth/host/libsubsys__bluetooth__host.a(id.c.obj)
                0x000000000002e104                bt_id_pending_keys_update
 .text.bt_id_add
                0x000000000002e138      0x14c zephyr/subsys/bluetooth/host/libsubsys__bluetooth__host.a(id.c.obj)
                0x000000000002e138                bt_id_add
 .text.bt_id_del
                0x000000000002e284      0x12c zephyr/subsys/bluetooth/host/libsubsys__bluetooth__host.a(id.c.obj)
                0x000000000002e284                bt_id_del
 .text.bt_id_create
                0x000000000002e3b0       0x94 zephyr/subsys/bluetooth/host/libsubsys__bluetooth__host.a(id.c.obj)
                0x000000000002e3b0                bt_id_create
 .text.bt_id_read_public_addr
                0x000000000002e444       0x70 zephyr/subsys/bluetooth/host/libsubsys__bluetooth__host.a(id.c.obj)
                0x000000000002e444                bt_id_read_public_addr
 .text.bt_setup_public_id_addr
                0x000000000002e4b4       0x20 zephyr/subsys/bluetooth/host/libsubsys__bluetooth__host.a(id.c.obj)
                0x000000000002e4b4                bt_setup_public_id_addr
 .text.bt_read_static_addr
                0x000000000002e4d4       0x60 zephyr/subsys/bluetooth/host/libsubsys__bluetooth__host.a(id.c.obj)
                0x000000000002e4d4                bt_read_static_addr
 .text.bt_setup_random_id_addr
                0x000000000002e534       0x5c zephyr/subsys/bluetooth/host/libsubsys__bluetooth__host.a(id.c.obj)
                0x000000000002e534                bt_setup_random_id_addr
 .text.bt_id_set_create_conn_own_addr
                0x000000000002e590       0x24 zephyr/subsys/bluetooth/host/libsubsys__bluetooth__host.a(id.c.obj)
                0x000000000002e590                bt_id_set_create_conn_own_addr
 .text.bt_id_set_scan_own_addr
                0x000000000002e5b4       0x34 zephyr/subsys/bluetooth/host/libsubsys__bluetooth__host.a(id.c.obj)
                0x000000000002e5b4                bt_id_set_scan_own_addr
 .text.bt_id_set_adv_own_addr
                0x000000000002e5e8       0xd4 zephyr/subsys/bluetooth/host/libsubsys__bluetooth__host.a(id.c.obj)
                0x000000000002e5e8                bt_id_set_adv_own_addr
 .text.valid_adv_param
                0x000000000002e6bc       0x88 zephyr/subsys/bluetooth/host/libsubsys__bluetooth__host.a(adv.c.obj)
 .text.le_adv_start_add_conn
                0x000000000002e744       0x88 zephyr/subsys/bluetooth/host/libsubsys__bluetooth__host.a(adv.c.obj)
 .text.bt_le_ext_adv_foreach
                0x000000000002e7cc        0xc zephyr/subsys/bluetooth/host/libsubsys__bluetooth__host.a(adv.c.obj)
                0x000000000002e7cc                bt_le_ext_adv_foreach
 .text.bt_le_adv_lookup_legacy
                0x000000000002e7d8        0x8 zephyr/subsys/bluetooth/host/libsubsys__bluetooth__host.a(adv.c.obj)
                0x000000000002e7d8                bt_le_adv_lookup_legacy
 .text.bt_le_adv_start_legacy
                0x000000000002e7e0      0x250 zephyr/subsys/bluetooth/host/libsubsys__bluetooth__host.a(adv.c.obj)
                0x000000000002e7e0                bt_le_adv_start_legacy
 .text.bt_le_adv_start
                0x000000000002ea30       0x64 zephyr/subsys/bluetooth/host/libsubsys__bluetooth__host.a(adv.c.obj)
                0x000000000002ea30                bt_le_adv_start
 .text.bt_le_adv_stop
                0x000000000002ea94       0xc0 zephyr/subsys/bluetooth/host/libsubsys__bluetooth__host.a(adv.c.obj)
                0x000000000002ea94                bt_le_adv_stop
 .text.bt_le_adv_resume
                0x000000000002eb54       0x80 zephyr/subsys/bluetooth/host/libsubsys__bluetooth__host.a(adv.c.obj)
                0x000000000002eb54                bt_le_adv_resume
 .text.atomic_get.constprop.0
                0x000000000002ebd4       0x14 zephyr/subsys/bluetooth/host/libsubsys__bluetooth__host.a(scan.c.obj)
 .text.bt_le_scan_set_enable_legacy
                0x000000000002ebe8       0x60 zephyr/subsys/bluetooth/host/libsubsys__bluetooth__host.a(scan.c.obj)
 .text.start_le_scan_legacy
                0x000000000002ec48       0xa4 zephyr/subsys/bluetooth/host/libsubsys__bluetooth__host.a(scan.c.obj)
 .text.bt_scan_reset
                0x000000000002ecec        0xc zephyr/subsys/bluetooth/host/libsubsys__bluetooth__host.a(scan.c.obj)
                0x000000000002ecec                bt_scan_reset
 .text.bt_le_scan_update
                0x000000000002ecf8       0x84 zephyr/subsys/bluetooth/host/libsubsys__bluetooth__host.a(scan.c.obj)
                0x000000000002ecf8                bt_le_scan_update
 .text.bt_hci_le_adv_report
                0x000000000002ed7c      0x1cc zephyr/subsys/bluetooth/host/libsubsys__bluetooth__host.a(scan.c.obj)
                0x000000000002ed7c                bt_hci_le_adv_report
 .text.bt_le_scan_start
                0x000000000002ef48       0xf8 zephyr/subsys/bluetooth/host/libsubsys__bluetooth__host.a(scan.c.obj)
                0x000000000002ef48                bt_le_scan_start
 .text.bt_le_scan_stop
                0x000000000002f040       0x2c zephyr/subsys/bluetooth/host/libsubsys__bluetooth__host.a(scan.c.obj)
                0x000000000002f040                bt_le_scan_stop
 .text.bt_pub_key_is_debug
                0x000000000002f06c       0x18 zephyr/subsys/bluetooth/host/libsubsys__bluetooth__host.a(ecc.c.obj)
                0x000000000002f06c                bt_pub_key_is_debug
 .text.bt_pub_key_gen
                0x000000000002f084       0xd4 zephyr/subsys/bluetooth/host/libsubsys__bluetooth__host.a(ecc.c.obj)
                0x000000000002f084                bt_pub_key_gen
 .text.bt_pub_key_get
                0x000000000002f158       0x20 zephyr/subsys/bluetooth/host/libsubsys__bluetooth__host.a(ecc.c.obj)
                0x000000000002f158                bt_pub_key_get
 .text.bt_dh_key_gen
                0x000000000002f178       0x88 zephyr/subsys/bluetooth/host/libsubsys__bluetooth__host.a(ecc.c.obj)
                0x000000000002f178                bt_dh_key_gen
 .text.bt_hci_evt_le_pkey_complete
                0x000000000002f200       0x7c zephyr/subsys/bluetooth/host/libsubsys__bluetooth__host.a(ecc.c.obj)
                0x000000000002f200                bt_hci_evt_le_pkey_complete
 .text.bt_hci_evt_le_dhkey_complete
                0x000000000002f27c       0x1c zephyr/subsys/bluetooth/host/libsubsys__bluetooth__host.a(ecc.c.obj)
                0x000000000002f27c                bt_hci_evt_le_dhkey_complete
 .text.tx_free  0x000000000002f298       0x14 zephyr/subsys/bluetooth/host/libsubsys__bluetooth__host.a(conn.c.obj)
 .text.notify_connected
                0x000000000002f2ac       0x48 zephyr/subsys/bluetooth/host/libsubsys__bluetooth__host.a(conn.c.obj)
 .text.send_frag
                0x000000000002f2f4      0x110 zephyr/subsys/bluetooth/host/libsubsys__bluetooth__host.a(conn.c.obj)
 .text.bt_conn_get_pkts
                0x000000000002f404        0x8 zephyr/subsys/bluetooth/host/libsubsys__bluetooth__host.a(conn.c.obj)
                0x000000000002f404                bt_conn_get_pkts
 .text.bt_conn_new
                0x000000000002f40c       0x68 zephyr/subsys/bluetooth/host/libsubsys__bluetooth__host.a(conn.c.obj)
                0x000000000002f40c                bt_conn_new
 .text.bt_conn_send_cb
                0x000000000002f474       0x6c zephyr/subsys/bluetooth/host/libsubsys__bluetooth__host.a(conn.c.obj)
                0x000000000002f474                bt_conn_send_cb
 .text.bt_conn_prepare_events
                0x000000000002f4e0       0x78 zephyr/subsys/bluetooth/host/libsubsys__bluetooth__host.a(conn.c.obj)
                0x000000000002f4e0                bt_conn_prepare_events
 .text.bt_conn_lookup_handle
                0x000000000002f558       0x10 zephyr/subsys/bluetooth/host/libsubsys__bluetooth__host.a(conn.c.obj)
                0x000000000002f558                bt_conn_lookup_handle
 .text.bt_conn_set_state
                0x000000000002f568      0x19c zephyr/subsys/bluetooth/host/libsubsys__bluetooth__host.a(conn.c.obj)
                0x000000000002f568                bt_conn_set_state
 .text.bt_conn_index
                0x000000000002f704       0x18 zephyr/subsys/bluetooth/host/libsubsys__bluetooth__host.a(conn.c.obj)
                0x000000000002f704                bt_conn_index
 .text.bt_conn_create_pdu_timeout
                0x000000000002f71c       0x24 zephyr/subsys/bluetooth/host/libsubsys__bluetooth__host.a(conn.c.obj)
                0x000000000002f71c                bt_conn_create_pdu_timeout
 .text.notify_le_param_updated
                0x000000000002f740       0x84 zephyr/subsys/bluetooth/host/libsubsys__bluetooth__host.a(conn.c.obj)
                0x000000000002f740                notify_le_param_updated
 .text.notify_le_phy_updated
                0x000000000002f7c4       0x44 zephyr/subsys/bluetooth/host/libsubsys__bluetooth__host.a(conn.c.obj)
                0x000000000002f7c4                notify_le_phy_updated
 .text.le_param_req
                0x000000000002f808       0x74 zephyr/subsys/bluetooth/host/libsubsys__bluetooth__host.a(conn.c.obj)
                0x000000000002f808                le_param_req
 .text.bt_conn_identity_resolved
                0x000000000002f87c       0x5c zephyr/subsys/bluetooth/host/libsubsys__bluetooth__host.a(conn.c.obj)
                0x000000000002f87c                bt_conn_identity_resolved
 .text.bt_conn_security_changed
                0x000000000002f8d8       0x4c zephyr/subsys/bluetooth/host/libsubsys__bluetooth__host.a(conn.c.obj)
                0x000000000002f8d8                bt_conn_security_changed
 .text.bt_conn_cb_register
                0x000000000002f924       0x10 zephyr/subsys/bluetooth/host/libsubsys__bluetooth__host.a(conn.c.obj)
                0x000000000002f924                bt_conn_cb_register
 .text.bt_conn_add_le
                0x000000000002f934       0x38 zephyr/subsys/bluetooth/host/libsubsys__bluetooth__host.a(conn.c.obj)
                0x000000000002f934                bt_conn_add_le
 .text.bt_conn_lookup_addr_le
                0x000000000002f96c       0x48 zephyr/subsys/bluetooth/host/libsubsys__bluetooth__host.a(conn.c.obj)
                0x000000000002f96c                bt_conn_lookup_addr_le
 .text.bt_conn_lookup_state_le
                0x000000000002f9b4       0x5c zephyr/subsys/bluetooth/host/libsubsys__bluetooth__host.a(conn.c.obj)
                0x000000000002f9b4                bt_conn_lookup_state_le
 .text.bt_conn_get_info
                0x000000000002fa10       0x5c zephyr/subsys/bluetooth/host/libsubsys__bluetooth__host.a(conn.c.obj)
                0x000000000002fa10                bt_conn_get_info
 .text.bt_conn_le_create
                0x000000000002fa6c      0x150 zephyr/subsys/bluetooth/host/libsubsys__bluetooth__host.a(conn.c.obj)
                0x000000000002fa6c                bt_conn_le_create
 .text.bt_le_set_auto_conn
                0x000000000002fbbc       0xc8 zephyr/subsys/bluetooth/host/libsubsys__bluetooth__host.a(conn.c.obj)
                0x000000000002fbbc                bt_le_set_auto_conn
 .text.send_conn_le_param_update
                0x000000000002fc84       0x68 zephyr/subsys/bluetooth/host/libsubsys__bluetooth__host.a(conn.c.obj)
 .text.deferred_work
                0x000000000002fcec       0xb8 zephyr/subsys/bluetooth/host/libsubsys__bluetooth__host.a(conn.c.obj)
 .text.bt_conn_create_frag_timeout
                0x000000000002fda4        0xc zephyr/subsys/bluetooth/host/libsubsys__bluetooth__host.a(conn.c.obj)
                0x000000000002fda4                bt_conn_create_frag_timeout
 .text.create_frag
                0x000000000002fdb0       0x6c zephyr/subsys/bluetooth/host/libsubsys__bluetooth__host.a(conn.c.obj)
 .text.bt_conn_process_tx
                0x000000000002fe1c       0xc0 zephyr/subsys/bluetooth/host/libsubsys__bluetooth__host.a(conn.c.obj)
                0x000000000002fe1c                bt_conn_process_tx
 .text.bt_conn_auth_cb_register
                0x000000000002fedc       0x38 zephyr/subsys/bluetooth/host/libsubsys__bluetooth__host.a(conn.c.obj)
                0x000000000002fedc                bt_conn_auth_cb_register
 .text.bt_conn_init
                0x000000000002ff14       0x74 zephyr/subsys/bluetooth/host/libsubsys__bluetooth__host.a(conn.c.obj)
                0x000000000002ff14                bt_conn_init
 .text.l2cap_accept
                0x000000000002ff88       0x30 zephyr/subsys/bluetooth/host/libsubsys__bluetooth__host.a(l2cap.c.obj)
 .text.bt_l2cap_connected
                0x000000000002ffb8       0xb8 zephyr/subsys/bluetooth/host/libsubsys__bluetooth__host.a(l2cap.c.obj)
                0x000000000002ffb8                bt_l2cap_connected
 .text.bt_l2cap_update_conn_param
                0x0000000000030070       0x64 zephyr/subsys/bluetooth/host/libsubsys__bluetooth__host.a(l2cap.c.obj)
                0x0000000000030070                bt_l2cap_update_conn_param
 .text.att_cfm_sent
                0x00000000000300d4       0x10 zephyr/subsys/bluetooth/host/libsubsys__bluetooth__host.a(att.c.obj)
 .text.att_rsp_sent
                0x00000000000300e4       0x10 zephyr/subsys/bluetooth/host/libsubsys__bluetooth__host.a(att.c.obj)
 .text.att_req_sent
                0x00000000000300f4       0x10 zephyr/subsys/bluetooth/host/libsubsys__bluetooth__host.a(att.c.obj)
 .text.att_op_get_type
                0x0000000000030104       0x58 zephyr/subsys/bluetooth/host/libsubsys__bluetooth__host.a(att.c.obj)
 .text.bt_att_released
                0x000000000003015c       0x18 zephyr/subsys/bluetooth/host/libsubsys__bluetooth__host.a(att.c.obj)
 .text.bt_att_accept
                0x0000000000030174       0x90 zephyr/subsys/bluetooth/host/libsubsys__bluetooth__host.a(att.c.obj)
 .text.read_group_cb
                0x0000000000030204       0xac zephyr/subsys/bluetooth/host/libsubsys__bluetooth__host.a(att.c.obj)
 .text.chan_send
                0x00000000000302b0       0xbc zephyr/subsys/bluetooth/host/libsubsys__bluetooth__host.a(att.c.obj)
 .text.read_type_cb
                0x000000000003036c       0xa8 zephyr/subsys/bluetooth/host/libsubsys__bluetooth__host.a(att.c.obj)
 .text.bt_att_connected
                0x0000000000030414       0x68 zephyr/subsys/bluetooth/host/libsubsys__bluetooth__host.a(att.c.obj)
 .text.att_indicate
                0x000000000003047c       0x3c zephyr/subsys/bluetooth/host/libsubsys__bluetooth__host.a(att.c.obj)
 .text.send_err_rsp.part.0
                0x00000000000304b8       0x40 zephyr/subsys/bluetooth/host/libsubsys__bluetooth__host.a(att.c.obj)
 .text.bt_att_recv
                0x00000000000304f8       0xf0 zephyr/subsys/bluetooth/host/libsubsys__bluetooth__host.a(att.c.obj)
 .text.att_write_rsp.constprop.0
                0x00000000000305e8       0xc8 zephyr/subsys/bluetooth/host/libsubsys__bluetooth__host.a(att.c.obj)
 .text.att_read_group_req
                0x00000000000306b0      0x108 zephyr/subsys/bluetooth/host/libsubsys__bluetooth__host.a(att.c.obj)
 .text.att_read_mult_req
                0x00000000000307b8       0x9c zephyr/subsys/bluetooth/host/libsubsys__bluetooth__host.a(att.c.obj)
 .text.att_read_rsp
                0x0000000000030854       0x94 zephyr/subsys/bluetooth/host/libsubsys__bluetooth__host.a(att.c.obj)
 .text.att_read_type_req
                0x00000000000308e8       0xc8 zephyr/subsys/bluetooth/host/libsubsys__bluetooth__host.a(att.c.obj)
 .text.att_find_type_req
                0x00000000000309b0       0xdc zephyr/subsys/bluetooth/host/libsubsys__bluetooth__host.a(att.c.obj)
 .text.att_find_info_req
                0x0000000000030a8c       0x78 zephyr/subsys/bluetooth/host/libsubsys__bluetooth__host.a(att.c.obj)
 .text.att_mtu_req
                0x0000000000030b04       0x70 zephyr/subsys/bluetooth/host/libsubsys__bluetooth__host.a(att.c.obj)
 .text.bt_att_req_alloc
                0x0000000000030b74       0x44 zephyr/subsys/bluetooth/host/libsubsys__bluetooth__host.a(att.c.obj)
                0x0000000000030b74                bt_att_req_alloc
 .text.bt_att_req_free
                0x0000000000030bb8       0x24 zephyr/subsys/bluetooth/host/libsubsys__bluetooth__host.a(att.c.obj)
                0x0000000000030bb8                bt_att_req_free
 .text.att_handle_rsp
                0x0000000000030bdc       0x64 zephyr/subsys/bluetooth/host/libsubsys__bluetooth__host.a(att.c.obj)
 .text.att_error_rsp
                0x0000000000030c40       0x68 zephyr/subsys/bluetooth/host/libsubsys__bluetooth__host.a(att.c.obj)
 .text.bt_att_disconnected
                0x0000000000030ca8       0xb4 zephyr/subsys/bluetooth/host/libsubsys__bluetooth__host.a(att.c.obj)
 .text.bt_att_req_cancel
                0x0000000000030d5c       0x5c zephyr/subsys/bluetooth/host/libsubsys__bluetooth__host.a(att.c.obj)
                0x0000000000030d5c                bt_att_req_cancel
 .text.db_hash_set
                0x0000000000030db8       0x18 zephyr/subsys/bluetooth/host/libsubsys__bluetooth__host.a(gatt.c.obj)
 .text.find_cf_cfg
                0x0000000000030dd0       0x44 zephyr/subsys/bluetooth/host/libsubsys__bluetooth__host.a(gatt.c.obj)
 .text.find_sc_cfg
                0x0000000000030e14       0x38 zephyr/subsys/bluetooth/host/libsubsys__bluetooth__host.a(gatt.c.obj)
 .text.gatt_sub_find
                0x0000000000030e4c       0x44 zephyr/subsys/bluetooth/host/libsubsys__bluetooth__host.a(gatt.c.obj)
 .text.find_cf_cfg_by_addr
                0x0000000000030e90       0x38 zephyr/subsys/bluetooth/host/libsubsys__bluetooth__host.a(gatt.c.obj)
 .text.sc_store
                0x0000000000030ec8       0x40 zephyr/subsys/bluetooth/host/libsubsys__bluetooth__host.a(gatt.c.obj)
 .text.db_hash_commit
                0x0000000000030f08       0x20 zephyr/subsys/bluetooth/host/libsubsys__bluetooth__host.a(gatt.c.obj)
 .text.bt_gatt_attr_write_ccc
                0x0000000000030f28       0xec zephyr/subsys/bluetooth/host/libsubsys__bluetooth__host.a(gatt.c.obj)
                0x0000000000030f28                bt_gatt_attr_write_ccc
 .text.gatt_write_ccc
                0x0000000000031014       0x24 zephyr/subsys/bluetooth/host/libsubsys__bluetooth__host.a(gatt.c.obj)
 .text.remove_peer_from_attr
                0x0000000000031038       0x28 zephyr/subsys/bluetooth/host/libsubsys__bluetooth__host.a(gatt.c.obj)
 .text.ccc_load
                0x0000000000031060       0x8c zephyr/subsys/bluetooth/host/libsubsys__bluetooth__host.a(gatt.c.obj)
 .text.convert_to_id_on_match
                0x00000000000310ec       0x34 zephyr/subsys/bluetooth/host/libsubsys__bluetooth__host.a(gatt.c.obj)
 .text.ccc_save
                0x0000000000031120       0x38 zephyr/subsys/bluetooth/host/libsubsys__bluetooth__host.a(gatt.c.obj)
 .text.bt_gatt_store_cf.isra.0
                0x0000000000031158       0x60 zephyr/subsys/bluetooth/host/libsubsys__bluetooth__host.a(gatt.c.obj)
 .text.bt_gatt_clear_sc
                0x00000000000311b8       0x4c zephyr/subsys/bluetooth/host/libsubsys__bluetooth__host.a(gatt.c.obj)
 .text.disconnected_cb
                0x0000000000031204       0xa4 zephyr/subsys/bluetooth/host/libsubsys__bluetooth__host.a(gatt.c.obj)
 .text.read_ppcp
                0x00000000000312a8       0x3c zephyr/subsys/bluetooth/host/libsubsys__bluetooth__host.a(gatt.c.obj)
 .text.sc_commit
                0x00000000000312e4       0x30 zephyr/subsys/bluetooth/host/libsubsys__bluetooth__host.a(gatt.c.obj)
 .text.sc_indicate_rsp
                0x0000000000031314       0x48 zephyr/subsys/bluetooth/host/libsubsys__bluetooth__host.a(gatt.c.obj)
 .text.bt_gatt_init
                0x000000000003135c       0xd4 zephyr/subsys/bluetooth/host/libsubsys__bluetooth__host.a(gatt.c.obj)
                0x000000000003135c                bt_gatt_init
 .text.bt_gatt_attr_get_handle
                0x0000000000031430       0x60 zephyr/subsys/bluetooth/host/libsubsys__bluetooth__host.a(gatt.c.obj)
                0x0000000000031430                bt_gatt_attr_get_handle
 .text.bt_gatt_foreach_attr_type
                0x0000000000031490       0xb4 zephyr/subsys/bluetooth/host/libsubsys__bluetooth__host.a(gatt.c.obj)
                0x0000000000031490                bt_gatt_foreach_attr_type
 .text.db_hash_gen
                0x0000000000031544       0x74 zephyr/subsys/bluetooth/host/libsubsys__bluetooth__host.a(gatt.c.obj)
 .text.db_hash_process
                0x00000000000315b8       0xc0 zephyr/subsys/bluetooth/host/libsubsys__bluetooth__host.a(gatt.c.obj)
 .text.ccc_set_direct
                0x0000000000031678       0x98 zephyr/subsys/bluetooth/host/libsubsys__bluetooth__host.a(gatt.c.obj)
 .text.gatt_indicate
                0x0000000000031710       0x9c zephyr/subsys/bluetooth/host/libsubsys__bluetooth__host.a(gatt.c.obj)
 .text.bt_gatt_indicate
                0x00000000000317ac       0xf0 zephyr/subsys/bluetooth/host/libsubsys__bluetooth__host.a(gatt.c.obj)
                0x00000000000317ac                bt_gatt_indicate
 .text.sc_process
                0x000000000003189c       0x5c zephyr/subsys/bluetooth/host/libsubsys__bluetooth__host.a(gatt.c.obj)
 .text.bt_gatt_notify_cb
                0x00000000000318f8       0xe8 zephyr/subsys/bluetooth/host/libsubsys__bluetooth__host.a(gatt.c.obj)
                0x00000000000318f8                bt_gatt_notify_cb
 .text.notify_cb
                0x00000000000319e0      0x10c zephyr/subsys/bluetooth/host/libsubsys__bluetooth__host.a(gatt.c.obj)
 .text.update_ccc
                0x0000000000031aec       0xe0 zephyr/subsys/bluetooth/host/libsubsys__bluetooth__host.a(gatt.c.obj)
 .text.bt_gatt_discover
                0x0000000000031bcc      0x16c zephyr/subsys/bluetooth/host/libsubsys__bluetooth__host.a(gatt.c.obj)
                0x0000000000031bcc                bt_gatt_discover
 .text.gatt_read_type_rsp
                0x0000000000031d38      0x2ac zephyr/subsys/bluetooth/host/libsubsys__bluetooth__host.a(gatt.c.obj)
 .text.bt_gatt_subscribe
                0x0000000000031fe4      0x100 zephyr/subsys/bluetooth/host/libsubsys__bluetooth__host.a(gatt.c.obj)
                0x0000000000031fe4                bt_gatt_subscribe
 .text.bt_gatt_connected
                0x00000000000320e4       0xb0 zephyr/subsys/bluetooth/host/libsubsys__bluetooth__host.a(gatt.c.obj)
                0x00000000000320e4                bt_gatt_connected
 .text.bt_gatt_att_max_mtu_changed
                0x0000000000032194       0x28 zephyr/subsys/bluetooth/host/libsubsys__bluetooth__host.a(gatt.c.obj)
                0x0000000000032194                bt_gatt_att_max_mtu_changed
 .text.bt_gatt_encrypt_change
                0x00000000000321bc       0x20 zephyr/subsys/bluetooth/host/libsubsys__bluetooth__host.a(gatt.c.obj)
                0x00000000000321bc                bt_gatt_encrypt_change
 .text.db_hash_read
                0x00000000000321dc       0x60 zephyr/subsys/bluetooth/host/libsubsys__bluetooth__host.a(gatt.c.obj)
 .text.bt_gatt_store_ccc
                0x000000000003223c       0x60 zephyr/subsys/bluetooth/host/libsubsys__bluetooth__host.a(gatt.c.obj)
                0x000000000003223c                bt_gatt_store_ccc
 .text.bt_gatt_identity_resolved
                0x000000000003229c       0x30 zephyr/subsys/bluetooth/host/libsubsys__bluetooth__host.a(gatt.c.obj)
 .text.bt_gatt_clear
                0x00000000000322cc       0xf8 zephyr/subsys/bluetooth/host/libsubsys__bluetooth__host.a(gatt.c.obj)
                0x00000000000322cc                bt_gatt_clear
 .text.bt_gatt_disconnected
                0x00000000000323c4      0x138 zephyr/subsys/bluetooth/host/libsubsys__bluetooth__host.a(gatt.c.obj)
                0x00000000000323c4                bt_gatt_disconnected
 .text.get_io_capa
                0x00000000000324fc       0x4c zephyr/subsys/bluetooth/host/libsubsys__bluetooth__host.a(smp.c.obj)
 .text.get_pair_method
                0x0000000000032548       0x44 zephyr/subsys/bluetooth/host/libsubsys__bluetooth__host.a(smp.c.obj)
 .text.bt_smp_accept
                0x000000000003258c       0x3c zephyr/subsys/bluetooth/host/libsubsys__bluetooth__host.a(smp.c.obj)
 .text.smp_find
                0x00000000000325c8       0x28 zephyr/subsys/bluetooth/host/libsubsys__bluetooth__host.a(smp.c.obj)
 .text.smp_g2   0x00000000000325f0       0x68 zephyr/subsys/bluetooth/host/libsubsys__bluetooth__host.a(smp.c.obj)
 .text.get_auth.constprop.0
                0x0000000000032658       0x3c zephyr/subsys/bluetooth/host/libsubsys__bluetooth__host.a(smp.c.obj)
 .text.smp_f5   0x0000000000032694       0xd0 zephyr/subsys/bluetooth/host/libsubsys__bluetooth__host.a(smp.c.obj)
 .text.sc_smp_check_confirm
                0x0000000000032764       0x68 zephyr/subsys/bluetooth/host/libsubsys__bluetooth__host.a(smp.c.obj)
 .text.sec_level_reachable.isra.0
                0x00000000000327cc       0x60 zephyr/subsys/bluetooth/host/libsubsys__bluetooth__host.a(smp.c.obj)
 .text.display_passkey
                0x000000000003282c       0x58 zephyr/subsys/bluetooth/host/libsubsys__bluetooth__host.a(smp.c.obj)
 .text.smp_init
                0x0000000000032884       0x38 zephyr/subsys/bluetooth/host/libsubsys__bluetooth__host.a(smp.c.obj)
 .text.smp_dhkey_generate
                0x00000000000328bc       0x2c zephyr/subsys/bluetooth/host/libsubsys__bluetooth__host.a(smp.c.obj)
 .text.smp_send_pairing_req
                0x00000000000328e8      0x10c zephyr/subsys/bluetooth/host/libsubsys__bluetooth__host.a(smp.c.obj)
 .text.smp_security_request
                0x00000000000329f4       0xc4 zephyr/subsys/bluetooth/host/libsubsys__bluetooth__host.a(smp.c.obj)
 .text.sc_send_public_key
                0x0000000000032ab8       0x44 zephyr/subsys/bluetooth/host/libsubsys__bluetooth__host.a(smp.c.obj)
 .text.smp_send_pairing_confirm
                0x0000000000032afc       0x78 zephyr/subsys/bluetooth/host/libsubsys__bluetooth__host.a(smp.c.obj)
 .text.smp_pairing_random
                0x0000000000032b74      0x1dc zephyr/subsys/bluetooth/host/libsubsys__bluetooth__host.a(smp.c.obj)
 .text.smp_public_key_periph
                0x0000000000032d50       0xbc zephyr/subsys/bluetooth/host/libsubsys__bluetooth__host.a(smp.c.obj)
 .text.smp_public_key
                0x0000000000032e0c      0x164 zephyr/subsys/bluetooth/host/libsubsys__bluetooth__host.a(smp.c.obj)
 .text.bt_smp_connected
                0x0000000000032f70       0x1c zephyr/subsys/bluetooth/host/libsubsys__bluetooth__host.a(smp.c.obj)
 .text.smp_pairing_accept_query
                0x0000000000032f8c       0x58 zephyr/subsys/bluetooth/host/libsubsys__bluetooth__host.a(smp.c.obj)
 .text.smp_pairing_rsp
                0x0000000000032fe4      0x12c zephyr/subsys/bluetooth/host/libsubsys__bluetooth__host.a(smp.c.obj)
 .text.smp_pairing_req
                0x0000000000033110      0x190 zephyr/subsys/bluetooth/host/libsubsys__bluetooth__host.a(smp.c.obj)
 .text.smp_pairing_complete
                0x00000000000332a0       0xc0 zephyr/subsys/bluetooth/host/libsubsys__bluetooth__host.a(smp.c.obj)
 .text.bt_smp_recv
                0x0000000000033360       0x78 zephyr/subsys/bluetooth/host/libsubsys__bluetooth__host.a(smp.c.obj)
 .text.bt_smp_pkey_ready
                0x00000000000333d8       0x68 zephyr/subsys/bluetooth/host/libsubsys__bluetooth__host.a(smp.c.obj)
 .text.smp_pairing_failed
                0x0000000000033440       0x48 zephyr/subsys/bluetooth/host/libsubsys__bluetooth__host.a(smp.c.obj)
 .text.bt_smp_encrypt_change
                0x0000000000033488       0xf8 zephyr/subsys/bluetooth/host/libsubsys__bluetooth__host.a(smp.c.obj)
 .text.bt_smp_init
                0x0000000000033580       0x38 zephyr/subsys/bluetooth/host/libsubsys__bluetooth__host.a(smp.c.obj)
                0x0000000000033580                bt_smp_init
 .text.bt_keys_get_addr
                0x00000000000335b8       0x88 zephyr/subsys/bluetooth/host/libsubsys__bluetooth__host.a(keys.c.obj)
                0x00000000000335b8                bt_keys_get_addr
 .text.bt_foreach_bond
                0x0000000000033640       0x40 zephyr/subsys/bluetooth/host/libsubsys__bluetooth__host.a(keys.c.obj)
                0x0000000000033640                bt_foreach_bond
 .text.bt_keys_foreach
                0x0000000000033680       0x2c zephyr/subsys/bluetooth/host/libsubsys__bluetooth__host.a(keys.c.obj)
                0x0000000000033680                bt_keys_foreach
 .text.keys_commit
                0x00000000000336ac       0x14 zephyr/subsys/bluetooth/host/libsubsys__bluetooth__host.a(keys.c.obj)
 .text.bt_keys_find
                0x00000000000336c0       0x4c zephyr/subsys/bluetooth/host/libsubsys__bluetooth__host.a(keys.c.obj)
                0x00000000000336c0                bt_keys_find
 .text.bt_keys_find_irk
                0x000000000003370c       0xa4 zephyr/subsys/bluetooth/host/libsubsys__bluetooth__host.a(keys.c.obj)
                0x000000000003370c                bt_keys_find_irk
 .text.bt_keys_find_addr
                0x00000000000337b0       0x3c zephyr/subsys/bluetooth/host/libsubsys__bluetooth__host.a(keys.c.obj)
                0x00000000000337b0                bt_keys_find_addr
 .text.bt_keys_clear
                0x00000000000337ec       0x50 zephyr/subsys/bluetooth/host/libsubsys__bluetooth__host.a(keys.c.obj)
                0x00000000000337ec                bt_keys_clear
 .text.bt_keys_store
                0x000000000003383c       0x40 zephyr/subsys/bluetooth/host/libsubsys__bluetooth__host.a(keys.c.obj)
                0x000000000003383c                bt_keys_store
 .text.mem_init
                0x000000000003387c       0x60 zephyr/subsys/bluetooth/controller/libsubsys__bluetooth__controller.a(mem.c.obj)
                0x000000000003387c                mem_init
 .text.mem_acquire
                0x00000000000338dc       0x34 zephyr/subsys/bluetooth/controller/libsubsys__bluetooth__controller.a(mem.c.obj)
                0x00000000000338dc                mem_acquire
 .text.mem_release
                0x0000000000033910       0x30 zephyr/subsys/bluetooth/controller/libsubsys__bluetooth__controller.a(mem.c.obj)
                0x0000000000033910                mem_release
 .text.mem_get  0x0000000000033940        0x8 zephyr/subsys/bluetooth/controller/libsubsys__bluetooth__controller.a(mem.c.obj)
                0x0000000000033940                mem_get
 .text.mem_index_get
                0x0000000000033948        0xc zephyr/subsys/bluetooth/controller/libsubsys__bluetooth__controller.a(mem.c.obj)
                0x0000000000033948                mem_index_get
 .text.mem_rcopy
                0x0000000000033954       0x1c zephyr/subsys/bluetooth/controller/libsubsys__bluetooth__controller.a(mem.c.obj)
                0x0000000000033954                mem_rcopy
 .text.mem_nz   0x0000000000033970       0x18 zephyr/subsys/bluetooth/controller/libsubsys__bluetooth__controller.a(mem.c.obj)
                0x0000000000033970                mem_nz
 .text.memq_init
                0x0000000000033988        0x8 zephyr/subsys/bluetooth/controller/libsubsys__bluetooth__controller.a(memq.c.obj)
                0x0000000000033988                memq_init
 .text.memq_deinit
                0x0000000000033990       0x14 zephyr/subsys/bluetooth/controller/libsubsys__bluetooth__controller.a(memq.c.obj)
                0x0000000000033990                memq_deinit
 .text.memq_enqueue
                0x00000000000339a4       0x14 zephyr/subsys/bluetooth/controller/libsubsys__bluetooth__controller.a(memq.c.obj)
                0x00000000000339a4                memq_enqueue
 .text.memq_peek
                0x00000000000339b8       0x10 zephyr/subsys/bluetooth/controller/libsubsys__bluetooth__controller.a(memq.c.obj)
                0x00000000000339b8                memq_peek
 .text.memq_dequeue
                0x00000000000339c8       0x20 zephyr/subsys/bluetooth/controller/libsubsys__bluetooth__controller.a(memq.c.obj)
                0x00000000000339c8                memq_dequeue
 .text.mayfly_init
                0x00000000000339e8       0x40 zephyr/subsys/bluetooth/controller/libsubsys__bluetooth__controller.a(mayfly.c.obj)
                0x00000000000339e8                mayfly_init
 .text.mayfly_enable
                0x0000000000033a28       0x68 zephyr/subsys/bluetooth/controller/libsubsys__bluetooth__controller.a(mayfly.c.obj)
                0x0000000000033a28                mayfly_enable
 .text.mayfly_enqueue
                0x0000000000033a90       0xa8 zephyr/subsys/bluetooth/controller/libsubsys__bluetooth__controller.a(mayfly.c.obj)
                0x0000000000033a90                mayfly_enqueue
 .text.mayfly_run
                0x0000000000033b38      0x14c zephyr/subsys/bluetooth/controller/libsubsys__bluetooth__controller.a(mayfly.c.obj)
                0x0000000000033b38                mayfly_run
 .text.util_ones_count_get
                0x0000000000033c84       0x28 zephyr/subsys/bluetooth/controller/libsubsys__bluetooth__controller.a(util.c.obj)
                0x0000000000033c84                util_ones_count_get
 .text.util_aa_le32
                0x0000000000033cac      0x134 zephyr/subsys/bluetooth/controller/libsubsys__bluetooth__controller.a(util.c.obj)
                0x0000000000033cac                util_aa_le32
 .text.ticker_dequeue
                0x0000000000033de0       0x74 zephyr/subsys/bluetooth/controller/libsubsys__bluetooth__controller.a(ticker.c.obj)
 .text.ticks_to_expire_prep
                0x0000000000033e54       0x48 zephyr/subsys/bluetooth/controller/libsubsys__bluetooth__controller.a(ticker.c.obj)
 .text.ticker_job_list_insert
                0x0000000000033e9c      0x210 zephyr/subsys/bluetooth/controller/libsubsys__bluetooth__controller.a(ticker.c.obj)
 .text.ticker_worker
                0x00000000000340ac      0x2a4 zephyr/subsys/bluetooth/controller/libsubsys__bluetooth__controller.a(ticker.c.obj)
                0x00000000000340ac                ticker_worker
 .text.ticker_job
                0x0000000000034350      0x978 zephyr/subsys/bluetooth/controller/libsubsys__bluetooth__controller.a(ticker.c.obj)
                0x0000000000034350                ticker_job
 .text.ticker_init
                0x0000000000034cc8       0x88 zephyr/subsys/bluetooth/controller/libsubsys__bluetooth__controller.a(ticker.c.obj)
                0x0000000000034cc8                ticker_init
 .text.ticker_is_initialized
                0x0000000000034d50       0x18 zephyr/subsys/bluetooth/controller/libsubsys__bluetooth__controller.a(ticker.c.obj)
                0x0000000000034d50                ticker_is_initialized
 .text.ticker_trigger
                0x0000000000034d68       0x30 zephyr/subsys/bluetooth/controller/libsubsys__bluetooth__controller.a(ticker.c.obj)
                0x0000000000034d68                ticker_trigger
 .text.ticker_start_ext
                0x0000000000034d98       0xac zephyr/subsys/bluetooth/controller/libsubsys__bluetooth__controller.a(ticker.c.obj)
                0x0000000000034d98                ticker_start_ext
 .text.ticker_start
                0x0000000000034e44       0x38 zephyr/subsys/bluetooth/controller/libsubsys__bluetooth__controller.a(ticker.c.obj)
                0x0000000000034e44                ticker_start
 .text.ticker_update_ext
                0x0000000000034e7c       0xb0 zephyr/subsys/bluetooth/controller/libsubsys__bluetooth__controller.a(ticker.c.obj)
                0x0000000000034e7c                ticker_update_ext
 .text.ticker_update
                0x0000000000034f2c       0x30 zephyr/subsys/bluetooth/controller/libsubsys__bluetooth__controller.a(ticker.c.obj)
                0x0000000000034f2c                ticker_update
 .text.ticker_stop
                0x0000000000034f5c       0x84 zephyr/subsys/bluetooth/controller/libsubsys__bluetooth__controller.a(ticker.c.obj)
                0x0000000000034f5c                ticker_stop
 .text.ticker_next_slot_get
                0x0000000000034fe0       0x8c zephyr/subsys/bluetooth/controller/libsubsys__bluetooth__controller.a(ticker.c.obj)
                0x0000000000034fe0                ticker_next_slot_get
 .text.ticker_job_sched
                0x000000000003506c       0x30 zephyr/subsys/bluetooth/controller/libsubsys__bluetooth__controller.a(ticker.c.obj)
                0x000000000003506c                ticker_job_sched
 .text.ticker_ticks_now_get
                0x000000000003509c        0x4 zephyr/subsys/bluetooth/controller/libsubsys__bluetooth__controller.a(ticker.c.obj)
                0x000000000003509c                ticker_ticks_now_get
 .text.ticker_ticks_diff_get
                0x00000000000350a0        0x8 zephyr/subsys/bluetooth/controller/libsubsys__bluetooth__controller.a(ticker.c.obj)
                0x00000000000350a0                ticker_ticks_diff_get
 .text.ll_addr_set
                0x00000000000350a8       0x44 zephyr/subsys/bluetooth/controller/libsubsys__bluetooth__controller.a(ll_addr.c.obj)
                0x00000000000350a8                ll_addr_set
 .text.ll_addr_get
                0x00000000000350ec       0x20 zephyr/subsys/bluetooth/controller/libsubsys__bluetooth__controller.a(ll_addr.c.obj)
                0x00000000000350ec                ll_addr_get
 .text.ll_addr_read
                0x000000000003510c       0x30 zephyr/subsys/bluetooth/controller/libsubsys__bluetooth__controller.a(ll_addr.c.obj)
                0x000000000003510c                ll_addr_read
 .text.ll_tx_pwr_lvl_get
                0x000000000003513c       0x20 zephyr/subsys/bluetooth/controller/libsubsys__bluetooth__controller.a(ll_tx_pwr.c.obj)
                0x000000000003513c                ll_tx_pwr_lvl_get
 .text.ll_tx_pwr_get
                0x000000000003515c        0x8 zephyr/subsys/bluetooth/controller/libsubsys__bluetooth__controller.a(ll_tx_pwr.c.obj)
                0x000000000003515c                ll_tx_pwr_get
 .text.hci_driver_init
                0x0000000000035164       0x10 zephyr/subsys/bluetooth/controller/libsubsys__bluetooth__controller.a(hci_driver.c.obj)
 .text.hci_driver_send
                0x0000000000035174       0x6c zephyr/subsys/bluetooth/controller/libsubsys__bluetooth__controller.a(hci_driver.c.obj)
 .text.recv_thread
                0x00000000000351e0      0x118 zephyr/subsys/bluetooth/controller/libsubsys__bluetooth__controller.a(hci_driver.c.obj)
 .text.prio_recv_thread
                0x00000000000352f8       0xc8 zephyr/subsys/bluetooth/controller/libsubsys__bluetooth__controller.a(hci_driver.c.obj)
 .text.hci_driver_open
                0x00000000000353c0       0x90 zephyr/subsys/bluetooth/controller/libsubsys__bluetooth__controller.a(hci_driver.c.obj)
 .text.dup_found.part.0
                0x0000000000035450       0xb8 zephyr/subsys/bluetooth/controller/libsubsys__bluetooth__controller.a(hci.c.obj)
 .text.le_remote_feat_complete
                0x0000000000035508       0x70 zephyr/subsys/bluetooth/controller/libsubsys__bluetooth__controller.a(hci.c.obj)
 .text.hci_vendor_cmd_handle_common
                0x0000000000035578      0x17c zephyr/subsys/bluetooth/controller/libsubsys__bluetooth__controller.a(hci.c.obj)
                0x0000000000035578                hci_vendor_cmd_handle_common
 .text.hci_cmd_handle
                0x00000000000356f4      0x9a8 zephyr/subsys/bluetooth/controller/libsubsys__bluetooth__controller.a(hci.c.obj)
                0x00000000000356f4                hci_cmd_handle
 .text.hci_acl_handle
                0x000000000003609c       0xc8 zephyr/subsys/bluetooth/controller/libsubsys__bluetooth__controller.a(hci.c.obj)
                0x000000000003609c                hci_acl_handle
 .text.hci_disconn_complete_encode
                0x0000000000036164       0x40 zephyr/subsys/bluetooth/controller/libsubsys__bluetooth__controller.a(hci.c.obj)
                0x0000000000036164                hci_disconn_complete_encode
 .text.hci_disconn_complete_process
                0x00000000000361a4       0x10 zephyr/subsys/bluetooth/controller/libsubsys__bluetooth__controller.a(hci.c.obj)
                0x00000000000361a4                hci_disconn_complete_process
 .text.hci_acl_encode
                0x00000000000361b4       0x74 zephyr/subsys/bluetooth/controller/libsubsys__bluetooth__controller.a(hci.c.obj)
                0x00000000000361b4                hci_acl_encode
 .text.hci_evt_encode
                0x0000000000036228      0x7f4 zephyr/subsys/bluetooth/controller/libsubsys__bluetooth__controller.a(hci.c.obj)
                0x0000000000036228                hci_evt_encode
 .text.hci_num_cmplt_encode
                0x0000000000036a1c       0x30 zephyr/subsys/bluetooth/controller/libsubsys__bluetooth__controller.a(hci.c.obj)
                0x0000000000036a1c                hci_num_cmplt_encode
 .text.hci_get_class
                0x0000000000036a4c       0x2c zephyr/subsys/bluetooth/controller/libsubsys__bluetooth__controller.a(hci.c.obj)
                0x0000000000036a4c                hci_get_class
 .text.hci_init
                0x0000000000036a78       0x4c zephyr/subsys/bluetooth/controller/libsubsys__bluetooth__controller.a(hci.c.obj)
                0x0000000000036a78                hci_init
 .text.bt_rand  0x0000000000036ac4        0x4 zephyr/subsys/bluetooth/controller/libsubsys__bluetooth__controller.a(crypto.c.obj)
                0x0000000000036ac4                bt_rand
 .text.bt_encrypt_le
                0x0000000000036ac8        0xc zephyr/subsys/bluetooth/controller/libsubsys__bluetooth__controller.a(crypto.c.obj)
                0x0000000000036ac8                bt_encrypt_le
 .text.ll_feat_get
                0x0000000000036ad4        0xc zephyr/subsys/bluetooth/controller/libsubsys__bluetooth__controller.a(ll_feat.c.obj)
                0x0000000000036ad4                ll_feat_get
 .text.perform_lll_reset
                0x0000000000036ae0       0xc0 zephyr/subsys/bluetooth/controller/libsubsys__bluetooth__controller.a(ull.c.obj)
 .text.ull_ticker_status_give
                0x0000000000036ba0        0xc zephyr/subsys/bluetooth/controller/libsubsys__bluetooth__controller.a(ull.c.obj)
                0x0000000000036ba0                ull_ticker_status_give
 .text.disabled_cb
                0x0000000000036bac        0x4 zephyr/subsys/bluetooth/controller/libsubsys__bluetooth__controller.a(ull.c.obj)
 .text.tx_cmplt_get
                0x0000000000036bb0       0xc0 zephyr/subsys/bluetooth/controller/libsubsys__bluetooth__controller.a(ull.c.obj)
 .text.ull_done
                0x0000000000036c70      0x114 zephyr/subsys/bluetooth/controller/libsubsys__bluetooth__controller.a(ull.c.obj)
 .text.rx_alloc
                0x0000000000036d84       0xe8 zephyr/subsys/bluetooth/controller/libsubsys__bluetooth__controller.a(ull.c.obj)
 .text.rx_demux
                0x0000000000036e6c      0x1d4 zephyr/subsys/bluetooth/controller/libsubsys__bluetooth__controller.a(ull.c.obj)
 .text.ll_rx_get
                0x0000000000037040      0x1c4 zephyr/subsys/bluetooth/controller/libsubsys__bluetooth__controller.a(ull.c.obj)
                0x0000000000037040                ll_rx_get
 .text.ll_rx_dequeue
                0x0000000000037204      0x190 zephyr/subsys/bluetooth/controller/libsubsys__bluetooth__controller.a(ull.c.obj)
                0x0000000000037204                ll_rx_dequeue
 .text.ll_rx_mem_release
                0x0000000000037394      0x1a4 zephyr/subsys/bluetooth/controller/libsubsys__bluetooth__controller.a(ull.c.obj)
                0x0000000000037394                ll_rx_mem_release
 .text.ll_rx_link_alloc
                0x0000000000037538        0xc zephyr/subsys/bluetooth/controller/libsubsys__bluetooth__controller.a(ull.c.obj)
                0x0000000000037538                ll_rx_link_alloc
 .text.ll_rx_link_release
                0x0000000000037544        0xc zephyr/subsys/bluetooth/controller/libsubsys__bluetooth__controller.a(ull.c.obj)
                0x0000000000037544                ll_rx_link_release
 .text.ll_rx_alloc
                0x0000000000037550        0xc zephyr/subsys/bluetooth/controller/libsubsys__bluetooth__controller.a(ull.c.obj)
                0x0000000000037550                ll_rx_alloc
 .text.ll_rx_release
                0x000000000003755c        0xc zephyr/subsys/bluetooth/controller/libsubsys__bluetooth__controller.a(ull.c.obj)
                0x000000000003755c                ll_rx_release
 .text.ll_rx_put
                0x0000000000037568       0x14 zephyr/subsys/bluetooth/controller/libsubsys__bluetooth__controller.a(ull.c.obj)
                0x0000000000037568                ll_rx_put
 .text.ll_rx_sched
                0x000000000003757c        0xc zephyr/subsys/bluetooth/controller/libsubsys__bluetooth__controller.a(ull.c.obj)
                0x000000000003757c                ll_rx_sched
 .text.ll_pdu_rx_alloc_peek
                0x0000000000037588       0x3c zephyr/subsys/bluetooth/controller/libsubsys__bluetooth__controller.a(ull.c.obj)
                0x0000000000037588                ll_pdu_rx_alloc_peek
 .text.ll_pdu_rx_alloc
                0x00000000000375c4       0x2c zephyr/subsys/bluetooth/controller/libsubsys__bluetooth__controller.a(ull.c.obj)
                0x00000000000375c4                ll_pdu_rx_alloc
 .text.ll_tx_ack_put
                0x00000000000375f0       0x68 zephyr/subsys/bluetooth/controller/libsubsys__bluetooth__controller.a(ull.c.obj)
                0x00000000000375f0                ll_tx_ack_put
 .text.ll_timeslice_ticker_id_get
                0x0000000000037658        0xc zephyr/subsys/bluetooth/controller/libsubsys__bluetooth__controller.a(ull.c.obj)
                0x0000000000037658                ll_timeslice_ticker_id_get
 .text.ll_radio_state_abort
                0x0000000000037664       0x40 zephyr/subsys/bluetooth/controller/libsubsys__bluetooth__controller.a(ull.c.obj)
                0x0000000000037664                ll_radio_state_abort
 .text.ull_ticker_status_take
                0x00000000000376a4       0x50 zephyr/subsys/bluetooth/controller/libsubsys__bluetooth__controller.a(ull.c.obj)
                0x00000000000376a4                ull_ticker_status_take
 .text.ull_disable_mark
                0x00000000000376f4       0x18 zephyr/subsys/bluetooth/controller/libsubsys__bluetooth__controller.a(ull.c.obj)
                0x00000000000376f4                ull_disable_mark