Archive member included to satisfy reference by file (symbol)

app/libapp.a(stdlib.c.obj)    (--whole-archive)
app/libapp.a(activity.c.obj)  (--whole-archive)
app/libapp.a(kscan.c.obj)     (--whole-archive)
app/libapp.a(matrix_transform.c.obj)
                              (--whole-archive)
app/libapp.a(sensors.c.obj)   (--whole-archive)
app/libapp.a(event_manager.c.obj)
                              (--whole-archive)
app/libapp.a(ext_power_generic.c.obj)
                              (--whole-archive)
app/libapp.a(activity_state_changed.c.obj)
                              (--whole-archive)
app/libapp.a(position_state_changed.c.obj)
                              (--whole-archive)
app/libapp.a(sensor_event.c.obj)
                              (--whole-archive)
app/libapp.a(usb_conn_state_changed.c.obj)
                              (--whole-archive)
app/libapp.a(behavior_reset.c.obj)
                              (--whole-archive)
app/libapp.a(behavior_ext_power.c.obj)
                              (--whole-archive)
app/libapp.a(battery_state_changed.c.obj)
                              (--whole-archive)
app/libapp.a(battery.c.obj)   (--whole-archive)
app/libapp.a(split_peripheral_status_changed.c.obj)
                              (--whole-archive)
app/libapp.a(split_listener.c.obj)
                              (--whole-archive)
app/libapp.a(service.c.obj)   (--whole-archive)
app/libapp.a(peripheral.c.obj)
                              (--whole-archive)
app/libapp.a(usb.c.obj)       (--whole-archive)
app/libapp.a(main.c.obj)      (--whole-archive)
zephyr/libzephyr.a(cbprintf.c.obj)
                              (--whole-archive)
zephyr/libzephyr.a(cbprintf_packaged.c.obj)
                              (--whole-archive)
zephyr/libzephyr.a(crc32c_sw.c.obj)
                              (--whole-archive)
zephyr/libzephyr.a(crc32_sw.c.obj)
                              (--whole-archive)
zephyr/libzephyr.a(crc16_sw.c.obj)
                              (--whole-archive)
zephyr/libzephyr.a(crc8_sw.c.obj)
                              (--whole-archive)
zephyr/libzephyr.a(crc7_sw.c.obj)
                              (--whole-archive)
zephyr/libzephyr.a(dec.c.obj)
                              (--whole-archive)
zephyr/libzephyr.a(fdtable.c.obj)
                              (--whole-archive)
zephyr/libzephyr.a(hex.c.obj)
                              (--whole-archive)
zephyr/libzephyr.a(notify.c.obj)
                              (--whole-archive)
zephyr/libzephyr.a(printk.c.obj)
                              (--whole-archive)
zephyr/libzephyr.a(onoff.c.obj)
                              (--whole-archive)
zephyr/libzephyr.a(rb.c.obj)  (--whole-archive)
zephyr/libzephyr.a(sem.c.obj)
                              (--whole-archive)
zephyr/libzephyr.a(thread_entry.c.obj)
                              (--whole-archive)
zephyr/libzephyr.a(timeutil.c.obj)
                              (--whole-archive)
zephyr/libzephyr.a(heap.c.obj)
                              (--whole-archive)
zephyr/libzephyr.a(heap-validate.c.obj)
                              (--whole-archive)
zephyr/libzephyr.a(bitarray.c.obj)
                              (--whole-archive)
zephyr/libzephyr.a(multi_heap.c.obj)
                              (--whole-archive)
zephyr/libzephyr.a(cbprintf_nano.c.obj)
                              (--whole-archive)
zephyr/libzephyr.a(reboot.c.obj)
                              (--whole-archive)
zephyr/libzephyr.a(configs.c.obj)
                              (--whole-archive)
zephyr/libzephyr.a(soc_nrf_common.S.obj)
                              (--whole-archive)
zephyr/libzephyr.a(validate_base_addresses.c.obj)
                              (--whole-archive)
zephyr/libzephyr.a(validate_enabled_instances.c.obj)
                              (--whole-archive)
zephyr/libzephyr.a(dis.c.obj)
                              (--whole-archive)
zephyr/libzephyr.a(bas.c.obj)
                              (--whole-archive)
zephyr/libzephyr.a(nvs.c.obj)
                              (--whole-archive)
zephyr/libzephyr.a(addr_utils.c.obj)
                              (--whole-archive)
zephyr/libzephyr.a(usb_device.c.obj)
                              (--whole-archive)
zephyr/libzephyr.a(usb_descriptor.c.obj)
                              (--whole-archive)
zephyr/libzephyr.a(usb_transfer.c.obj)
                              (--whole-archive)
zephyr/libzephyr.a(flash_map.c.obj)
                              (--whole-archive)
zephyr/libzephyr.a(flash_map_default.c.obj)
                              (--whole-archive)
zephyr/libzephyr.a(flash_map_layout.c.obj)
                              (--whole-archive)
zephyr/libzephyr.a(settings_store.c.obj)
                              (--whole-archive)
zephyr/libzephyr.a(settings.c.obj)
                              (--whole-archive)
zephyr/libzephyr.a(settings_init.c.obj)
                              (--whole-archive)
zephyr/libzephyr.a(settings_line.c.obj)
[...]
Memory Configuration

Name             Origin             Length             Attributes
FLASH            0x0000000000026000 0x00000000000c6000 xr
SRAM             0x0000000020000000 0x0000000000040000 xw
IDT_LIST         0x00000000fffff7ff 0x0000000000000800 xw
*default*        0x0000000000000000 0xffffffffffffffff

Linker script and memory map

LOAD zephyr/CMakeFiles/zephyr_pre1.dir/misc/empty_file.c.obj
LOAD zephyr/CMakeFiles/zephyr_pre1.dir/dev_handles.c.obj
LOAD zephyr/CMakeFiles/offsets.dir/./arch/arm/core/offsets/offsets.c.obj
                0x0000000000000020                _region_min_align = 0x20

.rel.plt        0x0000000000026000        0x0
 *(SORT_BY_ALIGNMENT(.rel.plt))
                [!provide]                        PROVIDE (__rel_iplt_start = .)
 *(SORT_BY_ALIGNMENT(.rel.iplt))
 .rel.iplt      0x0000000000026000        0x0 app/libapp.a(activity.c.obj)
                [!provide]                        PROVIDE (__rel_iplt_end = .)

.rela.plt       0x0000000000000000        0x0
 *(SORT_BY_ALIGNMENT(.rela.plt))
                [!provide]                        PROVIDE (__rela_iplt_start = .)
 *(SORT_BY_ALIGNMENT(.rela.iplt))
                [!provide]                        PROVIDE (__rela_iplt_end = .)

.rel.dyn
 *(SORT_BY_ALIGNMENT(.rel.*))

.rela.dyn
 *(SORT_BY_ALIGNMENT(.rela.*))

/DISCARD/
 *(SORT_BY_ALIGNMENT(.plt))

/DISCARD/
 *(SORT_BY_ALIGNMENT(.iplt))
                0x0000000000026000                __rom_region_start = 0x26000

rom_start       0x0000000000026000      0x100
                0x0000000000000000                . = 0x0
                0x0000000000000000                . = ALIGN (0x4)
                0x0000000000000000                . = ALIGN (0x80)
                0x0000000000000000                . = ALIGN (0x100)
                0x0000000000026000                _vector_start = .
 *(SORT_BY_ALIGNMENT(.exc_vector_table))
 *(SORT_BY_ALIGNMENT(.exc_vector_table.*))
 .exc_vector_table._vector_table_section
                0x0000000000026000       0x40 zephyr/arch/arch/arm/core/aarch32/cortex_m/libarch__arm__core__aarch32__cortex_m.a(vector_table.S.obj)
                0x0000000000026000                _vector_table
 *(SORT_BY_ALIGNMENT(.gnu.linkonce.irq_vector_table*))
 .gnu.linkonce.irq_vector_table
                0x0000000000026040       0xc0 zephyr/arch/common/libisr_tables.a(isr_tables.c.obj)
                0x0000000000026040                _irq_vector_table
 *(SORT_BY_ALIGNMENT(.vectors))
                0x0000000000026100                _vector_end = .

text            0x0000000000026100    0x231e4
                0x0000000000026100                __text_region_start = .
 *(SORT_BY_ALIGNMENT(.text))
 .text          0x0000000000026100       0x30 /Applications/ArmGNUToolchain/11.3.rel1/arm-none-eabi/bin/../lib/gcc/arm-none-eabi/11.3.1/thumb/v7e-m/nofp/libgcc.a(_aeabi_uldivmod.o)
                0x0000000000026100                __aeabi_uldivmod
 .text          0x0000000000026130        0x4 /Applications/ArmGNUToolchain/11.3.rel1/arm-none-eabi/bin/../lib/gcc/arm-none-eabi/11.3.1/thumb/v7e-m/nofp/libgcc.a(_dvmd_tls.o)
                0x0000000000026130                __aeabi_ldiv0
                0x0000000000026130                __aeabi_idiv0
 *(SORT_BY_ALIGNMENT(.text.*))
 *fill*         0x0000000000026134        0x4 
 .text.bt_init  0x0000000000026138      0x420 zephyr/subsys/bluetooth/host/libsubsys__bluetooth__host.a(hci_core.c.obj)
 .text.ull_drift_ticks_get
                0x0000000000026558       0x94 zephyr/subsys/bluetooth/controller/libsubsys__bluetooth__controller.a(ull.c.obj)
                0x0000000000026558                ull_drift_ticks_get
 *fill*         0x00000000000265ec        0x4 
 .text.ll_adv_enable
                0x00000000000265f0      0x450 zephyr/subsys/bluetooth/controller/libsubsys__bluetooth__controller.a(ull_adv.c.obj)
                0x00000000000265f0                ll_adv_enable
 .text.ull_adv_time_update
                0x0000000000026a40       0xb0 zephyr/subsys/bluetooth/controller/libsubsys__bluetooth__controller.a(ull_adv.c.obj)
                0x0000000000026a40                ull_adv_time_update
 .text.event_conn_upd_prep
                0x0000000000026af0      0x57c zephyr/subsys/bluetooth/controller/libsubsys__bluetooth__controller.a(ull_conn.c.obj)
 *fill*         0x000000000002706c        0x4 
 .text.ull_periph_setup
                0x0000000000027070      0x484 zephyr/subsys/bluetooth/controller/libsubsys__bluetooth__controller.a(ull_peripheral.c.obj)
                0x0000000000027070                ull_periph_setup
 *fill*         0x00000000000274f4        0x4 
 .text.nrf_flash_sync_exe
                0x00000000000274f8       0xf8 zephyr/drivers/flash/libdrivers__flash.a(soc_flash_nrf_ticker.c.obj)
                0x00000000000274f8                nrf_flash_sync_exe
 .text.nrf_flash_sync_check_time_limit
                0x00000000000275f0       0x48 zephyr/drivers/flash/libdrivers__flash.a(soc_flash_nrf_ticker.c.obj)
                0x00000000000275f0                nrf_flash_sync_check_time_limit
 .text.activity_expiry_function
                0x0000000000027638        0xc app/libapp.a(activity.c.obj)
                0x0000000000027638                activity_expiry_function
 .text.activity_init
                0x0000000000027644       0x3c app/libapp.a(activity.c.obj)
                0x0000000000027644                activity_init
 .text.raise_event
                0x0000000000027680       0x18 app/libapp.a(activity.c.obj)
                0x0000000000027680                raise_event
 .text.set_state
                0x0000000000027698       0x18 app/libapp.a(activity.c.obj)
                0x0000000000027698                set_state
 .text.activity_event_listener
                0x00000000000276b0       0x2c app/libapp.a(activity.c.obj)
                0x00000000000276b0                activity_event_listener
 .text.activity_work_handler
                0x00000000000276dc       0x38 app/libapp.a(activity.c.obj)
                0x00000000000276dc                activity_work_handler
 .text.zmk_kscan_process_msgq
                0x0000000000027714       0x68 app/libapp.a(kscan.c.obj)
                0x0000000000027714                zmk_kscan_process_msgq
 .text.zmk_kscan_callback
                0x000000000002777c       0x2c app/libapp.a(kscan.c.obj)
 .text.zmk_kscan_init
                0x00000000000277a8       0x40 app/libapp.a(kscan.c.obj)
                0x00000000000277a8                zmk_kscan_init
 .text.zmk_matrix_transform_row_column_to_position
                0x00000000000277e8       0x14 app/libapp.a(matrix_transform.c.obj)
                0x00000000000277e8                zmk_matrix_transform_row_column_to_position
 .text.zmk_event_manager_handle_from
                0x00000000000277fc       0x5c app/libapp.a(event_manager.c.obj)
                0x00000000000277fc                zmk_event_manager_handle_from
 .text.ext_power_generic_init
                0x0000000000027858       0xbc app/libapp.a(ext_power_generic.c.obj)
 .text.ext_power_save_state_work
                0x0000000000027914       0x30 app/libapp.a(ext_power_generic.c.obj)
 .text.ext_power_save_state
                0x0000000000027944       0x18 app/libapp.a(ext_power_generic.c.obj)
                0x0000000000027944                ext_power_save_state
 .text.ext_power_settings_set
                0x000000000002795c       0x64 app/libapp.a(ext_power_generic.c.obj)
 .text.new_zmk_activity_state_changed
                0x00000000000279c0       0x18 app/libapp.a(activity_state_changed.c.obj)
                0x00000000000279c0                new_zmk_activity_state_changed
 .text.new_zmk_position_state_changed
                0x00000000000279d8       0x38 app/libapp.a(position_state_changed.c.obj)
                0x00000000000279d8                new_zmk_position_state_changed
 .text.as_zmk_position_state_changed
                0x0000000000027a10       0x14 app/libapp.a(position_state_changed.c.obj)
                0x0000000000027a10                as_zmk_position_state_changed
 .text.new_zmk_usb_conn_state_changed
                0x0000000000027a24       0x18 app/libapp.a(usb_conn_state_changed.c.obj)
                0x0000000000027a24                new_zmk_usb_conn_state_changed
 .text.on_keymap_binding_pressed
                0x0000000000027a3c       0x58 app/libapp.a(behavior_ext_power.c.obj)
 .text.on_keymap_binding_convert_central_state_dependent_params
                0x0000000000027a94       0x3c app/libapp.a(behavior_ext_power.c.obj)
 .text.new_zmk_battery_state_changed
                0x0000000000027ad0       0x18 app/libapp.a(battery_state_changed.c.obj)
                0x0000000000027ad0                new_zmk_battery_state_changed
 .text.zmk_battery_timer
                0x0000000000027ae8        0xc app/libapp.a(battery.c.obj)
 .text.zmk_battery_update.constprop.0
                0x0000000000027af4       0x48 app/libapp.a(battery.c.obj)
 .text.zmk_battery_init
                0x0000000000027b3c       0x38 app/libapp.a(battery.c.obj)
 .text.new_zmk_split_peripheral_status_changed
                0x0000000000027b74       0x18 app/libapp.a(split_peripheral_status_changed.c.obj)
                0x0000000000027b74                new_zmk_split_peripheral_status_changed
 .text.split_svc_pos_state
                0x0000000000027b8c       0x1c app/libapp.a(service.c.obj)
 .text.service_init
                0x0000000000027ba8       0x28 app/libapp.a(service.c.obj)
                0x0000000000027ba8                service_init
 .text.send_position_state_callback
                0x0000000000027bd0       0x48 app/libapp.a(service.c.obj)
                0x0000000000027bd0                send_position_state_callback
 .text.send_position_state
                0x0000000000027c18       0x4c app/libapp.a(service.c.obj)
                0x0000000000027c18                send_position_state
 .text.zmk_split_bt_position_pressed
                0x0000000000027c64       0x1c app/libapp.a(service.c.obj)
                0x0000000000027c64                zmk_split_bt_position_pressed
 .text.zmk_split_bt_position_released
                0x0000000000027c80       0x20 app/libapp.a(service.c.obj)
                0x0000000000027c80                zmk_split_bt_position_released
 .text.connected
                0x0000000000027ca0       0x1c app/libapp.a(peripheral.c.obj)
 .text.bt_addr_le_to_str.constprop.0.isra.0
                0x0000000000027cbc       0x78 app/libapp.a(peripheral.c.obj)
 .text.disconnected
                0x0000000000027d34       0x28 app/libapp.a(peripheral.c.obj)
 .text.zmk_peripheral_ble_init
                0x0000000000027d5c       0x58 app/libapp.a(peripheral.c.obj)
 .text.usb_status_cb
                0x0000000000027db4       0x14 app/libapp.a(usb.c.obj)
                0x0000000000027db4                usb_status_cb
 .text.zmk_usb_init
                0x0000000000027dc8       0x18 app/libapp.a(usb.c.obj)
 .text.zmk_usb_get_conn_state
                0x0000000000027de0       0x28 app/libapp.a(usb.c.obj)
                0x0000000000027de0                zmk_usb_get_conn_state
 .text.main     0x0000000000027e08        0xc app/libapp.a(main.c.obj)
                0x0000000000027e08                main
 .text.crc8_ccitt
                0x0000000000027e14       0x2c zephyr/libzephyr.a(crc8_sw.c.obj)
                0x0000000000027e14                crc8_ccitt
 .text.char_out
                0x0000000000027e40       0x10 zephyr/libzephyr.a(printk.c.obj)
 .text.vprintk  0x0000000000027e50       0x1c zephyr/libzephyr.a(printk.c.obj)
                0x0000000000027e50                vprintk
 .text.vsnprintk
                0x0000000000027e6c       0x28 zephyr/libzephyr.a(printk.c.obj)
                0x0000000000027e6c                vsnprintk
 .text.process_event
                0x0000000000027e94      0x1bc zephyr/libzephyr.a(onoff.c.obj)
 .text.cbvprintf
                0x0000000000028050      0x440 zephyr/libzephyr.a(cbprintf_nano.c.obj)
                0x0000000000028050                cbvprintf
 .text.sys_reboot
                0x0000000000028490       0x28 zephyr/libzephyr.a(reboot.c.obj)
                0x0000000000028490                sys_reboot
 .text.read_pnp_id
                0x00000000000284b8       0x1c zephyr/libzephyr.a(dis.c.obj)
 .text.read_blvl
                0x00000000000284d4       0x28 zephyr/libzephyr.a(bas.c.obj)
 .text.bt_bas_set_battery_level
                0x00000000000284fc       0x50 zephyr/libzephyr.a(bas.c.obj)
                0x00000000000284fc                bt_bas_set_battery_level
 .text.nvs_recover_last_ate
                0x000000000002854c       0x64 zephyr/libzephyr.a(nvs.c.obj)
 .text.nvs_init
                0x00000000000285b0      0x2b8 zephyr/libzephyr.a(nvs.c.obj)
                0x00000000000285b0                nvs_init
 .text.nvs_write
                0x0000000000028868      0x18c zephyr/libzephyr.a(nvs.c.obj)
                0x0000000000028868                nvs_write
 .text.class_handler
                0x00000000000289f4       0x40 zephyr/libzephyr.a(usb_device.c.obj)
 .text.custom_handler
                0x0000000000028a34       0x60 zephyr/libzephyr.a(usb_device.c.obj)
 .text.vendor_handler
                0x0000000000028a94       0x3c zephyr/libzephyr.a(usb_device.c.obj)
 .text.set_endpoint
                0x0000000000028ad0       0x54 zephyr/libzephyr.a(usb_device.c.obj)
 .text.usb_reset_alt_setting
                0x0000000000028b24       0x10 zephyr/libzephyr.a(usb_device.c.obj)
 .text.is_ep_valid.part.0
                0x0000000000028b34       0x38 zephyr/libzephyr.a(usb_device.c.obj)
 .text.usb_handle_request.constprop.0
                0x0000000000028b6c       0x2c zephyr/libzephyr.a(usb_device.c.obj)
 .text.forward_status_cb
                0x0000000000028b98       0x9c zephyr/libzephyr.a(usb_device.c.obj)
 .text.usb_halt_endpoint_req.isra.0
                0x0000000000028c34       0x58 zephyr/libzephyr.a(usb_device.c.obj)
 .text.usb_handle_standard_request
                0x0000000000028c8c      0x308 zephyr/libzephyr.a(usb_device.c.obj)
 .text.usb_data_to_host
                0x0000000000028f94       0x54 zephyr/libzephyr.a(usb_device.c.obj)
 .text.usb_handle_control_transfer
                0x0000000000028fe8       0xdc zephyr/libzephyr.a(usb_device.c.obj)
 .text.usb_set_config
                0x00000000000290c4       0x2c zephyr/libzephyr.a(usb_device.c.obj)
                0x00000000000290c4                usb_set_config
 .text.usb_device_init
                0x00000000000290f0       0x28 zephyr/libzephyr.a(usb_device.c.obj)
 .text.usb_enable
                0x0000000000029118       0xf4 zephyr/libzephyr.a(usb_device.c.obj)
                0x0000000000029118                usb_enable
 .text.usb_update_sn_string_descriptor
                0x000000000002920c       0x88 zephyr/libzephyr.a(usb_descriptor.c.obj)
                0x000000000002920c                usb_update_sn_string_descriptor
 .text.usb_get_device_descriptor
                0x0000000000029294      0x1b0 zephyr/libzephyr.a(usb_descriptor.c.obj)
                0x0000000000029294                usb_get_device_descriptor
 .text.usb_ep_get_transfer
                0x0000000000029444       0x2c zephyr/libzephyr.a(usb_transfer.c.obj)
 .text.usb_transfer_work
                0x0000000000029470      0x110 zephyr/libzephyr.a(usb_transfer.c.obj)
 .text.usb_cancel_transfer
                0x0000000000029580       0x3c zephyr/libzephyr.a(usb_transfer.c.obj)
                0x0000000000029580                usb_cancel_transfer
 .text.usb_cancel_transfers
                0x00000000000295bc       0x50 zephyr/libzephyr.a(usb_transfer.c.obj)
                0x00000000000295bc                usb_cancel_transfers
 .text.usb_transfer_init
                0x000000000002960c       0x34 zephyr/libzephyr.a(usb_transfer.c.obj)
                0x000000000002960c                usb_transfer_init
 .text.flash_area_open
                0x0000000000029640       0x3c zephyr/libzephyr.a(flash_map.c.obj)
                0x0000000000029640                flash_area_open
 .text.flash_area_get_sectors
                0x000000000002967c       0x68 zephyr/libzephyr.a(flash_map_layout.c.obj)
                0x000000000002967c                flash_area_get_sectors
 .text.settings_save_one
                0x00000000000296e4       0x4c zephyr/libzephyr.a(settings_store.c.obj)
                0x00000000000296e4                settings_save_one
 .text.settings_src_register
                0x0000000000029730       0x1c zephyr/libzephyr.a(settings_store.c.obj)
                0x0000000000029730                settings_src_register
 .text.settings_dst_register
                0x000000000002974c        0xc zephyr/libzephyr.a(settings_store.c.obj)
                0x000000000002974c                settings_dst_register
 .text.settings_load_subtree
                0x0000000000029758       0x4c zephyr/libzephyr.a(settings_store.c.obj)
                0x0000000000029758                settings_load_subtree
 .text.settings_load_subtree_direct
                0x00000000000297a4       0x40 zephyr/libzephyr.a(settings_store.c.obj)
                0x00000000000297a4                settings_load_subtree_direct
 .text.settings_store_init
                0x00000000000297e4       0x10 zephyr/libzephyr.a(settings_store.c.obj)
                0x00000000000297e4                settings_store_init
 .text.settings_init
                0x00000000000297f4       0x10 zephyr/libzephyr.a(settings.c.obj)
                0x00000000000297f4                settings_init
 .text.settings_register
                0x0000000000029804       0x80 zephyr/libzephyr.a(settings.c.obj)
                0x0000000000029804                settings_register
 .text.settings_parse_and_lookup
                0x0000000000029884       0x94 zephyr/libzephyr.a(settings.c.obj)
                0x0000000000029884                settings_parse_and_lookup
 .text.settings_commit_subtree
                0x0000000000029918       0x70 zephyr/libzephyr.a(settings.c.obj)
                0x0000000000029918                settings_commit_subtree
 .text.settings_subsys_init
                0x0000000000029988       0x20 zephyr/libzephyr.a(settings_init.c.obj)
                0x0000000000029988                settings_subsys_init
 .text.settings_nvs_load
                0x00000000000299a8       0xbc zephyr/libzephyr.a(settings_nvs.c.obj)
 .text.settings_backend_init
                0x0000000000029a64       0x98 zephyr/libzephyr.a(settings_nvs.c.obj)
                0x0000000000029a64                settings_backend_init
 .text.pm_state_notify
                0x0000000000029afc       0x5c zephyr/libzephyr.a(pm.c.obj)
 .text.atomic_clear_bit.constprop.0
                0x0000000000029b58       0x30 zephyr/libzephyr.a(pm.c.obj)
 .text.pm_system_resume
                0x0000000000029b88       0x84 zephyr/libzephyr.a(pm.c.obj)
                0x0000000000029b88                pm_system_resume
 .text.pm_system_suspend
                0x0000000000029c0c       0xf8 zephyr/libzephyr.a(pm.c.obj)
                0x0000000000029c0c                pm_system_suspend
 .text.pm_constraint_get
                0x0000000000029d04       0x1c zephyr/libzephyr.a(constraint.c.obj)
                0x0000000000029d04                pm_constraint_get
 .text.pm_state_cpu_get_all
                0x0000000000029d20       0x10 zephyr/libzephyr.a(state.c.obj)
                0x0000000000029d20                pm_state_cpu_get_all
 .text.pm_policy_next_state
                0x0000000000029d30       0x8c zephyr/libzephyr.a(residency.c.obj)
                0x0000000000029d30                pm_policy_next_state
 .text.uECC_get_rng
                0x0000000000029dbc        0xc zephyr/libzephyr.a(ecc.c.obj)
                0x0000000000029dbc                uECC_get_rng
 .text.vli_mmod_fast_secp256r1
                0x0000000000029dc8      0x184 zephyr/libzephyr.a(ecc.c.obj)
                0x0000000000029dc8                vli_mmod_fast_secp256r1
 .text.sub_bytes
                0x0000000000029f4c       0x18 zephyr/libzephyr.a(aes_encrypt.c.obj)
 .text.tc_aes128_set_encrypt_key
                0x0000000000029f64       0xa4 zephyr/libzephyr.a(aes_encrypt.c.obj)
                0x0000000000029f64                tc_aes128_set_encrypt_key
 .text.z_arm_cpu_idle_init
                0x000000000002a008        0xc zephyr/arch/arch/arm/core/aarch32/libarch__arm__core__aarch32.a(cpu_idle.S.obj)
                0x000000000002a008                z_arm_cpu_idle_init
 .text.arch_cpu_idle
                0x000000000002a014       0x1c zephyr/arch/arch/arm/core/aarch32/libarch__arm__core__aarch32.a(cpu_idle.S.obj)
                0x000000000002a014                arch_cpu_idle
 .text.arch_cpu_atomic_idle
                0x000000000002a030       0x14 zephyr/arch/arch/arm/core/aarch32/libarch__arm__core__aarch32.a(cpu_idle.S.obj)
                0x000000000002a030                arch_cpu_atomic_idle
 .text.arch_irq_enable
                0x000000000002a044       0x1c zephyr/arch/arch/arm/core/aarch32/libarch__arm__core__aarch32.a(irq_manage.c.obj)
                0x000000000002a044                arch_irq_enable
 .text.arch_irq_disable
                0x000000000002a060       0x28 zephyr/arch/arch/arm/core/aarch32/libarch__arm__core__aarch32.a(irq_manage.c.obj)
                0x000000000002a060                arch_irq_disable
 .text.arch_irq_is_enabled
                0x000000000002a088       0x1c zephyr/arch/arch/arm/core/aarch32/libarch__arm__core__aarch32.a(irq_manage.c.obj)
                0x000000000002a088                arch_irq_is_enabled
 .text.z_arm_irq_priority_set
                0x000000000002a0a4       0x30 zephyr/arch/arch/arm/core/aarch32/libarch__arm__core__aarch32.a(irq_manage.c.obj)
                0x000000000002a0a4                z_arm_irq_priority_set
 .text._arch_isr_direct_pm
                0x000000000002a0d4       0x1c zephyr/arch/arch/arm/core/aarch32/libarch__arm__core__aarch32.a(irq_manage.c.obj)
                0x000000000002a0d4                _arch_isr_direct_pm
 .text.z_SysNmiOnReset
                0x000000000002a0f0        0x8 zephyr/arch/arch/arm/core/aarch32/libarch__arm__core__aarch32.a(nmi_on_reset.S.obj)
                0x000000000002a0f0                z_SysNmiOnReset
 .text.z_arm_prep_c
                0x000000000002a0f8       0x48 zephyr/arch/arch/arm/core/aarch32/libarch__arm__core__aarch32.a(prep_c.c.obj)
                0x000000000002a0f8                z_arm_prep_c
 .text.arch_swap
                0x000000000002a140       0x34 zephyr/arch/arch/arm/core/aarch32/libarch__arm__core__aarch32.a(swap.c.obj)
                0x000000000002a140                arch_swap
 .text.z_arm_pendsv
                0x000000000002a174       0x48 zephyr/arch/arch/arm/core/aarch32/libarch__arm__core__aarch32.a(swap_helper.S.obj)
                0x000000000002a174                z_arm_pendsv
 .text.z_arm_svc
                0x000000000002a1bc       0x20 zephyr/arch/arch/arm/core/aarch32/libarch__arm__core__aarch32.a(swap_helper.S.obj)
                0x000000000002a1bc                z_arm_svc
 .text.arch_new_thread
                0x000000000002a1dc       0x38 zephyr/arch/arch/arm/core/aarch32/libarch__arm__core__aarch32.a(thread.c.obj)
                0x000000000002a1dc                arch_new_thread
 .text.arch_switch_to_main_thread
                0x000000000002a214       0x24 zephyr/arch/arch/arm/core/aarch32/libarch__arm__core__aarch32.a(thread.c.obj)
                0x000000000002a214                arch_switch_to_main_thread
 .text._isr_wrapper
                0x000000000002a238       0x40 zephyr/arch/arch/arm/core/aarch32/libarch__arm__core__aarch32.a(isr_wrapper.S.obj)
                0x000000000002a238                _isr_wrapper
 .text._HandlerModeExit
                0x000000000002a278       0x1c zephyr/arch/arch/arm/core/aarch32/cortex_m/libarch__arm__core__aarch32__cortex_m.a(exc_exit.S.obj)
                0x000000000002a278                z_arm_exc_exit
                0x000000000002a278                z_arm_int_exit
 .text.bus_fault.constprop.0
                0x000000000002a294       0x3c zephyr/arch/arch/arm/core/aarch32/cortex_m/libarch__arm__core__aarch32__cortex_m.a(fault.c.obj)
 .text.mem_manage_fault.constprop.0
                0x000000000002a2d0       0x40 zephyr/arch/arch/arm/core/aarch32/cortex_m/libarch__arm__core__aarch32__cortex_m.a(fault.c.obj)
 .text.z_arm_fault
                0x000000000002a310      0x128 zephyr/arch/arch/arm/core/aarch32/cortex_m/libarch__arm__core__aarch32__cortex_m.a(fault.c.obj)
                0x000000000002a310                z_arm_fault
 .text.z_arm_fault_init
                0x000000000002a438       0x10 zephyr/arch/arch/arm/core/aarch32/cortex_m/libarch__arm__core__aarch32__cortex_m.a(fault.c.obj)
                0x000000000002a438                z_arm_fault_init
 .text.__fault  0x000000000002a448       0x14 zephyr/arch/arch/arm/core/aarch32/cortex_m/libarch__arm__core__aarch32__cortex_m.a(fault_s.S.obj)
                0x000000000002a448                z_arm_bus_fault
                0x000000000002a448                z_arm_usage_fault
                0x000000000002a448                z_arm_mpu_fault
                0x000000000002a448                z_arm_exc_spurious
                0x000000000002a448                z_arm_debug_monitor
                0x000000000002a448                z_arm_hard_fault
 .text.z_arm_interrupt_init
                0x000000000002a45c       0x18 zephyr/arch/arch/arm/core/aarch32/cortex_m/libarch__arm__core__aarch32__cortex_m.a(irq_init.c.obj)
                0x000000000002a45c                z_arm_interrupt_init
 .text._reset_section
                0x000000000002a474       0x30 zephyr/arch/arch/arm/core/aarch32/cortex_m/libarch__arm__core__aarch32__cortex_m.a(reset.S.obj)
                0x000000000002a474                z_arm_reset
                0x000000000002a474                __start
 .text.z_impl_k_thread_abort
                0x000000000002a4a4       0x24 zephyr/arch/arch/arm/core/aarch32/cortex_m/libarch__arm__core__aarch32__cortex_m.a(thread_abort.c.obj)
                0x000000000002a4a4                z_impl_k_thread_abort
 .text.z_arm_configure_static_mpu_regions
                0x000000000002a4c8       0x18 zephyr/arch/arch/arm/core/aarch32/mpu/libarch__arm__core__aarch32__mpu.a(arm_core_mpu.c.obj)
                0x000000000002a4c8                z_arm_configure_static_mpu_regions
 .text.mpu_configure_regions
                0x000000000002a4e0       0x84 zephyr/arch/arch/arm/core/aarch32/mpu/libarch__arm__core__aarch32__mpu.a(arm_mpu.c.obj)
 .text.arm_core_mpu_enable
                0x000000000002a564       0x18 zephyr/arch/arch/arm/core/aarch32/mpu/libarch__arm__core__aarch32__mpu.a(arm_mpu.c.obj)
                0x000000000002a564                arm_core_mpu_enable
 .text.arm_core_mpu_disable
                0x000000000002a57c       0x14 zephyr/arch/arch/arm/core/aarch32/mpu/libarch__arm__core__aarch32__mpu.a(arm_mpu.c.obj)
                0x000000000002a57c                arm_core_mpu_disable
 .text.arm_core_mpu_configure_static_mpu_regions
                0x000000000002a590       0x14 zephyr/arch/arch/arm/core/aarch32/mpu/libarch__arm__core__aarch32__mpu.a(arm_mpu.c.obj)
                0x000000000002a590                arm_core_mpu_configure_static_mpu_regions
 .text.z_arm_mpu_init
                0x000000000002a5a4       0x60 zephyr/arch/arch/arm/core/aarch32/mpu/libarch__arm__core__aarch32__mpu.a(arm_mpu.c.obj)
                0x000000000002a5a4                z_arm_mpu_init
 .text.snprintf
                0x000000000002a604       0x30 zephyr/lib/libc/minimal/liblib__libc__minimal.a(sprintf.c.obj)
                0x000000000002a604                snprintf
 .text.nordicsemi_nrf52_init
                0x000000000002a634       0x30 zephyr/soc/arm/nordic_nrf/nrf52/libsoc__arm__nordic_nrf__nrf52.a(soc.c.obj)
 .text.sys_arch_reboot
                0x000000000002a664       0x2c zephyr/soc/arm/nordic_nrf/nrf52/libsoc__arm__nordic_nrf__nrf52.a(soc.c.obj)
                0x000000000002a664                sys_arch_reboot
 .text.arch_busy_wait
                0x000000000002a690       0x14 zephyr/soc/arm/nordic_nrf/nrf52/libsoc__arm__nordic_nrf__nrf52.a(soc.c.obj)
                0x000000000002a690                arch_busy_wait
 .text.le_gen_dhkey
                0x000000000002a6a4       0x98 zephyr/subsys/bluetooth/host/libsubsys__bluetooth__host.a(hci_ecc.c.obj)
 .text.ecc_thread
                0x000000000002a73c      0x19c zephyr/subsys/bluetooth/host/libsubsys__bluetooth__host.a(hci_ecc.c.obj)
 .text.bt_hci_ecc_send
                0x000000000002a8d8       0xdc zephyr/subsys/bluetooth/host/libsubsys__bluetooth__host.a(hci_ecc.c.obj)
                0x000000000002a8d8                bt_hci_ecc_send
 .text.bt_hci_ecc_init
                0x000000000002a9b4       0x48 zephyr/subsys/bluetooth/host/libsubsys__bluetooth__host.a(hci_ecc.c.obj)
                0x000000000002a9b4                bt_hci_ecc_init
 .text.save_id  0x000000000002a9fc       0x18 zephyr/subsys/bluetooth/host/libsubsys__bluetooth__host.a(settings.c.obj)
 .text.set      0x000000000002aa14       0x68 zephyr/subsys/bluetooth/host/libsubsys__bluetooth__host.a(settings.c.obj)
 .text.bt_settings_encode_key
                0x000000000002aa7c       0x60 zephyr/subsys/bluetooth/host/libsubsys__bluetooth__host.a(settings.c.obj)
                0x000000000002aa7c                bt_settings_encode_key
 .text.bt_settings_save_id
                0x000000000002aadc        0xc zephyr/subsys/bluetooth/host/libsubsys__bluetooth__host.a(settings.c.obj)
                0x000000000002aadc                bt_settings_save_id
 .text.commit   0x000000000002aae8       0x60 zephyr/subsys/bluetooth/host/libsubsys__bluetooth__host.a(settings.c.obj)
 .text.uuid_to_uuid128
                0x000000000002ab48       0x6c zephyr/subsys/bluetooth/host/libsubsys__bluetooth__host.a(uuid.c.obj)
 .text.bt_buf_get_rx
                0x000000000002abb4       0x20 zephyr/subsys/bluetooth/host/libsubsys__bluetooth__host.a(buf.c.obj)
                0x000000000002abb4                bt_buf_get_rx
 .text.bt_buf_get_cmd_complete
                0x000000000002abd4       0x34 zephyr/subsys/bluetooth/host/libsubsys__bluetooth__host.a(buf.c.obj)
                0x000000000002abd4                bt_buf_get_cmd_complete
 .text.bt_buf_get_evt
                0x000000000002ac08       0x54 zephyr/subsys/bluetooth/host/libsubsys__bluetooth__host.a(buf.c.obj)
                0x000000000002ac08                bt_buf_get_evt
 .text.hci_disconn_complete_prio
                0x000000000002ac5c       0x3c zephyr/subsys/bluetooth/host/libsubsys__bluetooth__host.a(hci_core.c.obj)
 .text.hci_le_meta_event
                0x000000000002ac98       0x20 zephyr/subsys/bluetooth/host/libsubsys__bluetooth__host.a(hci_core.c.obj)
 .text.find_pending_connect.part.0
                0x000000000002acb8       0x3c zephyr/subsys/bluetooth/host/libsubsys__bluetooth__host.a(hci_core.c.obj)
 .text.hci_cmd_done
                0x000000000002acf4       0xd0 zephyr/subsys/bluetooth/host/libsubsys__bluetooth__host.a(hci_core.c.obj)
 .text.hci_cmd_status
                0x000000000002adc4       0x2c zephyr/subsys/bluetooth/host/libsubsys__bluetooth__host.a(hci_core.c.obj)
 .text.hci_cmd_complete
                0x000000000002adf0       0x30 zephyr/subsys/bluetooth/host/libsubsys__bluetooth__host.a(hci_core.c.obj)
 .text.hci_tx_thread
                0x000000000002ae20      0x134 zephyr/subsys/bluetooth/host/libsubsys__bluetooth__host.a(hci_core.c.obj)
 .text.bt_hci_cmd_state_set_init
                0x000000000002af54       0x24 zephyr/subsys/bluetooth/host/libsubsys__bluetooth__host.a(hci_core.c.obj)
                0x000000000002af54                bt_hci_cmd_state_set_init
 .text.bt_hci_cmd_create
                0x000000000002af78       0x74 zephyr/subsys/bluetooth/host/libsubsys__bluetooth__host.a(hci_core.c.obj)
                0x000000000002af78                bt_hci_cmd_create
 .text.bt_hci_cmd_send
                0x000000000002afec       0x44 zephyr/subsys/bluetooth/host/libsubsys__bluetooth__host.a(hci_core.c.obj)
                0x000000000002afec                bt_hci_cmd_send
 .text.bt_hci_cmd_send_sync
                0x000000000002b030       0xc4 zephyr/subsys/bluetooth/host/libsubsys__bluetooth__host.a(hci_core.c.obj)
                0x000000000002b030                bt_hci_cmd_send_sync
 .text.bt_get_phy
                0x000000000002b0f4       0x14 zephyr/subsys/bluetooth/host/libsubsys__bluetooth__host.a(hci_core.c.obj)
                0x000000000002b0f4                bt_get_phy
 .text.conn_auto_initiate
                0x000000000002b108       0xc8 zephyr/subsys/bluetooth/host/libsubsys__bluetooth__host.a(hci_core.c.obj)
 .text.bt_hci_le_enh_conn_complete
                0x000000000002b1d0      0x1c0 zephyr/subsys/bluetooth/host/libsubsys__bluetooth__host.a(hci_core.c.obj)
                0x000000000002b1d0                bt_hci_le_enh_conn_complete
 .text.bt_security_err_get
                0x000000000002b390       0x10 zephyr/subsys/bluetooth/host/libsubsys__bluetooth__host.a(hci_core.c.obj)
                0x000000000002b390                bt_security_err_get
 .text.hci_event_prio
                0x000000000002b3a0       0xa4 zephyr/subsys/bluetooth/host/libsubsys__bluetooth__host.a(hci_core.c.obj)
                0x000000000002b3a0                hci_event_prio
 .text.bt_recv  0x000000000002b444      0x108 zephyr/subsys/bluetooth/host/libsubsys__bluetooth__host.a(hci_core.c.obj)
                0x000000000002b444                bt_recv
 .text.bt_recv_prio
                0x000000000002b54c       0x3c zephyr/subsys/bluetooth/host/libsubsys__bluetooth__host.a(hci_core.c.obj)
                0x000000000002b54c                bt_recv_prio
 .text.bt_hci_driver_register
                0x000000000002b588       0x28 zephyr/subsys/bluetooth/host/libsubsys__bluetooth__host.a(hci_core.c.obj)
                0x000000000002b588                bt_hci_driver_register
 .text.bt_finalize_init
                0x000000000002b5b0        0xc zephyr/subsys/bluetooth/host/libsubsys__bluetooth__host.a(hci_core.c.obj)
                0x000000000002b5b0                bt_finalize_init
 .text.init_work
                0x000000000002b5bc       0x18 zephyr/subsys/bluetooth/host/libsubsys__bluetooth__host.a(hci_core.c.obj)
 .text.bt_enable
                0x000000000002b5d4       0xa4 zephyr/subsys/bluetooth/host/libsubsys__bluetooth__host.a(hci_core.c.obj)
                0x000000000002b5d4                bt_enable
 .text.bt_get_name
                0x000000000002b678        0x8 zephyr/subsys/bluetooth/host/libsubsys__bluetooth__host.a(hci_core.c.obj)
                0x000000000002b678                bt_get_name
 .text.id_find  0x000000000002b680       0x34 zephyr/subsys/bluetooth/host/libsubsys__bluetooth__host.a(id.c.obj)
 .text.set_random_address
                0x000000000002b6b4       0x5c zephyr/subsys/bluetooth/host/libsubsys__bluetooth__host.a(id.c.obj)
 .text.id_create.constprop.0
                0x000000000002b710       0x80 zephyr/subsys/bluetooth/host/libsubsys__bluetooth__host.a(id.c.obj)
 .text.bt_id_pending_keys_update
                0x000000000002b790       0x34 zephyr/subsys/bluetooth/host/libsubsys__bluetooth__host.a(id.c.obj)
                0x000000000002b790                bt_id_pending_keys_update
 .text.bt_id_add
                0x000000000002b7c4      0x12c zephyr/subsys/bluetooth/host/libsubsys__bluetooth__host.a(id.c.obj)
                0x000000000002b7c4                bt_id_add
 .text.bt_id_del
                0x000000000002b8f0      0x108 zephyr/subsys/bluetooth/host/libsubsys__bluetooth__host.a(id.c.obj)
                0x000000000002b8f0                bt_id_del
 .text.bt_id_create
                0x000000000002b9f8       0x94 zephyr/subsys/bluetooth/host/libsubsys__bluetooth__host.a(id.c.obj)
                0x000000000002b9f8                bt_id_create
 .text.bt_id_read_public_addr
                0x000000000002ba8c       0x70 zephyr/subsys/bluetooth/host/libsubsys__bluetooth__host.a(id.c.obj)
                0x000000000002ba8c                bt_id_read_public_addr
 .text.bt_setup_public_id_addr
                0x000000000002bafc       0x20 zephyr/subsys/bluetooth/host/libsubsys__bluetooth__host.a(id.c.obj)
                0x000000000002bafc                bt_setup_public_id_addr
 .text.bt_read_static_addr
                0x000000000002bb1c       0x60 zephyr/subsys/bluetooth/host/libsubsys__bluetooth__host.a(id.c.obj)
                0x000000000002bb1c                bt_read_static_addr
 .text.bt_setup_random_id_addr
                0x000000000002bb7c       0x5c zephyr/subsys/bluetooth/host/libsubsys__bluetooth__host.a(id.c.obj)
                0x000000000002bb7c                bt_setup_random_id_addr
 .text.bt_id_set_adv_own_addr
                0x000000000002bbd8       0xa4 zephyr/subsys/bluetooth/host/libsubsys__bluetooth__host.a(id.c.obj)
                0x000000000002bbd8                bt_id_set_adv_own_addr
 .text.valid_adv_param
                0x000000000002bc7c       0x88 zephyr/subsys/bluetooth/host/libsubsys__bluetooth__host.a(adv.c.obj)
 .text.le_adv_start_add_conn
                0x000000000002bd04       0x88 zephyr/subsys/bluetooth/host/libsubsys__bluetooth__host.a(adv.c.obj)
 .text.bt_le_ext_adv_foreach
                0x000000000002bd8c        0xc zephyr/subsys/bluetooth/host/libsubsys__bluetooth__host.a(adv.c.obj)
                0x000000000002bd8c                bt_le_ext_adv_foreach
 .text.bt_le_adv_lookup_legacy
                0x000000000002bd98        0x8 zephyr/subsys/bluetooth/host/libsubsys__bluetooth__host.a(adv.c.obj)
                0x000000000002bd98                bt_le_adv_lookup_legacy
 .text.bt_le_adv_start_legacy
                0x000000000002bda0      0x250 zephyr/subsys/bluetooth/host/libsubsys__bluetooth__host.a(adv.c.obj)
                0x000000000002bda0                bt_le_adv_start_legacy
 .text.bt_le_adv_start
                0x000000000002bff0       0x64 zephyr/subsys/bluetooth/host/libsubsys__bluetooth__host.a(adv.c.obj)
                0x000000000002bff0                bt_le_adv_start
 .text.bt_le_adv_stop
                0x000000000002c054       0xa0 zephyr/subsys/bluetooth/host/libsubsys__bluetooth__host.a(adv.c.obj)
                0x000000000002c054                bt_le_adv_stop
 .text.bt_le_adv_resume
                0x000000000002c0f4       0x80 zephyr/subsys/bluetooth/host/libsubsys__bluetooth__host.a(adv.c.obj)
                0x000000000002c0f4                bt_le_adv_resume
 .text.bt_pub_key_is_debug
                0x000000000002c174       0x18 zephyr/subsys/bluetooth/host/libsubsys__bluetooth__host.a(ecc.c.obj)
                0x000000000002c174                bt_pub_key_is_debug
 .text.bt_pub_key_gen
                0x000000000002c18c       0xd4 zephyr/subsys/bluetooth/host/libsubsys__bluetooth__host.a(ecc.c.obj)
                0x000000000002c18c                bt_pub_key_gen
 .text.bt_pub_key_get
                0x000000000002c260       0x20 zephyr/subsys/bluetooth/host/libsubsys__bluetooth__host.a(ecc.c.obj)
                0x000000000002c260                bt_pub_key_get
 .text.bt_dh_key_gen
                0x000000000002c280       0x88 zephyr/subsys/bluetooth/host/libsubsys__bluetooth__host.a(ecc.c.obj)
                0x000000000002c280                bt_dh_key_gen
 .text.bt_hci_evt_le_pkey_complete
                0x000000000002c308       0x7c zephyr/subsys/bluetooth/host/libsubsys__bluetooth__host.a(ecc.c.obj)
                0x000000000002c308                bt_hci_evt_le_pkey_complete
 .text.bt_hci_evt_le_dhkey_complete
                0x000000000002c384       0x1c zephyr/subsys/bluetooth/host/libsubsys__bluetooth__host.a(ecc.c.obj)
                0x000000000002c384                bt_hci_evt_le_dhkey_complete
 .text.tx_free  0x000000000002c3a0       0x14 zephyr/subsys/bluetooth/host/libsubsys__bluetooth__host.a(conn.c.obj)
 .text.notify_connected
                0x000000000002c3b4       0x48 zephyr/subsys/bluetooth/host/libsubsys__bluetooth__host.a(conn.c.obj)
 .text.send_frag
                0x000000000002c3fc      0x110 zephyr/subsys/bluetooth/host/libsubsys__bluetooth__host.a(conn.c.obj)
 .text.bt_conn_get_pkts
                0x000000000002c50c        0x8 zephyr/subsys/bluetooth/host/libsubsys__bluetooth__host.a(conn.c.obj)
                0x000000000002c50c                bt_conn_get_pkts
 .text.bt_conn_new
                0x000000000002c514       0x68 zephyr/subsys/bluetooth/host/libsubsys__bluetooth__host.a(conn.c.obj)
                0x000000000002c514                bt_conn_new
 .text.bt_conn_send_cb
                0x000000000002c57c       0x6c zephyr/subsys/bluetooth/host/libsubsys__bluetooth__host.a(conn.c.obj)
                0x000000000002c57c                bt_conn_send_cb
 .text.bt_conn_prepare_events
                0x000000000002c5e8       0x68 zephyr/subsys/bluetooth/host/libsubsys__bluetooth__host.a(conn.c.obj)
                0x000000000002c5e8                bt_conn_prepare_events
 .text.bt_conn_lookup_handle
                0x000000000002c650       0x10 zephyr/subsys/bluetooth/host/libsubsys__bluetooth__host.a(conn.c.obj)
                0x000000000002c650                bt_conn_lookup_handle
 .text.bt_conn_set_state
                0x000000000002c660      0x150 zephyr/subsys/bluetooth/host/libsubsys__bluetooth__host.a(conn.c.obj)
                0x000000000002c660                bt_conn_set_state
 .text.bt_conn_index
                0x000000000002c7b0       0x18 zephyr/subsys/bluetooth/host/libsubsys__bluetooth__host.a(conn.c.obj)
                0x000000000002c7b0                bt_conn_index
 .text.bt_conn_create_pdu_timeout
                0x000000000002c7c8       0x24 zephyr/subsys/bluetooth/host/libsubsys__bluetooth__host.a(conn.c.obj)
                0x000000000002c7c8                bt_conn_create_pdu_timeout
 .text.notify_le_param_updated
                0x000000000002c7ec       0x84 zephyr/subsys/bluetooth/host/libsubsys__bluetooth__host.a(conn.c.obj)
                0x000000000002c7ec                notify_le_param_updated
 .text.notify_le_phy_updated
                0x000000000002c870       0x44 zephyr/subsys/bluetooth/host/libsubsys__bluetooth__host.a(conn.c.obj)
                0x000000000002c870                notify_le_phy_updated
 .text.le_param_req
                0x000000000002c8b4       0x74 zephyr/subsys/bluetooth/host/libsubsys__bluetooth__host.a(conn.c.obj)
                0x000000000002c8b4                le_param_req
 .text.bt_conn_identity_resolved
                0x000000000002c928       0x5c zephyr/subsys/bluetooth/host/libsubsys__bluetooth__host.a(conn.c.obj)
                0x000000000002c928                bt_conn_identity_resolved
 .text.bt_conn_security_changed
                0x000000000002c984       0x4c zephyr/subsys/bluetooth/host/libsubsys__bluetooth__host.a(conn.c.obj)
                0x000000000002c984                bt_conn_security_changed
 .text.bt_conn_cb_register
                0x000000000002c9d0       0x10 zephyr/subsys/bluetooth/host/libsubsys__bluetooth__host.a(conn.c.obj)
                0x000000000002c9d0                bt_conn_cb_register
 .text.bt_conn_add_le
                0x000000000002c9e0       0x38 zephyr/subsys/bluetooth/host/libsubsys__bluetooth__host.a(conn.c.obj)
                0x000000000002c9e0                bt_conn_add_le
 .text.bt_conn_lookup_addr_le
                0x000000000002ca18       0x3c zephyr/subsys/bluetooth/host/libsubsys__bluetooth__host.a(conn.c.obj)
                0x000000000002ca18                bt_conn_lookup_addr_le
 .text.bt_conn_lookup_state_le
                0x000000000002ca54       0x44 zephyr/subsys/bluetooth/host/libsubsys__bluetooth__host.a(conn.c.obj)
                0x000000000002ca54                bt_conn_lookup_state_le
 .text.send_conn_le_param_update
                0x000000000002ca98       0x68 zephyr/subsys/bluetooth/host/libsubsys__bluetooth__host.a(conn.c.obj)
 .text.deferred_work
                0x000000000002cb00       0xb0 zephyr/subsys/bluetooth/host/libsubsys__bluetooth__host.a(conn.c.obj)
 .text.bt_conn_create_frag_timeout
                0x000000000002cbb0        0xc zephyr/subsys/bluetooth/host/libsubsys__bluetooth__host.a(conn.c.obj)
                0x000000000002cbb0                bt_conn_create_frag_timeout
 .text.create_frag
                0x000000000002cbbc       0x6c zephyr/subsys/bluetooth/host/libsubsys__bluetooth__host.a(conn.c.obj)
 .text.bt_conn_process_tx
                0x000000000002cc28       0xc0 zephyr/subsys/bluetooth/host/libsubsys__bluetooth__host.a(conn.c.obj)
                0x000000000002cc28                bt_conn_process_tx
 .text.bt_conn_init
                0x000000000002cce8       0x40 zephyr/subsys/bluetooth/host/libsubsys__bluetooth__host.a(conn.c.obj)
                0x000000000002cce8                bt_conn_init
 .text.l2cap_accept
                0x000000000002cd28       0x1c zephyr/subsys/bluetooth/host/libsubsys__bluetooth__host.a(l2cap.c.obj)
 .text.bt_l2cap_connected
                0x000000000002cd44       0xb8 zephyr/subsys/bluetooth/host/libsubsys__bluetooth__host.a(l2cap.c.obj)
                0x000000000002cd44                bt_l2cap_connected
 .text.bt_l2cap_update_conn_param
                0x000000000002cdfc       0x64 zephyr/subsys/bluetooth/host/libsubsys__bluetooth__host.a(l2cap.c.obj)
                0x000000000002cdfc                bt_l2cap_update_conn_param
 .text.att_cfm_sent
                0x000000000002ce60       0x10 zephyr/subsys/bluetooth/host/libsubsys__bluetooth__host.a(att.c.obj)
 .text.att_rsp_sent
                0x000000000002ce70       0x10 zephyr/subsys/bluetooth/host/libsubsys__bluetooth__host.a(att.c.obj)
 .text.att_req_sent
                0x000000000002ce80       0x10 zephyr/subsys/bluetooth/host/libsubsys__bluetooth__host.a(att.c.obj)
 .text.att_op_get_type
                0x000000000002ce90       0x58 zephyr/subsys/bluetooth/host/libsubsys__bluetooth__host.a(att.c.obj)
 .text.bt_att_released
                0x000000000002cee8       0x18 zephyr/subsys/bluetooth/host/libsubsys__bluetooth__host.a(att.c.obj)
 .text.bt_att_accept
                0x000000000002cf00       0x90 zephyr/subsys/bluetooth/host/libsubsys__bluetooth__host.a(att.c.obj)
 .text.read_group_cb
                0x000000000002cf90       0xac zephyr/subsys/bluetooth/host/libsubsys__bluetooth__host.a(att.c.obj)
 .text.chan_send
                0x000000000002d03c       0xbc zephyr/subsys/bluetooth/host/libsubsys__bluetooth__host.a(att.c.obj)
 .text.bt_att_chan_send_rsp.constprop.0
                0x000000000002d0f8       0x24 zephyr/subsys/bluetooth/host/libsubsys__bluetooth__host.a(att.c.obj)
 .text.read_type_cb
                0x000000000002d11c       0xa8 zephyr/subsys/bluetooth/host/libsubsys__bluetooth__host.a(att.c.obj)
 .text.bt_att_connected
                0x000000000002d1c4       0x68 zephyr/subsys/bluetooth/host/libsubsys__bluetooth__host.a(att.c.obj)
 .text.bt_att_recv
                0x000000000002d22c       0xf0 zephyr/subsys/bluetooth/host/libsubsys__bluetooth__host.a(att.c.obj)
 .text.att_write_rsp.constprop.0
                0x000000000002d31c       0xc4 zephyr/subsys/bluetooth/host/libsubsys__bluetooth__host.a(att.c.obj)
 .text.att_read_group_req
                0x000000000002d3e0      0x104 zephyr/subsys/bluetooth/host/libsubsys__bluetooth__host.a(att.c.obj)
 .text.att_read_mult_req
                0x000000000002d4e4       0x94 zephyr/subsys/bluetooth/host/libsubsys__bluetooth__host.a(att.c.obj)
 .text.att_read_rsp
                0x000000000002d578       0x90 zephyr/subsys/bluetooth/host/libsubsys__bluetooth__host.a(att.c.obj)
 .text.att_read_type_req
                0x000000000002d608       0xc0 zephyr/subsys/bluetooth/host/libsubsys__bluetooth__host.a(att.c.obj)
 .text.att_find_type_req
                0x000000000002d6c8       0xd4 zephyr/subsys/bluetooth/host/libsubsys__bluetooth__host.a(att.c.obj)
 .text.att_find_info_req
                0x000000000002d79c       0x70 zephyr/subsys/bluetooth/host/libsubsys__bluetooth__host.a(att.c.obj)
 .text.bt_att_req_alloc
                0x000000000002d80c       0x44 zephyr/subsys/bluetooth/host/libsubsys__bluetooth__host.a(att.c.obj)
                0x000000000002d80c                bt_att_req_alloc
 .text.bt_att_req_free
                0x000000000002d850       0x24 zephyr/subsys/bluetooth/host/libsubsys__bluetooth__host.a(att.c.obj)
                0x000000000002d850                bt_att_req_free
 .text.att_handle_rsp
                0x000000000002d874       0x64 zephyr/subsys/bluetooth/host/libsubsys__bluetooth__host.a(att.c.obj)
 .text.bt_att_disconnected
                0x000000000002d8d8       0xb4 zephyr/subsys/bluetooth/host/libsubsys__bluetooth__host.a(att.c.obj)
 .text.db_hash_set
                0x000000000002d98c       0x18 zephyr/subsys/bluetooth/host/libsubsys__bluetooth__host.a(gatt.c.obj)
 .text.find_cf_cfg
                0x000000000002d9a4       0x44 zephyr/subsys/bluetooth/host/libsubsys__bluetooth__host.a(gatt.c.obj)
 .text.sc_store
                0x000000000002d9e8       0x40 zephyr/subsys/bluetooth/host/libsubsys__bluetooth__host.a(gatt.c.obj)
 .text.db_hash_commit
                0x000000000002da28       0x20 zephyr/subsys/bluetooth/host/libsubsys__bluetooth__host.a(gatt.c.obj)
 .text.read_ppcp
                0x000000000002da48       0x3c zephyr/subsys/bluetooth/host/libsubsys__bluetooth__host.a(gatt.c.obj)
 .text.sc_commit
                0x000000000002da84       0x30 zephyr/subsys/bluetooth/host/libsubsys__bluetooth__host.a(gatt.c.obj)
 .text.find_cf_cfg_by_addr
                0x000000000002dab4       0x44 zephyr/subsys/bluetooth/host/libsubsys__bluetooth__host.a(gatt.c.obj)
 .text.remove_peer_from_attr
                0x000000000002daf8       0x28 zephyr/subsys/bluetooth/host/libsubsys__bluetooth__host.a(gatt.c.obj)
 .text.ccc_load
                0x000000000002db20       0x8c zephyr/subsys/bluetooth/host/libsubsys__bluetooth__host.a(gatt.c.obj)
 .text.ccc_save
                0x000000000002dbac       0x38 zephyr/subsys/bluetooth/host/libsubsys__bluetooth__host.a(gatt.c.obj)
 .text.bt_gatt_attr_write_ccc
                0x000000000002dbe4       0xec zephyr/subsys/bluetooth/host/libsubsys__bluetooth__host.a(gatt.c.obj)
                0x000000000002dbe4                bt_gatt_attr_write_ccc
 .text.find_sc_cfg
                0x000000000002dcd0       0x44 zephyr/subsys/bluetooth/host/libsubsys__bluetooth__host.a(gatt.c.obj)
 .text.bt_gatt_clear_sc
                0x000000000002dd14       0x4c zephyr/subsys/bluetooth/host/libsubsys__bluetooth__host.a(gatt.c.obj)
 .text.disconnected_cb
                0x000000000002dd60       0x8c zephyr/subsys/bluetooth/host/libsubsys__bluetooth__host.a(gatt.c.obj)
 .text.sc_indicate_rsp
                0x000000000002ddec       0x48 zephyr/subsys/bluetooth/host/libsubsys__bluetooth__host.a(gatt.c.obj)
 .text.bt_gatt_init
                0x000000000002de34       0xc8 zephyr/subsys/bluetooth/host/libsubsys__bluetooth__host.a(gatt.c.obj)
                0x000000000002de34                bt_gatt_init
 .text.bt_gatt_attr_get_handle
                0x000000000002defc       0x60 zephyr/subsys/bluetooth/host/libsubsys__bluetooth__host.a(gatt.c.obj)
                0x000000000002defc                bt_gatt_attr_get_handle
 .text.bt_gatt_foreach_attr_type
                0x000000000002df5c       0xb4 zephyr/subsys/bluetooth/host/libsubsys__bluetooth__host.a(gatt.c.obj)
                0x000000000002df5c                bt_gatt_foreach_attr_type
 .text.db_hash_gen
                0x000000000002e010       0x74 zephyr/subsys/bluetooth/host/libsubsys__bluetooth__host.a(gatt.c.obj)
 .text.db_hash_process
                0x000000000002e084       0xc0 zephyr/subsys/bluetooth/host/libsubsys__bluetooth__host.a(gatt.c.obj)
 .text.ccc_set_direct
                0x000000000002e144       0x98 zephyr/subsys/bluetooth/host/libsubsys__bluetooth__host.a(gatt.c.obj)
 .text.gatt_indicate
                0x000000000002e1dc       0x9c zephyr/subsys/bluetooth/host/libsubsys__bluetooth__host.a(gatt.c.obj)
 .text.bt_gatt_indicate
                0x000000000002e278       0xf0 zephyr/subsys/bluetooth/host/libsubsys__bluetooth__host.a(gatt.c.obj)
                0x000000000002e278                bt_gatt_indicate
 .text.sc_process
                0x000000000002e368       0x5c zephyr/subsys/bluetooth/host/libsubsys__bluetooth__host.a(gatt.c.obj)
 .text.bt_gatt_notify_cb
                0x000000000002e3c4       0xe8 zephyr/subsys/bluetooth/host/libsubsys__bluetooth__host.a(gatt.c.obj)
                0x000000000002e3c4                bt_gatt_notify_cb
 .text.notify_cb
                0x000000000002e4ac       0xf0 zephyr/subsys/bluetooth/host/libsubsys__bluetooth__host.a(gatt.c.obj)
 .text.update_ccc
                0x000000000002e59c       0xd0 zephyr/subsys/bluetooth/host/libsubsys__bluetooth__host.a(gatt.c.obj)
 .text.bt_gatt_connected
                0x000000000002e66c       0x7c zephyr/subsys/bluetooth/host/libsubsys__bluetooth__host.a(gatt.c.obj)
                0x000000000002e66c                bt_gatt_connected
 .text.bt_gatt_att_max_mtu_changed
                0x000000000002e6e8       0x28 zephyr/subsys/bluetooth/host/libsubsys__bluetooth__host.a(gatt.c.obj)
                0x000000000002e6e8                bt_gatt_att_max_mtu_changed
 .text.bt_gatt_encrypt_change
                0x000000000002e710       0x20 zephyr/subsys/bluetooth/host/libsubsys__bluetooth__host.a(gatt.c.obj)
                0x000000000002e710                bt_gatt_encrypt_change
 .text.db_hash_read
                0x000000000002e730       0x60 zephyr/subsys/bluetooth/host/libsubsys__bluetooth__host.a(gatt.c.obj)
 .text.bt_gatt_store_ccc
                0x000000000002e790       0x60 zephyr/subsys/bluetooth/host/libsubsys__bluetooth__host.a(gatt.c.obj)
                0x000000000002e790                bt_gatt_store_ccc
 .text.bt_gatt_disconnected
                0x000000000002e7f0      0x110 zephyr/subsys/bluetooth/host/libsubsys__bluetooth__host.a(gatt.c.obj)
                0x000000000002e7f0                bt_gatt_disconnected
 .text.get_io_capa
                0x000000000002e900       0x4c zephyr/subsys/bluetooth/host/libsubsys__bluetooth__host.a(smp.c.obj)
 .text.bt_smp_accept
                0x000000000002e94c       0x24 zephyr/subsys/bluetooth/host/libsubsys__bluetooth__host.a(smp.c.obj)
 .text.get_auth.constprop.0
                0x000000000002e970       0x3c zephyr/subsys/bluetooth/host/libsubsys__bluetooth__host.a(smp.c.obj)
 .text.smp_init
                0x000000000002e9ac       0x38 zephyr/subsys/bluetooth/host/libsubsys__bluetooth__host.a(smp.c.obj)
 .text.smp_dhkey_generate
                0x000000000002e9e4       0x2c zephyr/subsys/bluetooth/host/libsubsys__bluetooth__host.a(smp.c.obj)
 .text.smp_find
                0x000000000002ea10       0x1c zephyr/subsys/bluetooth/host/libsubsys__bluetooth__host.a(smp.c.obj)
 .text.smp_pairing_random
                0x000000000002ea2c      0x1ac zephyr/subsys/bluetooth/host/libsubsys__bluetooth__host.a(smp.c.obj)
 .text.compute_and_check_and_send_periph_dhcheck
                0x000000000002ebd8      0x1c4 zephyr/subsys/bluetooth/host/libsubsys__bluetooth__host.a(smp.c.obj)
 .text.smp_send_pairing_confirm
                0x000000000002ed9c       0x78 zephyr/subsys/bluetooth/host/libsubsys__bluetooth__host.a(smp.c.obj)
 .text.smp_public_key_periph
                0x000000000002ee14      0x144 zephyr/subsys/bluetooth/host/libsubsys__bluetooth__host.a(smp.c.obj)
 .text.smp_public_key
                0x000000000002ef58       0x84 zephyr/subsys/bluetooth/host/libsubsys__bluetooth__host.a(smp.c.obj)
 .text.bt_smp_connected
                0x000000000002efdc       0x1c zephyr/subsys/bluetooth/host/libsubsys__bluetooth__host.a(smp.c.obj)
 .text.smp_pairing_req
                0x000000000002eff8      0x240 zephyr/subsys/bluetooth/host/libsubsys__bluetooth__host.a(smp.c.obj)
 .text.bt_smp_start_security
                0x000000000002f238      0x180 zephyr/subsys/bluetooth/host/libsubsys__bluetooth__host.a(smp.c.obj)
                0x000000000002f238                bt_smp_start_security
 .text.smp_pairing_complete
                0x000000000002f3b8       0xc0 zephyr/subsys/bluetooth/host/libsubsys__bluetooth__host.a(smp.c.obj)
 .text.bt_smp_recv
                0x000000000002f478       0x78 zephyr/subsys/bluetooth/host/libsubsys__bluetooth__host.a(smp.c.obj)
 .text.bt_smp_pkey_ready
                0x000000000002f4f0       0x40 zephyr/subsys/bluetooth/host/libsubsys__bluetooth__host.a(smp.c.obj)
 .text.smp_pairing_failed
                0x000000000002f530       0x48 zephyr/subsys/bluetooth/host/libsubsys__bluetooth__host.a(smp.c.obj)
 .text.bt_smp_encrypt_change
                0x000000000002f578       0xec zephyr/subsys/bluetooth/host/libsubsys__bluetooth__host.a(smp.c.obj)
 .text.bt_smp_init
                0x000000000002f664       0x38 zephyr/subsys/bluetooth/host/libsubsys__bluetooth__host.a(smp.c.obj)
                0x000000000002f664                bt_smp_init
 .text.bt_keys_get_addr
                0x000000000002f69c       0x50 zephyr/subsys/bluetooth/host/libsubsys__bluetooth__host.a(keys.c.obj)
                0x000000000002f69c                bt_keys_get_addr
 .text.bt_keys_foreach
                0x000000000002f6ec       0x1c zephyr/subsys/bluetooth/host/libsubsys__bluetooth__host.a(keys.c.obj)
                0x000000000002f6ec                bt_keys_foreach
 .text.keys_commit
                0x000000000002f708       0x14 zephyr/subsys/bluetooth/host/libsubsys__bluetooth__host.a(keys.c.obj)
 .text.bt_keys_find
                0x000000000002f71c       0x2c zephyr/subsys/bluetooth/host/libsubsys__bluetooth__host.a(keys.c.obj)
                0x000000000002f71c                bt_keys_find
 .text.bt_keys_find_irk
                0x000000000002f748       0x70 zephyr/subsys/bluetooth/host/libsubsys__bluetooth__host.a(keys.c.obj)
                0x000000000002f748                bt_keys_find_irk
 .text.bt_keys_find_addr
                0x000000000002f7b8       0x20 zephyr/subsys/bluetooth/host/libsubsys__bluetooth__host.a(keys.c.obj)
                0x000000000002f7b8                bt_keys_find_addr
 .text.bt_keys_clear
                0x000000000002f7d8       0x50 zephyr/subsys/bluetooth/host/libsubsys__bluetooth__host.a(keys.c.obj)
                0x000000000002f7d8                bt_keys_clear
 .text.bt_keys_store
                0x000000000002f828       0x40 zephyr/subsys/bluetooth/host/libsubsys__bluetooth__host.a(keys.c.obj)
                0x000000000002f828                bt_keys_store
 .text.mem_init
                0x000000000002f868       0x60 zephyr/subsys/bluetooth/controller/libsubsys__bluetooth__controller.a(mem.c.obj)
                0x000000000002f868                mem_init
 .text.mem_acquire
                0x000000000002f8c8       0x34 zephyr/subsys/bluetooth/controller/libsubsys__bluetooth__controller.a(mem.c.obj)
                0x000000000002f8c8                mem_acquire
 .text.mem_release
                0x000000000002f8fc       0x30 zephyr/subsys/bluetooth/controller/libsubsys__bluetooth__controller.a(mem.c.obj)
                0x000000000002f8fc                mem_release
 .text.mem_get  0x000000000002f92c        0x8 zephyr/subsys/bluetooth/controller/libsubsys__bluetooth__controller.a(mem.c.obj)
                0x000000000002f92c                mem_get
 .text.mem_index_get
                0x000000000002f934        0xc zephyr/subsys/bluetooth/controller/libsubsys__bluetooth__controller.a(mem.c.obj)
                0x000000000002f934                mem_index_get
 .text.mem_rcopy
                0x000000000002f940       0x1c zephyr/subsys/bluetooth/controller/libsubsys__bluetooth__controller.a(mem.c.obj)
                0x000000000002f940                mem_rcopy
 .text.mem_nz   0x000000000002f95c       0x18 zephyr/subsys/bluetooth/controller/libsubsys__bluetooth__controller.a(mem.c.obj)
                0x000000000002f95c                mem_nz
 .text.memq_init
                0x000000000002f974        0x8 zephyr/subsys/bluetooth/controller/libsubsys__bluetooth__controller.a(memq.c.obj)
                0x000000000002f974                memq_init
 .text.memq_deinit
                0x000000000002f97c       0x14 zephyr/subsys/bluetooth/controller/libsubsys__bluetooth__controller.a(memq.c.obj)
                0x000000000002f97c                memq_deinit
 .text.memq_enqueue
                0x000000000002f990       0x14 zephyr/subsys/bluetooth/controller/libsubsys__bluetooth__controller.a(memq.c.obj)
                0x000000000002f990                memq_enqueue
 .text.memq_peek
                0x000000000002f9a4       0x10 zephyr/subsys/bluetooth/controller/libsubsys__bluetooth__controller.a(memq.c.obj)
                0x000000000002f9a4                memq_peek
 .text.memq_dequeue
                0x000000000002f9b4       0x20 zephyr/subsys/bluetooth/controller/libsubsys__bluetooth__controller.a(memq.c.obj)
                0x000000000002f9b4                memq_dequeue
 .text.mayfly_init
                0x000000000002f9d4       0x40 zephyr/subsys/bluetooth/controller/libsubsys__bluetooth__controller.a(mayfly.c.obj)
                0x000000000002f9d4                mayfly_init
 .text.mayfly_enable
                0x000000000002fa14       0x68 zephyr/subsys/bluetooth/controller/libsubsys__bluetooth__controller.a(mayfly.c.obj)
                0x000000000002fa14                mayfly_enable
 .text.mayfly_enqueue
                0x000000000002fa7c       0xa8 zephyr/subsys/bluetooth/controller/libsubsys__bluetooth__controller.a(mayfly.c.obj)
                0x000000000002fa7c                mayfly_enqueue
 .text.mayfly_run
                0x000000000002fb24      0x14c zephyr/subsys/bluetooth/controller/libsubsys__bluetooth__controller.a(mayfly.c.obj)
                0x000000000002fb24                mayfly_run
 .text.util_ones_count_get
                0x000000000002fc70       0x28 zephyr/subsys/bluetooth/controller/libsubsys__bluetooth__controller.a(util.c.obj)
                0x000000000002fc70                util_ones_count_get
 .text.ticker_dequeue
                0x000000000002fc98       0x74 zephyr/subsys/bluetooth/controller/libsubsys__bluetooth__controller.a(ticker.c.obj)
 .text.ticks_to_expire_prep
                0x000000000002fd0c       0x48 zephyr/subsys/bluetooth/controller/libsubsys__bluetooth__controller.a(ticker.c.obj)
 .text.ticker_job_list_insert
                0x000000000002fd54      0x210 zephyr/subsys/bluetooth/controller/libsubsys__bluetooth__controller.a(ticker.c.obj)
 .text.ticker_worker
                0x000000000002ff64      0x2a4 zephyr/subsys/bluetooth/controller/libsubsys__bluetooth__controller.a(ticker.c.obj)
                0x000000000002ff64                ticker_worker
 .text.ticker_job
                0x0000000000030208      0x978 zephyr/subsys/bluetooth/controller/libsubsys__bluetooth__controller.a(ticker.c.obj)
                0x0000000000030208                ticker_job
 .text.ticker_init
                0x0000000000030b80       0x88 zephyr/subsys/bluetooth/controller/libsubsys__bluetooth__controller.a(ticker.c.obj)
                0x0000000000030b80                ticker_init
 .text.ticker_is_initialized
                0x0000000000030c08       0x18 zephyr/subsys/bluetooth/controller/libsubsys__bluetooth__controller.a(ticker.c.obj)
                0x0000000000030c08                ticker_is_initialized
 .text.ticker_trigger
                0x0000000000030c20       0x30 zephyr/subsys/bluetooth/controller/libsubsys__bluetooth__controller.a(ticker.c.obj)
                0x0000000000030c20                ticker_trigger
 .text.ticker_start_ext
                0x0000000000030c50       0xac zephyr/subsys/bluetooth/controller/libsubsys__bluetooth__controller.a(ticker.c.obj)
                0x0000000000030c50                ticker_start_ext
 .text.ticker_start
                0x0000000000030cfc       0x38 zephyr/subsys/bluetooth/controller/libsubsys__bluetooth__controller.a(ticker.c.obj)
                0x0000000000030cfc                ticker_start
 .text.ticker_update_ext
                0x0000000000030d34       0xb0 zephyr/subsys/bluetooth/controller/libsubsys__bluetooth__controller.a(ticker.c.obj)
                0x0000000000030d34                ticker_update_ext
 .text.ticker_update
                0x0000000000030de4       0x30 zephyr/subsys/bluetooth/controller/libsubsys__bluetooth__controller.a(ticker.c.obj)
                0x0000000000030de4                ticker_update
 .text.ticker_stop
                0x0000000000030e14       0x84 zephyr/subsys/bluetooth/controller/libsubsys__bluetooth__controller.a(ticker.c.obj)
                0x0000000000030e14                ticker_stop
 .text.ticker_ticks_now_get
                0x0000000000030e98        0x4 zephyr/subsys/bluetooth/controller/libsubsys__bluetooth__controller.a(ticker.c.obj)
                0x0000000000030e98                ticker_ticks_now_get
 .text.ticker_ticks_diff_get
                0x0000000000030e9c        0x8 zephyr/subsys/bluetooth/controller/libsubsys__bluetooth__controller.a(ticker.c.obj)
                0x0000000000030e9c                ticker_ticks_diff_get
 .text.ll_addr_set
                0x0000000000030ea4       0x3c zephyr/subsys/bluetooth/controller/libsubsys__bluetooth__controller.a(ll_addr.c.obj)
                0x0000000000030ea4                ll_addr_set
 .text.ll_addr_get
                0x0000000000030ee0       0x20 zephyr/subsys/bluetooth/controller/libsubsys__bluetooth__controller.a(ll_addr.c.obj)
                0x0000000000030ee0                ll_addr_get
 .text.ll_addr_read
                0x0000000000030f00       0x30 zephyr/subsys/bluetooth/controller/libsubsys__bluetooth__controller.a(ll_addr.c.obj)
                0x0000000000030f00                ll_addr_read
 .text.ll_tx_pwr_lvl_get
                0x0000000000030f30       0x20 zephyr/subsys/bluetooth/controller/libsubsys__bluetooth__controller.a(ll_tx_pwr.c.obj)
                0x0000000000030f30                ll_tx_pwr_lvl_get
 .text.ll_tx_pwr_get
                0x0000000000030f50        0x8 zephyr/subsys/bluetooth/controller/libsubsys__bluetooth__controller.a(ll_tx_pwr.c.obj)
                0x0000000000030f50                ll_tx_pwr_get
 .text.hci_driver_init
                0x0000000000030f58       0x10 zephyr/subsys/bluetooth/controller/libsubsys__bluetooth__controller.a(hci_driver.c.obj)
 .text.hci_driver_send
                0x0000000000030f68       0x6c zephyr/subsys/bluetooth/controller/libsubsys__bluetooth__controller.a(hci_driver.c.obj)
 .text.recv_thread
                0x0000000000030fd4      0x118 zephyr/subsys/bluetooth/controller/libsubsys__bluetooth__controller.a(hci_driver.c.obj)
 .text.prio_recv_thread
                0x00000000000310ec       0xc8 zephyr/subsys/bluetooth/controller/libsubsys__bluetooth__controller.a(hci_driver.c.obj)
 .text.hci_driver_open
                0x00000000000311b4       0x90 zephyr/subsys/bluetooth/controller/libsubsys__bluetooth__controller.a(hci_driver.c.obj)
 .text.le_remote_feat_complete
                0x0000000000031244       0x70 zephyr/subsys/bluetooth/controller/libsubsys__bluetooth__controller.a(hci.c.obj)
 .text.hci_vendor_cmd_handle_common
                0x00000000000312b4      0x17c zephyr/subsys/bluetooth/controller/libsubsys__bluetooth__controller.a(hci.c.obj)
                0x00000000000312b4                hci_vendor_cmd_handle_common
 .text.hci_cmd_handle
                0x0000000000031430      0x8f8 zephyr/subsys/bluetooth/controller/libsubsys__bluetooth__controller.a(hci.c.obj)
                0x0000000000031430                hci_cmd_handle
 .text.hci_acl_handle
                0x0000000000031d28       0xc8 zephyr/subsys/bluetooth/controller/libsubsys__bluetooth__controller.a(hci.c.obj)
                0x0000000000031d28                hci_acl_handle
 .text.hci_disconn_complete_encode
                0x0000000000031df0       0x40 zephyr/subsys/bluetooth/controller/libsubsys__bluetooth__controller.a(hci.c.obj)
                0x0000000000031df0                hci_disconn_complete_encode
 .text.hci_disconn_complete_process
                0x0000000000031e30       0x10 zephyr/subsys/bluetooth/controller/libsubsys__bluetooth__controller.a(hci.c.obj)
                0x0000000000031e30                hci_disconn_complete_process
 .text.hci_acl_encode
                0x0000000000031e40       0x74 zephyr/subsys/bluetooth/controller/libsubsys__bluetooth__controller.a(hci.c.obj)
                0x0000000000031e40                hci_acl_encode
 .text.hci_evt_encode
                0x0000000000031eb4      0x5c0 zephyr/subsys/bluetooth/controller/libsubsys__bluetooth__controller.a(hci.c.obj)
                0x0000000000031eb4                hci_evt_encode
 .text.hci_num_cmplt_encode
                0x0000000000032474       0x30 zephyr/subsys/bluetooth/controller/libsubsys__bluetooth__controller.a(hci.c.obj)
                0x0000000000032474                hci_num_cmplt_encode
 .text.hci_get_class
                0x00000000000324a4       0x2c zephyr/subsys/bluetooth/controller/libsubsys__bluetooth__controller.a(hci.c.obj)
                0x00000000000324a4                hci_get_class
 .text.hci_init
                0x00000000000324d0       0x40 zephyr/subsys/bluetooth/controller/libsubsys__bluetooth__controller.a(hci.c.obj)
                0x00000000000324d0                hci_init
 .text.bt_rand  0x0000000000032510        0x4 zephyr/subsys/bluetooth/controller/libsubsys__bluetooth__controller.a(crypto.c.obj)
                0x0000000000032510                bt_rand
 .text.bt_encrypt_le
                0x0000000000032514        0xc zephyr/subsys/bluetooth/controller/libsubsys__bluetooth__controller.a(crypto.c.obj)
                0x0000000000032514                bt_encrypt_le
 .text.ll_feat_get
                0x0000000000032520        0xc zephyr/subsys/bluetooth/controller/libsubsys__bluetooth__controller.a(ll_feat.c.obj)
                0x0000000000032520                ll_feat_get
 .text.perform_lll_reset
                0x000000000003252c       0x94 zephyr/subsys/bluetooth/controller/libsubsys__bluetooth__controller.a(ull.c.obj)
 .text.ull_ticker_status_give
                0x00000000000325c0        0xc zephyr/subsys/bluetooth/controller/libsubsys__bluetooth__controller.a(ull.c.obj)
                0x00000000000325c0                ull_ticker_status_give
 .text.disabled_cb
                0x00000000000325cc        0x4 zephyr/subsys/bluetooth/controller/libsubsys__bluetooth__controller.a(ull.c.obj)
 .text.tx_cmplt_get
                0x00000000000325d0       0xc0 zephyr/subsys/bluetooth/controller/libsubsys__bluetooth__controller.a(ull.c.obj)
 .text.ull_done
                0x0000000000032690      0x114 zephyr/subsys/bluetooth/controller/libsubsys__bluetooth__controller.a(ull.c.obj)
 .text.rx_alloc
                0x00000000000327a4       0xe8 zephyr/subsys/bluetooth/controller/libsubsys__bluetooth__controller.a(ull.c.obj)
 .text.rx_demux
                0x000000000003288c      0x1d4 zephyr/subsys/bluetooth/controller/libsubsys__bluetooth__controller.a(ull.c.obj)
 .text.ll_rx_get
                0x0000000000032a60      0x1c4 zephyr/subsys/bluetooth/controller/libsubsys__bluetooth__controller.a(ull.c.obj)
                0x0000000000032a60                ll_rx_get
 .text.ll_rx_dequeue
                0x0000000000032c24      0x1a0 zephyr/subsys/bluetooth/controller/libsubsys__bluetooth__controller.a(ull.c.obj)
                0x0000000000032c24                ll_rx_dequeue
 .text.ll_rx_mem_release
                0x0000000000032dc4      0x18c zephyr/subsys/bluetooth/controller/libsubsys__bluetooth__controller.a(ull.c.obj)
                0x0000000000032dc4                ll_rx_mem_release
 .text.ll_rx_link_alloc
                0x0000000000032f50        0xc zephyr/subsys/bluetooth/controller/libsubsys__bluetooth__controller.a(ull.c.obj)
                0x0000000000032f50                ll_rx_link_alloc
 .text.ll_rx_link_release
                0x0000000000032f5c        0xc zephyr/subsys/bluetooth/controller/libsubsys__bluetooth__controller.a(ull.c.obj)
                0x0000000000032f5c                ll_rx_link_release
 .text.ll_rx_alloc
                0x0000000000032f68        0xc zephyr/subsys/bluetooth/controller/libsubsys__bluetooth__controller.a(ull.c.obj)
                0x0000000000032f68                ll_rx_alloc
 .text.ll_rx_release
                0x0000000000032f74        0xc zephyr/subsys/bluetooth/controller/libsubsys__bluetooth__controller.a(ull.c.obj)
                0x0000000000032f74                ll_rx_release
 .text.ll_rx_put
                0x0000000000032f80       0x14 zephyr/subsys/bluetooth/controller/libsubsys__bluetooth__controller.a(ull.c.obj)
                0x0000000000032f80                ll_rx_put
 .text.ll_rx_sched
                0x0000000000032f94        0xc zephyr/subsys/bluetooth/controller/libsubsys__bluetooth__controller.a(ull.c.obj)
                0x0000000000032f94                ll_rx_sched
 .text.ll_pdu_rx_alloc_peek
                0x0000000000032fa0       0x3c zephyr/subsys/bluetooth/controller/libsubsys__bluetooth__controller.a(ull.c.obj)
                0x0000000000032fa0                ll_pdu_rx_alloc_peek
 .text.ll_pdu_rx_alloc
                0x0000000000032fdc       0x2c zephyr/subsys/bluetooth/controller/libsubsys__bluetooth__controller.a(ull.c.obj)
                0x0000000000032fdc                ll_pdu_rx_alloc
 .text.ll_tx_ack_put
                0x0000000000033008       0x68 zephyr/subsys/bluetooth/controller/libsubsys__bluetooth__controller.a(ull.c.obj)
                0x0000000000033008                ll_tx_ack_put
 .text.ll_timeslice_ticker_id_get
                0x0000000000033070        0xc zephyr/subsys/bluetooth/controller/libsubsys__bluetooth__controller.a(ull.c.obj)
                0x0000000000033070                ll_timeslice_ticker_id_get
 .text.ll_radio_state_abort
                0x000000000003307c       0x40 zephyr/subsys/bluetooth/controller/libsubsys__bluetooth__controller.a(ull.c.obj)
                0x000000000003307c                ll_radio_state_abort
 .text.ull_ticker_status_take
                0x00000000000330bc       0x50 zephyr/subsys/bluetooth/controller/libsubsys__bluetooth__controller.a(ull.c.obj)
                0x00000000000330bc                ull_ticker_status_take
 .text.ull_disable_mark
                0x000000000003310c       0x18 zephyr/subsys/bluetooth/controller/libsubsys__bluetooth__controller.a(ull.c.obj)
                0x000000000003310c                ull_disable_mark
 .text.ull_disable_unmark
                0x0000000000033124       0x18 zephyr/subsys/bluetooth/controller/libsubsys__bluetooth__controller.a(ull.c.obj)
                0x0000000000033124                ull_disable_unmark
 .text.ull_disable_mark_get
                0x000000000003313c        0xc zephyr/subsys/bluetooth/controller/libsubsys__bluetooth__controller.a(ull.c.obj)
                0x000000000003313c                ull_disable_mark_get
 .text.ull_update_mark
                0x0000000000033148       0x18 zephyr/subsys/bluetooth/controller/libsubsys__bluetooth__controller.a(ull.c.obj)
                0x0000000000033148                ull_update_mark
 .text.ull_update_unmark
                0x0000000000033160       0x18 zephyr/subsys/bluetooth/controller/libsubsys__bluetooth__controller.a(ull.c.obj)
                0x0000000000033160                ull_update_unmark
 .text.ull_update_mark_get
                0x0000000000033178        0xc zephyr/subsys/bluetooth/controller/libsubsys__bluetooth__controller.a(ull.c.obj)
                0x0000000000033178                ull_update_mark_get
 .text.ull_disable
                0x0000000000033184       0x7c zephyr/subsys/bluetooth/controller/libsubsys__bluetooth__controller.a(ull.c.obj)
                0x0000000000033184                ull_disable
 .text.ull_ticker_stop_with_mark
                0x0000000000033200       0x8c zephyr/subsys/bluetooth/controller/libsubsys__bluetooth__controller.a(ull.c.obj)
                0x0000000000033200                ull_ticker_stop_with_mark
 .text.ull_pdu_rx_alloc_peek
                0x000000000003328c       0x3c zephyr/subsys/bluetooth/controller/libsubsys__bluetooth__controller.a(ull.c.obj)
                0x000000000003328c                ull_pdu_rx_alloc_peek
 .text.ull_pdu_rx_alloc
                0x00000000000332c8       0x2c zephyr/subsys/bluetooth/controller/libsubsys__bluetooth__controller.a(ull.c.obj)
                0x00000000000332c8                ull_pdu_rx_alloc
 .text.ull_rx_put
                0x00000000000332f4       0x20 zephyr/subsys/bluetooth/controller/libsubsys__bluetooth__controller.a(ull.c.obj)
                0x00000000000332f4                ull_rx_put
 .text.ull_rx_sched
                0x0000000000033314       0x10 zephyr/subsys/bluetooth/controller/libsubsys__bluetooth__controller.a(ull.c.obj)
                0x0000000000033314                ull_rx_sched
 .text.ull_prepare_enqueue
                0x0000000000033324       0x60 zephyr/subsys/bluetooth/controller/libsubsys__bluetooth__controller.a(ull.c.obj)
                0x0000000000033324                ull_prepare_enqueue
 .text.ull_prepare_dequeue_get
                0x0000000000033384       0x1c zephyr/subsys/bluetooth/controller/libsubsys__bluetooth__controller.a(ull.c.obj)
                0x0000000000033384                ull_prepare_dequeue_get
 .text.ull_prepare_dequeue_iter
                0x00000000000333a0       0x40 zephyr/subsys/bluetooth/controller/libsubsys__bluetooth__controller.a(ull.c.obj)
                0x00000000000333a0                ull_prepare_dequeue_iter
 .text.ull_prepare_dequeue
                0x00000000000333e0       0xa8 zephyr/subsys/bluetooth/controller/libsubsys__bluetooth__controller.a(ull.c.obj)
                0x00000000000333e0                ull_prepare_dequeue
 .text.ull_event_done_extra_get
                0x0000000000033488       0x20 zephyr/subsys/bluetooth/controller/libsubsys__bluetooth__controller.a(ull.c.obj)
                0x0000000000033488                ull_event_done_extra_get
 .text.ull_event_done
                0x00000000000334a8       0x5c zephyr/subsys/bluetooth/controller/libsubsys__bluetooth__controller.a(ull.c.obj)
                0x00000000000334a8                ull_event_done
 .text.ull_rxfifo_alloc
                0x0000000000033504       0x7c zephyr/subsys/bluetooth/controller/libsubsys__bluetooth__controller.a(ull.c.obj)
                0x0000000000033504                ull_rxfifo_alloc
 .text.init_reset
                0x0000000000033580      0x130 zephyr/subsys/bluetooth/controller/libsubsys__bluetooth__controller.a(ull.c.obj)
 .text.ll_init  0x00000000000336b0       0xe0 zephyr/subsys/bluetooth/controller/libsubsys__bluetooth__controller.a(ull.c.obj)
                0x00000000000336b0                ll_init
 .text.ll_reset
                0x0000000000033790      0x120 zephyr/subsys/bluetooth/controller/libsubsys__bluetooth__controller.a(ull.c.obj)
                0x0000000000033790                ll_reset
 .text.lll_prepare
                0x00000000000338b0       0x14 zephyr/subsys/bluetooth/controller/libsubsys__bluetooth__controller.a(lll_common.c.obj)
                0x00000000000338b0                lll_prepare
 .text.lll_resume
                0x00000000000338c4       0x4c zephyr/subsys/bluetooth/controller/libsubsys__bluetooth__controller.a(lll_common.c.obj)
                0x00000000000338c4                lll_resume
 .text.ticker_stop_cb
                0x0000000000033910       0x88 zephyr/subsys/bluetooth/controller/libsubsys__bluetooth__controller.a(ull_adv.c.obj)
 .text.disabled_cb
                0x0000000000033998       0x94 zephyr/subsys/bluetooth/controller/libsubsys__bluetooth__controller.a(ull_adv.c.obj)
 .text.ticker_stop_op_cb
                0x0000000000033a2c       0x48 zephyr/subsys/bluetooth/controller/libsubsys__bluetooth__controller.a(ull_adv.c.obj)
 .text.adv_disable
                0x0000000000033a74       0x88 zephyr/subsys/bluetooth/controller/libsubsys__bluetooth__controller.a(ull_adv.c.obj)
 .text.ticker_update_op_cb
                0x0000000000033afc       0x38 zephyr/subsys/bluetooth/controller/libsubsys__bluetooth__controller.a(ull_adv.c.obj)
 .text.init_set.constprop.0
                0x0000000000033b34       0x54 zephyr/subsys/bluetooth/controller/libsubsys__bluetooth__controller.a(ull_adv.c.obj)
 .text.conn_release.constprop.0
                0x0000000000033b88       0x84 zephyr/subsys/bluetooth/controller/libsubsys__bluetooth__controller.a(ull_adv.c.obj)
 .text.disable.part.0
                0x0000000000033c0c      0x148 zephyr/subsys/bluetooth/controller/libsubsys__bluetooth__controller.a(ull_adv.c.obj)
 .text.adv_time_get.constprop.0.isra.0
                0x0000000000033d54       0x78 zephyr/subsys/bluetooth/controller/libsubsys__bluetooth__controller.a(ull_adv.c.obj)
 .text.ticker_cb
                0x0000000000033dcc      0x134 zephyr/subsys/bluetooth/controller/libsubsys__bluetooth__controller.a(ull_adv.c.obj)
 .text.ll_adv_params_set
                0x0000000000033f00      0x1e0 zephyr/subsys/bluetooth/controller/libsubsys__bluetooth__controller.a(ull_adv.c.obj)
                0x0000000000033f00                ll_adv_params_set
 .text.ull_adv_init
                0x00000000000340e0       0x20 zephyr/subsys/bluetooth/controller/libsubsys__bluetooth__controller.a(ull_adv.c.obj)
                0x00000000000340e0                ull_adv_init
 .text.ull_adv_reset
                0x0000000000034100       0x34 zephyr/subsys/bluetooth/controller/libsubsys__bluetooth__controller.a(ull_adv.c.obj)
                0x0000000000034100                ull_adv_reset
 .text.ull_adv_reset_finalize
                0x0000000000034134       0x30 zephyr/subsys/bluetooth/controller/libsubsys__bluetooth__controller.a(ull_adv.c.obj)
                0x0000000000034134                ull_adv_reset_finalize
 .text.ull_adv_handle_get
                0x0000000000034164       0x18 zephyr/subsys/bluetooth/controller/libsubsys__bluetooth__controller.a(ull_adv.c.obj)
                0x0000000000034164                ull_adv_handle_get
 .text.ull_adv_lll_handle_get
                0x000000000003417c       0x1c zephyr/subsys/bluetooth/controller/libsubsys__bluetooth__controller.a(ull_adv.c.obj)
                0x000000000003417c                ull_adv_lll_handle_get
 .text.ull_adv_is_enabled_get
                0x0000000000034198       0x1c zephyr/subsys/bluetooth/controller/libsubsys__bluetooth__controller.a(ull_adv.c.obj)
                0x0000000000034198                ull_adv_is_enabled_get
 .text.ull_adv_is_enabled
                0x00000000000341b4       0x18 zephyr/subsys/bluetooth/controller/libsubsys__bluetooth__controller.a(ull_adv.c.obj)
                0x00000000000341b4                ull_adv_is_enabled
 .text.ull_adv_filter_pol_get
                0x00000000000341cc       0x20 zephyr/subsys/bluetooth/controller/libsubsys__bluetooth__controller.a(ull_adv.c.obj)
                0x00000000000341cc                ull_adv_filter_pol_get
 .text.ull_adv_pdu_update_addrs
                0x00000000000341ec       0x64 zephyr/subsys/bluetooth/controller/libsubsys__bluetooth__controller.a(ull_adv.c.obj)
                0x00000000000341ec                ull_adv_pdu_update_addrs
 .text.ull_adv_data_set
                0x0000000000034250       0xb0 zephyr/subsys/bluetooth/controller/libsubsys__bluetooth__controller.a(ull_adv.c.obj)
                0x0000000000034250                ull_adv_data_set
 .text.ll_adv_data_set
                0x0000000000034300       0x10 zephyr/subsys/bluetooth/controller/libsubsys__bluetooth__controller.a(ull_adv.c.obj)
                0x0000000000034300                ll_adv_data_set
 .text.ull_scan_rsp_set.part.0
                0x0000000000034310       0x88 zephyr/subsys/bluetooth/controller/libsubsys__bluetooth__controller.a(ull_adv.c.obj)
 .text.ll_adv_scan_rsp_set
                0x0000000000034398       0x18 zephyr/subsys/bluetooth/controller/libsubsys__bluetooth__controller.a(ull_adv.c.obj)
                0x0000000000034398                ll_adv_scan_rsp_set
 .text.init_reset
                0x00000000000343b0       0x7c zephyr/subsys/bluetooth/controller/libsubsys__bluetooth__controller.a(ull_conn.c.obj)
 .text.ctrl_tx_pause_enqueue
                0x000000000003442c       0xe8 zephyr/subsys/bluetooth/controller/libsubsys__bluetooth__controller.a(ull_conn.c.obj)
 .text.tx_lll_flush
                0x0000000000034514       0xf4 zephyr/subsys/bluetooth/controller/libsubsys__bluetooth__controller.a(ull_conn.c.obj)
 .text.ctrl_tx_sec_enqueue
                0x0000000000034608       0x84 zephyr/subsys/bluetooth/controller/libsubsys__bluetooth__controller.a(ull_conn.c.obj)
 .text.ticker_stop_op_cb
                0x000000000003468c       0x64 zephyr/subsys/bluetooth/controller/libsubsys__bluetooth__controller.a(ull_conn.c.obj)
 .text.disabled_cb
                0x00000000000346f0       0x40 zephyr/subsys/bluetooth/controller/libsubsys__bluetooth__controller.a(ull_conn.c.obj)
 .text.conn_disable
                0x0000000000034730       0x88 zephyr/subsys/bluetooth/controller/libsubsys__bluetooth__controller.a(ull_conn.c.obj)
 .text.conn_setup_adv_scan_disabled_cb
                0x00000000000347b8       0x40 zephyr/subsys/bluetooth/controller/libsubsys__bluetooth__controller.a(ull_conn.c.obj)
 .text.ticker_start_conn_op_cb
                0x00000000000347f8       0x58 zephyr/subsys/bluetooth/controller/libsubsys__bluetooth__controller.a(ull_conn.c.obj)
 .text.ticker_stop_conn_op_cb
                0x0000000000034850       0x58 zephyr/subsys/bluetooth/controller/libsubsys__bluetooth__controller.a(ull_conn.c.obj)
 .text.ticker_update_conn_op_cb
                0x00000000000348a8       0x40 zephyr/subsys/bluetooth/controller/libsubsys__bluetooth__controller.a(ull_conn.c.obj)
 .text.tx_ull_dequeue
                0x00000000000348e8       0x80 zephyr/subsys/bluetooth/controller/libsubsys__bluetooth__controller.a(ull_conn.c.obj)
 .text.reject_ext_ind_send
                0x0000000000034968       0xdc zephyr/subsys/bluetooth/controller/libsubsys__bluetooth__controller.a(ull_conn.c.obj)
 .text.event_len_prep
                0x0000000000034a44      0x1f0 zephyr/subsys/bluetooth/controller/libsubsys__bluetooth__controller.a(ull_conn.c.obj)
 .text.event_phy_upd_ind_prep
                0x0000000000034c34      0x3c4 zephyr/subsys/bluetooth/controller/libsubsys__bluetooth__controller.a(ull_conn.c.obj)
 .text.ll_conn_acquire
                0x0000000000034ff8        0xc zephyr/subsys/bluetooth/controller/libsubsys__bluetooth__controller.a(ull_conn.c.obj)
                0x0000000000034ff8                ll_conn_acquire
 .text.ll_conn_release
                0x0000000000035004        0xc zephyr/subsys/bluetooth/controller/libsubsys__bluetooth__controller.a(ull_conn.c.obj)
                0x0000000000035004                ll_conn_release
 .text.ll_conn_handle_get
                0x0000000000035010       0x10 zephyr/subsys/bluetooth/controller/libsubsys__bluetooth__controller.a(ull_conn.c.obj)
                0x0000000000035010                ll_conn_handle_get
 .text.ll_conn_get
                0x0000000000035020       0x10 zephyr/subsys/bluetooth/controller/libsubsys__bluetooth__controller.a(ull_conn.c.obj)
                0x0000000000035020                ll_conn_get
 .text.ll_connected_get
                0x0000000000035030       0x24 zephyr/subsys/bluetooth/controller/libsubsys__bluetooth__controller.a(ull_conn.c.obj)
                0x0000000000035030                ll_connected_get
 .text.ll_tx_mem_acquire
                0x0000000000035054        0xc zephyr/subsys/bluetooth/controller/libsubsys__bluetooth__controller.a(ull_conn.c.obj)
                0x0000000000035054                ll_tx_mem_acquire
 .text.ll_tx_mem_release
                0x0000000000035060        0xc zephyr/subsys/bluetooth/controller/libsubsys__bluetooth__controller.a(ull_conn.c.obj)
                0x0000000000035060                ll_tx_mem_release
 .text.ll_tx_mem_enqueue
                0x000000000003506c       0x94 zephyr/subsys/bluetooth/controller/libsubsys__bluetooth__controller.a(ull_conn.c.obj)
                0x000000000003506c                ll_tx_mem_enqueue
 .text.ll_conn_update
                0x0000000000035100      0x128 zephyr/subsys/bluetooth/controller/libsubsys__bluetooth__controller.a(ull_conn.c.obj)
                0x0000000000035100                ll_conn_update
 .text.ll_chm_get
                0x0000000000035228       0x40 zephyr/subsys/bluetooth/controller/libsubsys__bluetooth__controller.a(ull_conn.c.obj)
                0x0000000000035228                ll_chm_get
 .text.ll_terminate_ind_send
                0x0000000000035268       0x78 zephyr/subsys/bluetooth/controller/libsubsys__bluetooth__controller.a(ull_conn.c.obj)
                0x0000000000035268                ll_terminate_ind_send
 .text.ll_feature_req_send
                0x00000000000352e0       0x4c zephyr/subsys/bluetooth/controller/libsubsys__bluetooth__controller.a(ull_conn.c.obj)
                0x00000000000352e0                ll_feature_req_send
 .text.ll_version_ind_send
                0x000000000003532c       0x4c zephyr/subsys/bluetooth/controller/libsubsys__bluetooth__controller.a(ull_conn.c.obj)
                0x000000000003532c                ll_version_ind_send
 .text.ll_length_req_send
                0x0000000000035378       0xa8 zephyr/subsys/bluetooth/controller/libsubsys__bluetooth__controller.a(ull_conn.c.obj)
                0x0000000000035378                ll_length_req_send
 .text.ll_length_default_get
                0x0000000000035420       0x18 zephyr/subsys/bluetooth/controller/libsubsys__bluetooth__controller.a(ull_conn.c.obj)
                0x0000000000035420                ll_length_default_get
 .text.ll_length_default_set
                0x0000000000035438       0x14 zephyr/subsys/bluetooth/controller/libsubsys__bluetooth__controller.a(ull_conn.c.obj)
                0x0000000000035438                ll_length_default_set
 .text.ll_length_max_get
                0x000000000003544c       0x18 zephyr/subsys/bluetooth/controller/libsubsys__bluetooth__controller.a(ull_conn.c.obj)
                0x000000000003544c                ll_length_max_get
 .text.ll_phy_get
                0x0000000000035464       0x3c zephyr/subsys/bluetooth/controller/libsubsys__bluetooth__controller.a(ull_conn.c.obj)
                0x0000000000035464                ll_phy_get
 .text.ll_phy_default_set
                0x00000000000354a0       0x14 zephyr/subsys/bluetooth/controller/libsubsys__bluetooth__controller.a(ull_conn.c.obj)
                0x00000000000354a0                ll_phy_default_set
 .text.ll_phy_req_send
                0x00000000000354b4       0xa4 zephyr/subsys/bluetooth/controller/libsubsys__bluetooth__controller.a(ull_conn.c.obj)
                0x00000000000354b4                ll_phy_req_send
 .text.ll_apto_get
                0x0000000000035558       0x48 zephyr/subsys/bluetooth/controller/libsubsys__bluetooth__controller.a(ull_conn.c.obj)
                0x0000000000035558                ll_apto_get
 .text.ll_apto_set
                0x00000000000355a0       0x44 zephyr/subsys/bluetooth/controller/libsubsys__bluetooth__controller.a(ull_conn.c.obj)
                0x00000000000355a0                ll_apto_set
 .text.ull_conn_init
                0x00000000000355e4        0x4 zephyr/subsys/bluetooth/controller/libsubsys__bluetooth__controller.a(ull_conn.c.obj)
                0x00000000000355e4                ull_conn_init
 .text.ull_conn_reset
                0x00000000000355e8       0x7c zephyr/subsys/bluetooth/controller/libsubsys__bluetooth__controller.a(ull_conn.c.obj)
                0x00000000000355e8                ull_conn_reset
 .text.ull_conn_default_tx_octets_get
                0x0000000000035664        0xc zephyr/subsys/bluetooth/controller/libsubsys__bluetooth__controller.a(ull_conn.c.obj)
                0x0000000000035664                ull_conn_default_tx_octets_get
 .text.ull_conn_default_tx_time_get
                0x0000000000035670        0xc zephyr/subsys/bluetooth/controller/libsubsys__bluetooth__controller.a(ull_conn.c.obj)
                0x0000000000035670                ull_conn_default_tx_time_get
 .text.ull_conn_default_phy_tx_get
                0x000000000003567c        0xc zephyr/subsys/bluetooth/controller/libsubsys__bluetooth__controller.a(ull_conn.c.obj)
                0x000000000003567c                ull_conn_default_phy_tx_get
 .text.ull_conn_default_phy_rx_get
                0x0000000000035688        0xc zephyr/subsys/bluetooth/controller/libsubsys__bluetooth__controller.a(ull_conn.c.obj)
                0x0000000000035688                ull_conn_default_phy_rx_get
 .text.ull_conn_setup
                0x0000000000035694       0x50 zephyr/subsys/bluetooth/controller/libsubsys__bluetooth__controller.a(ull_conn.c.obj)
                0x0000000000035694                ull_conn_setup
 .text.ull_conn_rx
                0x00000000000356e4     0x1894 zephyr/subsys/bluetooth/controller/libsubsys__bluetooth__controller.a(ull_conn.c.obj)
                0x00000000000356e4                ull_conn_rx
 .text.ull_conn_llcp
                0x0000000000036f78     0x14b0 zephyr/subsys/bluetooth/controller/libsubsys__bluetooth__controller.a(ull_conn.c.obj)
                0x0000000000036f78                ull_conn_llcp
 .text.ull_conn_tx_demux
                0x0000000000038428       0xa0 zephyr/subsys/bluetooth/controller/libsubsys__bluetooth__controller.a(ull_conn.c.obj)
                0x0000000000038428                ull_conn_tx_demux
 .text.conn_cleanup
                0x00000000000384c8      0x104 zephyr/subsys/bluetooth/controller/libsubsys__bluetooth__controller.a(ull_conn.c.obj)
 .text.ull_conn_done
                0x00000000000385cc      0x30c zephyr/subsys/bluetooth/controller/libsubsys__bluetooth__controller.a(ull_conn.c.obj)
                0x00000000000385cc                ull_conn_done
 .text.ull_conn_tx_lll_enqueue
                0x00000000000388d8      0x198 zephyr/subsys/bluetooth/controller/libsubsys__bluetooth__controller.a(ull_conn.c.obj)
                0x00000000000388d8                ull_conn_tx_lll_enqueue
 .text.tx_demux
                0x0000000000038a70       0x18 zephyr/subsys/bluetooth/controller/libsubsys__bluetooth__controller.a(ull_conn.c.obj)
 .text.ull_conn_link_tx_release